Archive member included because of file (symbol)

..\..\..\Downloads\arm-none-eabi\lib\stm32plus-040000\libstm32plus-small-f030-8000000.a(Exti4_15InterruptHandler.o)
                              obj\release\main.o (stm32plus::ExtiPeripheral<8192ul>::_extiInstance)
..\..\..\Downloads\arm-none-eabi\lib\stm32plus-040000\libstm32plus-small-f030-8000000.a(MillisecondTimer.o)
                              obj\release\main.o (stm32plus::MillisecondTimer::initialise())
..\..\..\Downloads\arm-none-eabi\lib\stm32plus-040000\libstm32plus-small-f030-8000000.a(stm32f0xx_exti.o)
                              obj\release\main.o (EXTI_Init)
..\..\..\Downloads\arm-none-eabi\lib\stm32plus-040000\libstm32plus-small-f030-8000000.a(stm32f0xx_gpio.o)
                              obj\release\main.o (GPIO_Init)
..\..\..\Downloads\arm-none-eabi\lib\stm32plus-040000\libstm32plus-small-f030-8000000.a(stm32f0xx_misc.o)
                              obj\release\main.o (NVIC_Init)
..\..\..\Downloads\arm-none-eabi\lib\stm32plus-040000\libstm32plus-small-f030-8000000.a(stm32f0xx_rcc.o)
                              obj\release\main.o (RCC_AHBPeriphClockCmd)
..\..\..\Downloads\arm-none-eabi\lib\stm32plus-040000\libstm32plus-small-f030-8000000.a(stm32f0xx_syscfg.o)
                              obj\release\main.o (SYSCFG_EXTILineConfig)
..\..\..\Downloads\arm-none-eabi\lib\stm32plus-040000\libstm32plus-small-f030-8000000.a(stm32f0xx_tim.o)
                              obj\release\main.o (TIM_TimeBaseInit)
c:/program files (x86)/emblocks/2.30/share/em_armgcc/bin/../lib/gcc/arm-none-eabi/4.7.3/armv6-m\libgcc.a(_thumb1_case_uqi.o)
                              ..\..\..\Downloads\arm-none-eabi\lib\stm32plus-040000\libstm32plus-small-f030-8000000.a(stm32f0xx_rcc.o) (__gnu_thumb1_case_uqi)
c:/program files (x86)/emblocks/2.30/share/em_armgcc/bin/../lib/gcc/arm-none-eabi/4.7.3/armv6-m\libgcc.a(_udivsi3.o)
                              obj\release\system.o (__aeabi_uidiv)
c:/program files (x86)/emblocks/2.30/share/em_armgcc/bin/../lib/gcc/arm-none-eabi/4.7.3/armv6-m\libgcc.a(_dvmd_tls.o)
                              c:/program files (x86)/emblocks/2.30/share/em_armgcc/bin/../lib/gcc/arm-none-eabi/4.7.3/armv6-m\libgcc.a(_udivsi3.o) (__aeabi_idiv0)
c:/program files (x86)/emblocks/2.30/share/em_armgcc/bin/../lib/gcc/arm-none-eabi/4.7.3/../../../../arm-none-eabi/lib/armv6-m\libc_f.a(lib_a-malloc.o)
                              obj\release\main.o (malloc)
c:/program files (x86)/emblocks/2.30/share/em_armgcc/bin/../lib/gcc/arm-none-eabi/4.7.3/../../../../arm-none-eabi/lib/armv6-m\libc_f.a(lib_a-mallocr.o)
                              c:/program files (x86)/emblocks/2.30/share/em_armgcc/bin/../lib/gcc/arm-none-eabi/4.7.3/../../../../arm-none-eabi/lib/armv6-m\libc_f.a(lib_a-malloc.o) (_malloc_r)
c:/program files (x86)/emblocks/2.30/share/em_armgcc/bin/../lib/gcc/arm-none-eabi/4.7.3/../../../../arm-none-eabi/lib/armv6-m\libc_f.a(lib_a-mlock.o)
                              c:/program files (x86)/emblocks/2.30/share/em_armgcc/bin/../lib/gcc/arm-none-eabi/4.7.3/../../../../arm-none-eabi/lib/armv6-m\libc_f.a(lib_a-mallocr.o) (__malloc_lock)
c:/program files (x86)/emblocks/2.30/share/em_armgcc/bin/../lib/gcc/arm-none-eabi/4.7.3/../../../../arm-none-eabi/lib/armv6-m\libc_f.a(lib_a-sbrkr.o)
                              c:/program files (x86)/emblocks/2.30/share/em_armgcc/bin/../lib/gcc/arm-none-eabi/4.7.3/../../../../arm-none-eabi/lib/armv6-m\libc_f.a(lib_a-mallocr.o) (_sbrk_r)
c:/program files (x86)/emblocks/2.30/share/em_armgcc/bin/../lib/gcc/arm-none-eabi/4.7.3/../../../../arm-none-eabi/lib/armv6-m\libc_f.a(lib_a-freer.o)
                              c:/program files (x86)/emblocks/2.30/share/em_armgcc/bin/../lib/gcc/arm-none-eabi/4.7.3/../../../../arm-none-eabi/lib/armv6-m\libc_f.a(lib_a-malloc.o) (_free_r)
c:/program files (x86)/emblocks/2.30/share/em_armgcc/bin/../lib/gcc/arm-none-eabi/4.7.3/../../../../arm-none-eabi/lib/armv6-m\libc_f.a(lib_a-impure.o)
                              c:/program files (x86)/emblocks/2.30/share/em_armgcc/bin/../lib/gcc/arm-none-eabi/4.7.3/../../../../arm-none-eabi/lib/armv6-m\libc_f.a(lib_a-malloc.o) (_impure_ptr)
c:/program files (x86)/emblocks/2.30/share/em_armgcc/bin/../lib/gcc/arm-none-eabi/4.7.3/../../../../arm-none-eabi/lib/armv6-m\libc_f.a(lib_a-reent.o)
                              c:/program files (x86)/emblocks/2.30/share/em_armgcc/bin/../lib/gcc/arm-none-eabi/4.7.3/../../../../arm-none-eabi/lib/armv6-m\libc_f.a(lib_a-sbrkr.o) (errno)

Allocating common symbols
Common symbol       size              file

errno               0x4               c:/program files (x86)/emblocks/2.30/share/em_armgcc/bin/../lib/gcc/arm-none-eabi/4.7.3/../../../../arm-none-eabi/lib/armv6-m\libc_f.a(lib_a-reent.o)

Discarded input sections

 .text          0x00000000       0x14 obj\release\startup.o
 .data          0x00000000        0x0 obj\release\startup.o
 .bss           0x00000000        0x0 obj\release\startup.o
[...]
Memory Configuration

Name             Origin             Length             Attributes
FLASH            0x08000000         0x00010000         xr
RAM              0x20000000         0x00002000         xrw
MEMORY_B1        0x60000000         0x00000000         xr
*default*        0x00000000         0xffffffff

Linker script and memory map

                0x00000000                __HEAP_SIZE = 0x0
                0x00001000                __STACK_SIZE = 0x1000
                0x20002000                _estack = 0x20002000
                0x00000000                _Min_Heap_Size = 0x0
                0x00000400                _Min_Stack_Size = 0x400

.isr_vector     0x08000000       0xb8
                0x08000000                . = ALIGN (0x4)
 *(.isr_vector)
 .isr_vector    0x08000000       0xb8 obj\release\startup.o
                0x08000000                g_pfnVectors
                0x080000b8                . = ALIGN (0x4)

.text           0x080000b8     0x1260
                0x080000b8                . = ALIGN (0x4)
 *(.text)
 .text          0x080000b8       0x9c c:/program files (x86)/emblocks/2.30/share/em_armgcc/bin/../lib/gcc/arm-none-eabi/4.7.3/armv6-m\libgcc.a(_udivsi3.o)
                0x080000b8                __aeabi_uidiv
                0x080000b8                __udivsi3
                0x08000140                __aeabi_uidivmod
 .text          0x08000154        0x4 c:/program files (x86)/emblocks/2.30/share/em_armgcc/bin/../lib/gcc/arm-none-eabi/4.7.3/armv6-m\libgcc.a(_dvmd_tls.o)
                0x08000154                __aeabi_idiv0
                0x08000154                __aeabi_ldiv0
 *(.text*)
 .text.Reset_Handler
                0x08000158       0x4c obj\release\startup.o
                0x08000158                Reset_Handler
 .text.Default_Handler
                0x080001a4        0x2 obj\release\startup.o
                0x080001a4                TIM1_CC_IRQHandler
                0x080001a4                HardFault_Handler
                0x080001a4                PendSV_Handler
                0x080001a4                NMI_Handler
                0x080001a4                I2C1_IRQHandler
                0x080001a4                SPI1_IRQHandler
                0x080001a4                EXTI2_3_IRQHandler
                0x080001a4                ADC1_IRQHandler
                0x080001a4                I2C2_IRQHandler
                0x080001a4                TIM17_IRQHandler
                0x080001a4                RTC_IRQHandler
                0x080001a4                TIM16_IRQHandler
                0x080001a4                TIM3_IRQHandler
                0x080001a4                RCC_IRQHandler
                0x080001a4                DMA1_Channel1_IRQHandler
                0x080001a4                Default_Handler
                0x080001a4                TIM14_IRQHandler
                0x080001a4                DMA1_Channel4_5_IRQHandler
                0x080001a4                TIM15_IRQHandler
                0x080001a4                EXTI0_1_IRQHandler
                0x080001a4                SPI2_IRQHandler
                0x080001a4                SVC_Handler
                0x080001a4                WWDG_IRQHandler
                0x080001a4                DMA1_Channel2_3_IRQHandler
                0x080001a4                USART2_IRQHandler
                0x080001a4                FLASH_IRQHandler
                0x080001a4                USART1_IRQHandler
                0x080001a4                TIM1_BRK_UP_TRG_COM_IRQHandler
 *fill*         0x080001a6        0x2 
 .text.SystemInit
                0x080001a8       0xb8 obj\release\system.o
                0x080001a8                SystemInit
 .text._ZN2IR16Exti_onInterruptEh
                0x08000260       0x64 obj\release\main.o
                0x08000260                IR::Exti_onInterrupt(unsigned char)
 .text._ZN9stm32plus6Timer3IINS_25TimerInternalClockFeatureEEEC2Ev
                0x080002c4       0x7c obj\release\main.o
                0x080002c4                stm32plus::Timer3<stm32plus::TimerInternalClockFeature>::Timer3()
                0x080002c4                stm32plus::Timer3<stm32plus::TimerInternalClockFeature>::Timer3()
                0x080002c4                stm32plus::Timer3<stm32plus::TimerInternalClockFeature>::Timer3()
                0x080002c4                stm32plus::Timer3<stm32plus::TimerInternalClockFeature>::Timer3()
 .text._ZN9stm32plus8GpioPortILm1207961600EINS_19DigitalInputFeatureIL17GPIOSpeed_TypeDef3ELNS_4Gpio18GpioPullUpDownTypeE0EILh13EEEEEEC2Ev
                0x08000340       0x5c obj\release\main.o
                0x08000340                stm32plus::GpioPort<1207961600ul, stm32plus::DigitalInputFeature<(GPIOSpeed_TypeDef)3, (stm32plus::Gpio::GpioPullUpDownType)0, (unsigned char)13> >::GpioPort()
                0x08000340                stm32plus::GpioPort<1207961600ul, stm32plus::DigitalInputFeature<(GPIOSpeed_TypeDef)3, (stm32plus::Gpio::GpioPullUpDownType)0, (unsigned char)13> >::GpioPort()
                0x08000340                stm32plus::GpioPort<1207961600ul, stm32plus::DigitalInputFeature<(GPIOSpeed_TypeDef)3, (stm32plus::Gpio::GpioPullUpDownType)0, (unsigned char)13> >::GpioPort()
                0x08000340                stm32plus::GpioPort<1207961600ul, stm32plus::DigitalInputFeature<(GPIOSpeed_TypeDef)3, (stm32plus::Gpio::GpioPullUpDownType)0, (unsigned char)13> >::GpioPort()
 .text._ZN2IRC2Ev
                0x0800039c      0x230 obj\release\main.o
                0x0800039c                IR::IR()
                0x0800039c                IR::IR()
 .text._ZN9stm32plus8GpioPortILm1207959552EINS_20DigitalOutputFeatureIL17GPIOSpeed_TypeDef3ELNS_4Gpio14GpioOutputTypeE1ELNS3_18GpioPullUpDownTypeE0EILh5EEEEEEC2Ev
                0x080005cc       0x5c obj\release\main.o
                0x080005cc                stm32plus::GpioPort<1207959552ul, stm32plus::DigitalOutputFeature<(GPIOSpeed_TypeDef)3, (stm32plus::Gpio::GpioOutputType)1, (stm32plus::Gpio::GpioPullUpDownType)0, (unsigned char)5> >::GpioPort()
                0x080005cc                stm32plus::GpioPort<1207959552ul, stm32plus::DigitalOutputFeature<(GPIOSpeed_TypeDef)3, (stm32plus::Gpio::GpioOutputType)1, (stm32plus::Gpio::GpioPullUpDownType)0, (unsigned char)5> >::GpioPort()
                0x080005cc                stm32plus::GpioPort<1207959552ul, stm32plus::DigitalOutputFeature<(GPIOSpeed_TypeDef)3, (stm32plus::Gpio::GpioOutputType)1, (stm32plus::Gpio::GpioPullUpDownType)0, (unsigned char)5> >::GpioPort()
                0x080005cc                stm32plus::GpioPort<1207959552ul, stm32plus::DigitalOutputFeature<(GPIOSpeed_TypeDef)3, (stm32plus::Gpio::GpioOutputType)1, (stm32plus::Gpio::GpioPullUpDownType)0, (unsigned char)5> >::GpioPort()
 .text.startup.main
                0x08000628       0x20 obj\release\main.o
                0x08000628                main
 .text._ZnwjPv  0x08000648        0x4 obj\release\libraryhacks.o
                0x08000648                operator new(unsigned int, void*)
 .text._sbrk    0x0800064c       0x20 obj\release\libraryhacks.o
                0x0800064c                _sbrk
 .text._ZNK12fastdelegate13FastDelegate1IhvEclEh
                0x0800066c       0x20 ..\..\..\Downloads\arm-none-eabi\lib\stm32plus-040000\libstm32plus-small-f030-8000000.a(Exti4_15InterruptHandler.o)
                0x0800066c                fastdelegate::FastDelegate1<unsigned char, void>::operator()(unsigned char) const
 .text._ZNK4wink6signalINS_4slotIFvhEEEE10raiseEventIIiEEEvDpOT_
                0x0800068c       0x32 ..\..\..\Downloads\arm-none-eabi\lib\stm32plus-040000\libstm32plus-small-f030-8000000.a(Exti4_15InterruptHandler.o)
                0x0800068c                void wink::signal<wink::slot<void (unsigned char)> >::raiseEvent<int>(int&&) const
                0x0800068c                void wink::signal<wink::slot<void (unsigned char)> >::raiseEvent<int>(int&&) const
 *fill*         0x080006be        0x2 
 .text.EXTI4_15_IRQHandler
                0x080006c0      0x1d8 ..\..\..\Downloads\arm-none-eabi\lib\stm32plus-040000\libstm32plus-small-f030-8000000.a(Exti4_15InterruptHandler.o)
                0x080006c0                EXTI4_15_IRQHandler
 .text._ZN9stm32plus16MillisecondTimer10initialiseEv
                0x08000898       0x4c ..\..\..\Downloads\arm-none-eabi\lib\stm32plus-040000\libstm32plus-small-f030-8000000.a(MillisecondTimer.o)
                0x08000898                stm32plus::MillisecondTimer::initialise()
 .text.SysTick_Handler
                0x080008e4       0x10 ..\..\..\Downloads\arm-none-eabi\lib\stm32plus-040000\libstm32plus-small-f030-8000000.a(MillisecondTimer.o)
                0x080008e4                SysTick_Handler
 .text.EXTI_Init
                0x080008f4       0x68 ..\..\..\Downloads\arm-none-eabi\lib\stm32plus-040000\libstm32plus-small-f030-8000000.a(stm32f0xx_exti.o)
                0x080008f4                EXTI_Init
 .text.EXTI_GetITStatus
                0x0800095c       0x10 ..\..\..\Downloads\arm-none-eabi\lib\stm32plus-040000\libstm32plus-small-f030-8000000.a(stm32f0xx_exti.o)
                0x0800095c                EXTI_GetITStatus
 .text.EXTI_ClearITPendingBit
                0x0800096c        0xc ..\..\..\Downloads\arm-none-eabi\lib\stm32plus-040000\libstm32plus-small-f030-8000000.a(stm32f0xx_exti.o)
                0x0800096c                EXTI_ClearITPendingBit
 .text.GPIO_Init
                0x08000978       0x76 ..\..\..\Downloads\arm-none-eabi\lib\stm32plus-040000\libstm32plus-small-f030-8000000.a(stm32f0xx_gpio.o)
                0x08000978                GPIO_Init
 .text.GPIO_ReadInputDataBit
                0x080009ee        0xa ..\..\..\Downloads\arm-none-eabi\lib\stm32plus-040000\libstm32plus-small-f030-8000000.a(stm32f0xx_gpio.o)
                0x080009ee                GPIO_ReadInputDataBit
 .text.NVIC_Init
                0x080009f8       0x54 ..\..\..\Downloads\arm-none-eabi\lib\stm32plus-040000\libstm32plus-small-f030-8000000.a(stm32f0xx_misc.o)
                0x080009f8                NVIC_Init
 .text.RCC_AHBPeriphClockCmd
                0x08000a4c       0x18 ..\..\..\Downloads\arm-none-eabi\lib\stm32plus-040000\libstm32plus-small-f030-8000000.a(stm32f0xx_rcc.o)
                0x08000a4c                RCC_AHBPeriphClockCmd
 .text.RCC_APB2PeriphClockCmd
                0x08000a64       0x18 ..\..\..\Downloads\arm-none-eabi\lib\stm32plus-040000\libstm32plus-small-f030-8000000.a(stm32f0xx_rcc.o)
                0x08000a64                RCC_APB2PeriphClockCmd
 .text.RCC_APB1PeriphClockCmd
                0x08000a7c       0x18 ..\..\..\Downloads\arm-none-eabi\lib\stm32plus-040000\libstm32plus-small-f030-8000000.a(stm32f0xx_rcc.o)
                0x08000a7c                RCC_APB1PeriphClockCmd
 .text.SYSCFG_EXTILineConfig
                0x08000a94       0x28 ..\..\..\Downloads\arm-none-eabi\lib\stm32plus-040000\libstm32plus-small-f030-8000000.a(stm32f0xx_syscfg.o)
                0x08000a94                SYSCFG_EXTILineConfig
 .text.TIM_TimeBaseInit
                0x08000abc       0x74 ..\..\..\Downloads\arm-none-eabi\lib\stm32plus-040000\libstm32plus-small-f030-8000000.a(stm32f0xx_tim.o)
                0x08000abc                TIM_TimeBaseInit
 .text.TIM_TimeBaseStructInit
                0x08000b30       0x12 ..\..\..\Downloads\arm-none-eabi\lib\stm32plus-040000\libstm32plus-small-f030-8000000.a(stm32f0xx_tim.o)
                0x08000b30                TIM_TimeBaseStructInit
 .text.TIM_SetCounter
                0x08000b42        0x4 ..\..\..\Downloads\arm-none-eabi\lib\stm32plus-040000\libstm32plus-small-f030-8000000.a(stm32f0xx_tim.o)
                0x08000b42                TIM_SetCounter
 .text.TIM_GetCounter
                0x08000b46        0x4 ..\..\..\Downloads\arm-none-eabi\lib\stm32plus-040000\libstm32plus-small-f030-8000000.a(stm32f0xx_tim.o)
                0x08000b46                TIM_GetCounter
 .text.TIM_Cmd  0x08000b4a       0x14 ..\..\..\Downloads\arm-none-eabi\lib\stm32plus-040000\libstm32plus-small-f030-8000000.a(stm32f0xx_tim.o)
                0x08000b4a                TIM_Cmd
 .text.TIM_InternalClockConfig
                0x08000b5e        0xa ..\..\..\Downloads\arm-none-eabi\lib\stm32plus-040000\libstm32plus-small-f030-8000000.a(stm32f0xx_tim.o)
                0x08000b5e                TIM_InternalClockConfig
 .text.malloc   0x08000b68       0x14 c:/program files (x86)/emblocks/2.30/share/em_armgcc/bin/../lib/gcc/arm-none-eabi/4.7.3/../../../../arm-none-eabi/lib/armv6-m\libc_f.a(lib_a-malloc.o)
                0x08000b68                malloc
 .text._malloc_r
                0x08000b7c      0x538 c:/program files (x86)/emblocks/2.30/share/em_armgcc/bin/../lib/gcc/arm-none-eabi/4.7.3/../../../../arm-none-eabi/lib/armv6-m\libc_f.a(lib_a-mallocr.o)
                0x08000b7c                _malloc_r
 .text.__malloc_lock
                0x080010b4        0x4 c:/program files (x86)/emblocks/2.30/share/em_armgcc/bin/../lib/gcc/arm-none-eabi/4.7.3/../../../../arm-none-eabi/lib/armv6-m\libc_f.a(lib_a-mlock.o)
                0x080010b4                __malloc_lock
 .text.__malloc_unlock
                0x080010b8        0x4 c:/program files (x86)/emblocks/2.30/share/em_armgcc/bin/../lib/gcc/arm-none-eabi/4.7.3/../../../../arm-none-eabi/lib/armv6-m\libc_f.a(lib_a-mlock.o)
                0x080010b8                __malloc_unlock
 .text._sbrk_r  0x080010bc       0x24 c:/program files (x86)/emblocks/2.30/share/em_armgcc/bin/../lib/gcc/arm-none-eabi/4.7.3/../../../../arm-none-eabi/lib/armv6-m\libc_f.a(lib_a-sbrkr.o)
                0x080010bc                _sbrk_r
 .text._malloc_trim_r
                0x080010e0       0xa0 c:/program files (x86)/emblocks/2.30/share/em_armgcc/bin/../lib/gcc/arm-none-eabi/4.7.3/../../../../arm-none-eabi/lib/armv6-m\libc_f.a(lib_a-freer.o)
                0x080010e0                _malloc_trim_r
 .text._free_r  0x08001180      0x194 c:/program files (x86)/emblocks/2.30/share/em_armgcc/bin/../lib/gcc/arm-none-eabi/4.7.3/../../../../arm-none-eabi/lib/armv6-m\libc_f.a(lib_a-freer.o)
                0x08001180                _free_r
 *(.rodata)
 *(.rodata*)
 .rodata.str1.4
                0x08001314        0x4 c:/program files (x86)/emblocks/2.30/share/em_armgcc/bin/../lib/gcc/arm-none-eabi/4.7.3/../../../../arm-none-eabi/lib/armv6-m\libc_f.a(lib_a-impure.o)
 *(.glue_7)
 .glue_7        0x00000000        0x0 linker stubs
 *(.glue_7t)
 .glue_7t       0x00000000        0x0 linker stubs
 *(.eh_frame)
 *(.init)
 *(.fini)
                0x08001318                . = ALIGN (0x4)
                0x08001318                _etext = .

.vfp11_veneer   0x08001318        0x0
 .vfp11_veneer  0x00000000        0x0 linker stubs

.v4_bx          0x08001318        0x0
 .v4_bx         0x00000000        0x0 linker stubs

.iplt           0x08001318        0x0
 .iplt          0x00000000        0x0 obj\release\startup.o

.rel.dyn        0x08001318        0x0
 .rel.iplt      0x00000000        0x0 obj\release\startup.o

.ARM.extab
 *(.ARM.extab* .gnu.linkonce.armextab.*)

.ARM            0x08001318        0x0
                0x08001318                __exidx_start = .
 *(.ARM.exidx*)
                0x08001318                __exidx_end = .

.preinit_array  0x08001318        0x0
                0x08001318                PROVIDE (__preinit_array_start, .)
 *(.preinit_array*)
                0x08001318                PROVIDE (__preinit_array_end, .)

.init_array     0x08001318        0x0
                0x08001318                PROVIDE (__init_array_start, .)
 *(SORT(.init_array.*))
 *(.init_array*)
                0x08001318                PROVIDE (__init_array_end, .)

.fini_array     0x08001318        0x0
                0x08001318                PROVIDE (__fini_array_start, .)
 *(.fini_array*)
 *(SORT(.fini_array.*))
                0x08001318                PROVIDE (__fini_array_end, .)
                0x08001318                _sidata = .

.data           0x20000000      0x844 load address 0x08001318
                0x20000000                . = ALIGN (0x4)
                0x20000000                _sdata = .
 *(.data)
 *(.data*)
 .data.SystemCoreClock
                0x20000000        0x4 obj\release\system.o
                0x20000000                SystemCoreClock
 .data.__malloc_av_
                0x20000004      0x408 c:/program files (x86)/emblocks/2.30/share/em_armgcc/bin/../lib/gcc/arm-none-eabi/4.7.3/../../../../arm-none-eabi/lib/armv6-m\libc_f.a(lib_a-mallocr.o)
                0x20000004                __malloc_av_
 .data.__malloc_trim_threshold
                0x2000040c        0x4 c:/program files (x86)/emblocks/2.30/share/em_armgcc/bin/../lib/gcc/arm-none-eabi/4.7.3/../../../../arm-none-eabi/lib/armv6-m\libc_f.a(lib_a-mallocr.o)
                0x2000040c                __malloc_trim_threshold
 .data.__malloc_sbrk_base
                0x20000410        0x4 c:/program files (x86)/emblocks/2.30/share/em_armgcc/bin/../lib/gcc/arm-none-eabi/4.7.3/../../../../arm-none-eabi/lib/armv6-m\libc_f.a(lib_a-mallocr.o)
                0x20000410                __malloc_sbrk_base
 *fill*         0x20000414        0x4 
 .data.impure_data
                0x20000418      0x428 c:/program files (x86)/emblocks/2.30/share/em_armgcc/bin/../lib/gcc/arm-none-eabi/4.7.3/../../../../arm-none-eabi/lib/armv6-m\libc_f.a(lib_a-impure.o)
 .data._impure_ptr
                0x20000840        0x4 c:/program files (x86)/emblocks/2.30/share/em_armgcc/bin/../lib/gcc/arm-none-eabi/4.7.3/../../../../arm-none-eabi/lib/armv6-m\libc_f.a(lib_a-impure.o)
                0x20000840                _impure_ptr
                0x20000844                . = ALIGN (0x4)
                0x20000844                _edata = .

.igot.plt       0x20000844        0x0 load address 0x08001b5c
 .igot.plt      0x00000000        0x0 obj\release\startup.o
                0x20000844                . = ALIGN (0x4)

.bss            0x20000844       0x78 load address 0x08001b5c
                0x20000844                _sbss = .
                0x20000844                __bss_start__ = _sbss
 *(.bss)
 *(.bss*)
 .bss._ZN9stm32plus20ExtiInterruptEnablerILh13EE13_forceLinkageE
                0x20000844        0x4 obj\release\main.o
                0x20000844                stm32plus::ExtiInterruptEnabler<(unsigned char)13>::_forceLinkage
 .bss._ZNSt23__malloc_alloc_templateILi0EE26__malloc_alloc_oom_handlerE
                0x20000848        0x4 obj\release\main.o
                0x20000848                std::__malloc_alloc_template<0>::__malloc_alloc_oom_handler
 .bss._ZZ5_sbrkE4heap
                0x2000084c        0x4 obj\release\libraryhacks.o
 .bss._ZN9stm32plus14ExtiPeripheralILm512EE13_extiInstanceE
                0x20000850        0x4 ..\..\..\Downloads\arm-none-eabi\lib\stm32plus-040000\libstm32plus-small-f030-8000000.a(Exti4_15InterruptHandler.o)
                0x20000850                stm32plus::ExtiPeripheral<512ul>::_extiInstance
 .bss._ZN9stm32plus14ExtiPeripheralILm16384EE13_extiInstanceE
                0x20000854        0x4 ..\..\..\Downloads\arm-none-eabi\lib\stm32plus-040000\libstm32plus-small-f030-8000000.a(Exti4_15InterruptHandler.o)
                0x20000854                stm32plus::ExtiPeripheral<16384ul>::_extiInstance
 .bss._ZN9stm32plus14ExtiPeripheralILm4096EE13_extiInstanceE
                0x20000858        0x4 ..\..\..\Downloads\arm-none-eabi\lib\stm32plus-040000\libstm32plus-small-f030-8000000.a(Exti4_15InterruptHandler.o)
                0x20000858                stm32plus::ExtiPeripheral<4096ul>::_extiInstance
 .bss._ZN9stm32plus14ExtiPeripheralILm32EE13_extiInstanceE
                0x2000085c        0x4 ..\..\..\Downloads\arm-none-eabi\lib\stm32plus-040000\libstm32plus-small-f030-8000000.a(Exti4_15InterruptHandler.o)
                0x2000085c                stm32plus::ExtiPeripheral<32ul>::_extiInstance
 .bss._ZN9stm32plus14ExtiPeripheralILm128EE13_extiInstanceE
                0x20000860        0x4 ..\..\..\Downloads\arm-none-eabi\lib\stm32plus-040000\libstm32plus-small-f030-8000000.a(Exti4_15InterruptHandler.o)
                0x20000860                stm32plus::ExtiPeripheral<128ul>::_extiInstance
 .bss._ZN9stm32plus14ExtiPeripheralILm16EE13_extiInstanceE
                0x20000864        0x4 ..\..\..\Downloads\arm-none-eabi\lib\stm32plus-040000\libstm32plus-small-f030-8000000.a(Exti4_15InterruptHandler.o)
                0x20000864                stm32plus::ExtiPeripheral<16ul>::_extiInstance
 .bss._ZN9stm32plus14ExtiPeripheralILm2048EE13_extiInstanceE
                0x20000868        0x4 ..\..\..\Downloads\arm-none-eabi\lib\stm32plus-040000\libstm32plus-small-f030-8000000.a(Exti4_15InterruptHandler.o)
                0x20000868                stm32plus::ExtiPeripheral<2048ul>::_extiInstance
 .bss._ZN9stm32plus14ExtiPeripheralILm64EE13_extiInstanceE
                0x2000086c        0x4 ..\..\..\Downloads\arm-none-eabi\lib\stm32plus-040000\libstm32plus-small-f030-8000000.a(Exti4_15InterruptHandler.o)
                0x2000086c                stm32plus::ExtiPeripheral<64ul>::_extiInstance
 .bss._ZN9stm32plus14ExtiPeripheralILm8192EE13_extiInstanceE
                0x20000870        0x4 ..\..\..\Downloads\arm-none-eabi\lib\stm32plus-040000\libstm32plus-small-f030-8000000.a(Exti4_15InterruptHandler.o)
                0x20000870                stm32plus::ExtiPeripheral<8192ul>::_extiInstance
 .bss._ZN9stm32plus14ExtiPeripheralILm32768EE13_extiInstanceE
                0x20000874        0x4 ..\..\..\Downloads\arm-none-eabi\lib\stm32plus-040000\libstm32plus-small-f030-8000000.a(Exti4_15InterruptHandler.o)
                0x20000874                stm32plus::ExtiPeripheral<32768ul>::_extiInstance
 .bss._ZN9stm32plus14ExtiPeripheralILm1024EE13_extiInstanceE
                0x20000878        0x4 ..\..\..\Downloads\arm-none-eabi\lib\stm32plus-040000\libstm32plus-small-f030-8000000.a(Exti4_15InterruptHandler.o)
                0x20000878                stm32plus::ExtiPeripheral<1024ul>::_extiInstance
 .bss._ZN9stm32plus14ExtiPeripheralILm256EE13_extiInstanceE
                0x2000087c        0x4 ..\..\..\Downloads\arm-none-eabi\lib\stm32plus-040000\libstm32plus-small-f030-8000000.a(Exti4_15InterruptHandler.o)
                0x2000087c                stm32plus::ExtiPeripheral<256ul>::_extiInstance
 .bss._ZN9stm32plus16MillisecondTimer8_counterE
                0x20000880        0x4 ..\..\..\Downloads\arm-none-eabi\lib\stm32plus-040000\libstm32plus-small-f030-8000000.a(MillisecondTimer.o)
                0x20000880                stm32plus::MillisecondTimer::_counter
 .bss.__malloc_max_total_mem
                0x20000884        0x4 c:/program files (x86)/emblocks/2.30/share/em_armgcc/bin/../lib/gcc/arm-none-eabi/4.7.3/../../../../arm-none-eabi/lib/armv6-m\libc_f.a(lib_a-mallocr.o)
                0x20000884                __malloc_max_total_mem
 .bss.__malloc_max_sbrked_mem
                0x20000888        0x4 c:/program files (x86)/emblocks/2.30/share/em_armgcc/bin/../lib/gcc/arm-none-eabi/4.7.3/../../../../arm-none-eabi/lib/armv6-m\libc_f.a(lib_a-mallocr.o)
                0x20000888                __malloc_max_sbrked_mem
 .bss.__malloc_top_pad
                0x2000088c        0x4 c:/program files (x86)/emblocks/2.30/share/em_armgcc/bin/../lib/gcc/arm-none-eabi/4.7.3/../../../../arm-none-eabi/lib/armv6-m\libc_f.a(lib_a-mallocr.o)
                0x2000088c                __malloc_top_pad
 .bss.__malloc_current_mallinfo
                0x20000890       0x28 c:/program files (x86)/emblocks/2.30/share/em_armgcc/bin/../lib/gcc/arm-none-eabi/4.7.3/../../../../arm-none-eabi/lib/armv6-m\libc_f.a(lib_a-mallocr.o)
                0x20000890                __malloc_current_mallinfo
 *(COMMON)
 COMMON         0x200008b8        0x4 c:/program files (x86)/emblocks/2.30/share/em_armgcc/bin/../lib/gcc/arm-none-eabi/4.7.3/../../../../arm-none-eabi/lib/armv6-m\libc_f.a(lib_a-reent.o)
                0x200008b8                errno
                0x200008bc                . = ALIGN (0x4)
                0x200008bc                _ebss = .
                0x200008bc                __bss_end__ = _ebss

._user_heap_stack
                0x200008bc      0x400 load address 0x08001bd4
                0x200008bc                . = ALIGN (0x4)
                0x200008bc                PROVIDE (end, .)
                0x200008bc                PROVIDE (_end, .)
                0x200008bc                . = (. + _Min_Heap_Size)
                0x20000cbc                . = (. + _Min_Stack_Size)
 *fill*         0x200008bc      0x400 
                0x20000cbc                . = ALIGN (0x4)

.memory_b1_text
 *(.mb1text)
 *(.mb1text*)
 *(.mb1rodata)
 *(.mb1rodata*)

/DISCARD/
 libc.a(*)
 libm.a(*)
 libgcc.a(*)

.ARM.attributes
                0x00000000       0x2d
 *(.ARM.attributes)
 .ARM.attributes
                0x00000000       0x21 obj\release\startup.o
 .ARM.attributes
                0x00000021       0x31 obj\release\system.o
 .ARM.attributes
                0x00000052       0x31 obj\release\main.o
 .ARM.attributes
                0x00000083       0x31 obj\release\libraryhacks.o
 .ARM.attributes
                0x000000b4       0x31 ..\..\..\Downloads\arm-none-eabi\lib\stm32plus-040000\libstm32plus-small-f030-8000000.a(Exti4_15InterruptHandler.o)
 .ARM.attributes
                0x000000e5       0x31 ..\..\..\Downloads\arm-none-eabi\lib\stm32plus-040000\libstm32plus-small-f030-8000000.a(MillisecondTimer.o)
 .ARM.attributes
                0x00000116       0x31 ..\..\..\Downloads\arm-none-eabi\lib\stm32plus-040000\libstm32plus-small-f030-8000000.a(stm32f0xx_exti.o)
 .ARM.attributes
                0x00000147       0x31 ..\..\..\Downloads\arm-none-eabi\lib\stm32plus-040000\libstm32plus-small-f030-8000000.a(stm32f0xx_gpio.o)
 .ARM.attributes
                0x00000178       0x31 ..\..\..\Downloads\arm-none-eabi\lib\stm32plus-040000\libstm32plus-small-f030-8000000.a(stm32f0xx_misc.o)
 .ARM.attributes
                0x000001a9       0x31 ..\..\..\Downloads\arm-none-eabi\lib\stm32plus-040000\libstm32plus-small-f030-8000000.a(stm32f0xx_rcc.o)
 .ARM.attributes
                0x000001da       0x31 ..\..\..\Downloads\arm-none-eabi\lib\stm32plus-040000\libstm32plus-small-f030-8000000.a(stm32f0xx_syscfg.o)
 .ARM.attributes
                0x0000020b       0x31 ..\..\..\Downloads\arm-none-eabi\lib\stm32plus-040000\libstm32plus-small-f030-8000000.a(stm32f0xx_tim.o)
 .ARM.attributes
                0x0000023c       0x1e c:/program files (x86)/emblocks/2.30/share/em_armgcc/bin/../lib/gcc/arm-none-eabi/4.7.3/armv6-m\libgcc.a(_udivsi3.o)
 .ARM.attributes
                0x0000025a       0x1e c:/program files (x86)/emblocks/2.30/share/em_armgcc/bin/../lib/gcc/arm-none-eabi/4.7.3/armv6-m\libgcc.a(_dvmd_tls.o)
 .ARM.attributes
                0x00000278       0x28 c:/program files (x86)/emblocks/2.30/share/em_armgcc/bin/../lib/gcc/arm-none-eabi/4.7.3/../../../../arm-none-eabi/lib/armv6-m\libc_f.a(lib_a-malloc.o)
 .ARM.attributes
                0x000002a0       0x28 c:/program files (x86)/emblocks/2.30/share/em_armgcc/bin/../lib/gcc/arm-none-eabi/4.7.3/../../../../arm-none-eabi/lib/armv6-m\libc_f.a(lib_a-mallocr.o)
 .ARM.attributes
                0x000002c8       0x28 c:/program files (x86)/emblocks/2.30/share/em_armgcc/bin/../lib/gcc/arm-none-eabi/4.7.3/../../../../arm-none-eabi/lib/armv6-m\libc_f.a(lib_a-mlock.o)
 .ARM.attributes
                0x000002f0       0x28 c:/program files (x86)/emblocks/2.30/share/em_armgcc/bin/../lib/gcc/arm-none-eabi/4.7.3/../../../../arm-none-eabi/lib/armv6-m\libc_f.a(lib_a-sbrkr.o)
 .ARM.attributes
                0x00000318       0x28 c:/program files (x86)/emblocks/2.30/share/em_armgcc/bin/../lib/gcc/arm-none-eabi/4.7.3/../../../../arm-none-eabi/lib/armv6-m\libc_f.a(lib_a-freer.o)
 .ARM.attributes
                0x00000340       0x28 c:/program files (x86)/emblocks/2.30/share/em_armgcc/bin/../lib/gcc/arm-none-eabi/4.7.3/../../../../arm-none-eabi/lib/armv6-m\libc_f.a(lib_a-impure.o)
 .ARM.attributes
                0x00000368       0x28 c:/program files (x86)/emblocks/2.30/share/em_armgcc/bin/../lib/gcc/arm-none-eabi/4.7.3/../../../../arm-none-eabi/lib/armv6-m\libc_f.a(lib_a-reent.o)
LOAD obj\release\startup.o
LOAD obj\release\system.o
LOAD obj\release\main.o
LOAD obj\release\libraryhacks.o
LOAD c:/program files (x86)/emblocks/2.30/share/em_armgcc/bin/../lib/gcc/arm-none-eabi/4.7.3/../../../../arm-none-eabi/lib/armv6-m\libstdc++.a
LOAD ..\..\..\Downloads\arm-none-eabi\lib\stm32plus-040000\libstm32plus-small-f030-8000000.a
START GROUP
LOAD c:/program files (x86)/emblocks/2.30/share/em_armgcc/bin/../lib/gcc/arm-none-eabi/4.7.3/armv6-m\libgcc.a
LOAD c:/program files (x86)/emblocks/2.30/share/em_armgcc/bin/../lib/gcc/arm-none-eabi/4.7.3/../../../../arm-none-eabi/lib/armv6-m\libc_f.a
LOAD c:/program files (x86)/emblocks/2.30/share/em_armgcc/bin/../lib/gcc/arm-none-eabi/4.7.3/../../../../arm-none-eabi/lib/armv6-m\libg_f.a
LOAD c:/program files (x86)/emblocks/2.30/share/em_armgcc/bin/../lib/gcc/arm-none-eabi/4.7.3/../../../../arm-none-eabi/lib/armv6-m\libm_f.a
LOAD c:/program files (x86)/emblocks/2.30/share/em_armgcc/bin/../lib/gcc/arm-none-eabi/4.7.3/../../../../arm-none-eabi/lib/armv6-m\libnosys_f.a
END GROUP
OUTPUT(bin\Release\IR_int.elf elf32-littlearm)

.debug_line     0x00000000     0x3930
 .debug_line    0x00000000       0x6b obj\release\startup.o
 .debug_line    0x0000006b      0x215 obj\release\system.o
 .debug_line    0x00000280     0x11da obj\release\main.o
 .debug_line    0x0000145a      0x318 obj\release\libraryhacks.o
 .debug_line    0x00001772      0x61b ..\..\..\Downloads\arm-none-eabi\lib\stm32plus-040000\libstm32plus-small-f030-8000000.a(Exti4_15InterruptHandler.o)
 .debug_line    0x00001d8d      0x3d9 ..\..\..\Downloads\arm-none-eabi\lib\stm32plus-040000\libstm32plus-small-f030-8000000.a(MillisecondTimer.o)
 .debug_line    0x00002166      0x1fc ..\..\..\Downloads\arm-none-eabi\lib\stm32plus-040000\libstm32plus-small-f030-8000000.a(stm32f0xx_exti.o)
 .debug_line    0x00002362      0x298 ..\..\..\Downloads\arm-none-eabi\lib\stm32plus-040000\libstm32plus-small-f030-8000000.a(stm32f0xx_gpio.o)
 .debug_line    0x000025fa      0x1ac ..\..\..\Downloads\arm-none-eabi\lib\stm32plus-040000\libstm32plus-small-f030-8000000.a(stm32f0xx_misc.o)
 .debug_line    0x000027a6      0x53d ..\..\..\Downloads\arm-none-eabi\lib\stm32plus-040000\libstm32plus-small-f030-8000000.a(stm32f0xx_rcc.o)
 .debug_line    0x00002ce3      0x1cc ..\..\..\Downloads\arm-none-eabi\lib\stm32plus-040000\libstm32plus-small-f030-8000000.a(stm32f0xx_syscfg.o)
 .debug_line    0x00002eaf      0xa81 ..\..\..\Downloads\arm-none-eabi\lib\stm32plus-040000\libstm32plus-small-f030-8000000.a(stm32f0xx_tim.o)

.debug_info     0x00000000    0x142f1
 .debug_info    0x00000000       0x54 obj\release\startup.o
 .debug_info    0x00000054      0x2f2 obj\release\system.o
 .debug_info    0x00000346     0xa9af obj\release\main.o
 .debug_info    0x0000acf5      0x6aa obj\release\libraryhacks.o
 .debug_info    0x0000b39f     0x4523 ..\..\..\Downloads\arm-none-eabi\lib\stm32plus-040000\libstm32plus-small-f030-8000000.a(Exti4_15InterruptHandler.o)
 .debug_info    0x0000f8c2      0xc2f ..\..\..\Downloads\arm-none-eabi\lib\stm32plus-040000\libstm32plus-small-f030-8000000.a(MillisecondTimer.o)
 .debug_info    0x000104f1      0x343 ..\..\..\Downloads\arm-none-eabi\lib\stm32plus-040000\libstm32plus-small-f030-8000000.a(stm32f0xx_exti.o)
 .debug_info    0x00010834      0x6e7 ..\..\..\Downloads\arm-none-eabi\lib\stm32plus-040000\libstm32plus-small-f030-8000000.a(stm32f0xx_gpio.o)
 .debug_info    0x00010f1b      0x3a2 ..\..\..\Downloads\arm-none-eabi\lib\stm32plus-040000\libstm32plus-small-f030-8000000.a(stm32f0xx_misc.o)
 .debug_info    0x000112bd      0xb3f ..\..\..\Downloads\arm-none-eabi\lib\stm32plus-040000\libstm32plus-small-f030-8000000.a(stm32f0xx_rcc.o)
 .debug_info    0x00011dfc      0x2cf ..\..\..\Downloads\arm-none-eabi\lib\stm32plus-040000\libstm32plus-small-f030-8000000.a(stm32f0xx_syscfg.o)
 .debug_info    0x000120cb     0x2226 ..\..\..\Downloads\arm-none-eabi\lib\stm32plus-040000\libstm32plus-small-f030-8000000.a(stm32f0xx_tim.o)

.debug_abbrev   0x00000000     0x23e0
 .debug_abbrev  0x00000000       0x12 obj\release\startup.o
 .debug_abbrev  0x00000012      0x112 obj\release\system.o
 .debug_abbrev  0x00000124      0xb99 obj\release\main.o
 .debug_abbrev  0x00000cbd      0x254 obj\release\libraryhacks.o
 .debug_abbrev  0x00000f11      0x6c6 ..\..\..\Downloads\arm-none-eabi\lib\stm32plus-040000\libstm32plus-small-f030-8000000.a(Exti4_15InterruptHandler.o)
 .debug_abbrev  0x000015d7      0x278 ..\..\..\Downloads\arm-none-eabi\lib\stm32plus-040000\libstm32plus-small-f030-8000000.a(MillisecondTimer.o)
 .debug_abbrev  0x0000184f      0x1ce ..\..\..\Downloads\arm-none-eabi\lib\stm32plus-040000\libstm32plus-small-f030-8000000.a(stm32f0xx_exti.o)
 .debug_abbrev  0x00001a1d      0x1fb ..\..\..\Downloads\arm-none-eabi\lib\stm32plus-040000\libstm32plus-small-f030-8000000.a(stm32f0xx_gpio.o)
 .debug_abbrev  0x00001c18      0x152 ..\..\..\Downloads\arm-none-eabi\lib\stm32plus-040000\libstm32plus-small-f030-8000000.a(stm32f0xx_misc.o)
 .debug_abbrev  0x00001d6a      0x24c ..\..\..\Downloads\arm-none-eabi\lib\stm32plus-040000\libstm32plus-small-f030-8000000.a(stm32f0xx_rcc.o)
 .debug_abbrev  0x00001fb6      0x18e ..\..\..\Downloads\arm-none-eabi\lib\stm32plus-040000\libstm32plus-small-f030-8000000.a(stm32f0xx_syscfg.o)
 .debug_abbrev  0x00002144      0x29c ..\..\..\Downloads\arm-none-eabi\lib\stm32plus-040000\libstm32plus-small-f030-8000000.a(stm32f0xx_tim.o)

.debug_aranges  0x00000000      0x718
 .debug_aranges
                0x00000000       0x28 obj\release\startup.o
 .debug_aranges
                0x00000028       0x28 obj\release\system.o
 .debug_aranges
                0x00000050       0x48 obj\release\main.o
 .debug_aranges
                0x00000098       0x78 obj\release\libraryhacks.o
 .debug_aranges
                0x00000110       0x30 ..\..\..\Downloads\arm-none-eabi\lib\stm32plus-040000\libstm32plus-small-f030-8000000.a(Exti4_15InterruptHandler.o)
 .debug_aranges
                0x00000140       0x28 ..\..\..\Downloads\arm-none-eabi\lib\stm32plus-040000\libstm32plus-small-f030-8000000.a(MillisecondTimer.o)
 .debug_aranges
                0x00000168       0x58 ..\..\..\Downloads\arm-none-eabi\lib\stm32plus-040000\libstm32plus-small-f030-8000000.a(stm32f0xx_exti.o)
 .debug_aranges
                0x000001c0       0x80 ..\..\..\Downloads\arm-none-eabi\lib\stm32plus-040000\libstm32plus-small-f030-8000000.a(stm32f0xx_gpio.o)
 .debug_aranges
                0x00000240       0x30 ..\..\..\Downloads\arm-none-eabi\lib\stm32plus-040000\libstm32plus-small-f030-8000000.a(stm32f0xx_misc.o)
 .debug_aranges
                0x00000270      0x160 ..\..\..\Downloads\arm-none-eabi\lib\stm32plus-040000\libstm32plus-small-f030-8000000.a(stm32f0xx_rcc.o)
 .debug_aranges
                0x000003d0       0x58 ..\..\..\Downloads\arm-none-eabi\lib\stm32plus-040000\libstm32plus-small-f030-8000000.a(stm32f0xx_syscfg.o)
 .debug_aranges
                0x00000428      0x2f0 ..\..\..\Downloads\arm-none-eabi\lib\stm32plus-040000\libstm32plus-small-f030-8000000.a(stm32f0xx_tim.o)

.debug_ranges   0x00000000      0xdf8
 .debug_ranges  0x00000000       0x20 obj\release\startup.o
 .debug_ranges  0x00000020       0x30 obj\release\system.o
 .debug_ranges  0x00000050      0x720 obj\release\main.o
 .debug_ranges  0x00000770       0x88 obj\release\libraryhacks.o
 .debug_ranges  0x000007f8       0x38 ..\..\..\Downloads\arm-none-eabi\lib\stm32plus-040000\libstm32plus-small-f030-8000000.a(Exti4_15InterruptHandler.o)
 .debug_ranges  0x00000830       0x48 ..\..\..\Downloads\arm-none-eabi\lib\stm32plus-040000\libstm32plus-small-f030-8000000.a(MillisecondTimer.o)
 .debug_ranges  0x00000878       0x48 ..\..\..\Downloads\arm-none-eabi\lib\stm32plus-040000\libstm32plus-small-f030-8000000.a(stm32f0xx_exti.o)
 .debug_ranges  0x000008c0       0x70 ..\..\..\Downloads\arm-none-eabi\lib\stm32plus-040000\libstm32plus-small-f030-8000000.a(stm32f0xx_gpio.o)
 .debug_ranges  0x00000930       0x20 ..\..\..\Downloads\arm-none-eabi\lib\stm32plus-040000\libstm32plus-small-f030-8000000.a(stm32f0xx_misc.o)
 .debug_ranges  0x00000950      0x150 ..\..\..\Downloads\arm-none-eabi\lib\stm32plus-040000\libstm32plus-small-f030-8000000.a(stm32f0xx_rcc.o)
 .debug_ranges  0x00000aa0       0x48 ..\..\..\Downloads\arm-none-eabi\lib\stm32plus-040000\libstm32plus-small-f030-8000000.a(stm32f0xx_syscfg.o)
 .debug_ranges  0x00000ae8      0x310 ..\..\..\Downloads\arm-none-eabi\lib\stm32plus-040000\libstm32plus-small-f030-8000000.a(stm32f0xx_tim.o)

.debug_loc      0x00000000     0x41ac
 .debug_loc     0x00000000      0x132 obj\release\system.o
 .debug_loc     0x00000132      0xbe1 obj\release\main.o
 .debug_loc     0x00000d13      0x1a3 obj\release\libraryhacks.o
 .debug_loc     0x00000eb6      0x250 ..\..\..\Downloads\arm-none-eabi\lib\stm32plus-040000\libstm32plus-small-f030-8000000.a(Exti4_15InterruptHandler.o)
 .debug_loc     0x00001106       0x80 ..\..\..\Downloads\arm-none-eabi\lib\stm32plus-040000\libstm32plus-small-f030-8000000.a(MillisecondTimer.o)
 .debug_loc     0x00001186      0x1d6 ..\..\..\Downloads\arm-none-eabi\lib\stm32plus-040000\libstm32plus-small-f030-8000000.a(stm32f0xx_exti.o)
 .debug_loc     0x0000135c      0x387 ..\..\..\Downloads\arm-none-eabi\lib\stm32plus-040000\libstm32plus-small-f030-8000000.a(stm32f0xx_gpio.o)
 .debug_loc     0x000016e3      0x104 ..\..\..\Downloads\arm-none-eabi\lib\stm32plus-040000\libstm32plus-small-f030-8000000.a(stm32f0xx_misc.o)
 .debug_loc     0x000017e7      0xa30 ..\..\..\Downloads\arm-none-eabi\lib\stm32plus-040000\libstm32plus-small-f030-8000000.a(stm32f0xx_rcc.o)
 .debug_loc     0x00002217      0x1e8 ..\..\..\Downloads\arm-none-eabi\lib\stm32plus-040000\libstm32plus-small-f030-8000000.a(stm32f0xx_syscfg.o)
 .debug_loc     0x000023ff     0x1dad ..\..\..\Downloads\arm-none-eabi\lib\stm32plus-040000\libstm32plus-small-f030-8000000.a(stm32f0xx_tim.o)

.debug_str      0x00000000     0xa781
 .debug_str     0x00000000      0x17f obj\release\system.o
                                0x1d7 (size before relaxing)
 .debug_str     0x0000017f     0x83e2 obj\release\main.o
                               0x8a13 (size before relaxing)
 .debug_str     0x00008561      0x148 obj\release\libraryhacks.o
                                0x30a (size before relaxing)
 .debug_str     0x000086a9      0xc67 ..\..\..\Downloads\arm-none-eabi\lib\stm32plus-040000\libstm32plus-small-f030-8000000.a(Exti4_15InterruptHandler.o)
                               0x3c7b (size before relaxing)
 .debug_str     0x00009310       0xff ..\..\..\Downloads\arm-none-eabi\lib\stm32plus-040000\libstm32plus-small-f030-8000000.a(MillisecondTimer.o)
                                0xa43 (size before relaxing)
 .debug_str     0x0000940f      0x103 ..\..\..\Downloads\arm-none-eabi\lib\stm32plus-040000\libstm32plus-small-f030-8000000.a(stm32f0xx_exti.o)
                                0x2f1 (size before relaxing)
 .debug_str     0x00009512      0x165 ..\..\..\Downloads\arm-none-eabi\lib\stm32plus-040000\libstm32plus-small-f030-8000000.a(stm32f0xx_gpio.o)
                                0x45f (size before relaxing)
 .debug_str     0x00009677       0x9c ..\..\..\Downloads\arm-none-eabi\lib\stm32plus-040000\libstm32plus-small-f030-8000000.a(stm32f0xx_misc.o)
                                0x2ae (size before relaxing)
 .debug_str     0x00009713      0x4de ..\..\..\Downloads\arm-none-eabi\lib\stm32plus-040000\libstm32plus-small-f030-8000000.a(stm32f0xx_rcc.o)
                                0x738 (size before relaxing)
 .debug_str     0x00009bf1      0x164 ..\..\..\Downloads\arm-none-eabi\lib\stm32plus-040000\libstm32plus-small-f030-8000000.a(stm32f0xx_syscfg.o)
                                0x2d3 (size before relaxing)
 .debug_str     0x00009d55      0xa2c ..\..\..\Downloads\arm-none-eabi\lib\stm32plus-040000\libstm32plus-small-f030-8000000.a(stm32f0xx_tim.o)
                                0xdb9 (size before relaxing)

.comment        0x00000000       0xa8
 .comment       0x00000000       0x38 obj\release\system.o
                                 0x39 (size before relaxing)
 .comment       0x00000000       0x39 obj\release\main.o
 .comment       0x00000000       0x39 obj\release\libraryhacks.o
 .comment       0x00000038       0x70 ..\..\..\Downloads\arm-none-eabi\lib\stm32plus-040000\libstm32plus-small-f030-8000000.a(Exti4_15InterruptHandler.o)
                                 0x71 (size before relaxing)
 .comment       0x00000000       0x71 ..\..\..\Downloads\arm-none-eabi\lib\stm32plus-040000\libstm32plus-small-f030-8000000.a(MillisecondTimer.o)
 .comment       0x00000000       0x71 ..\..\..\Downloads\arm-none-eabi\lib\stm32plus-040000\libstm32plus-small-f030-8000000.a(stm32f0xx_exti.o)
 .comment       0x00000000       0x71 ..\..\..\Downloads\arm-none-eabi\lib\stm32plus-040000\libstm32plus-small-f030-8000000.a(stm32f0xx_gpio.o)
 .comment       0x00000000       0x71 ..\..\..\Downloads\arm-none-eabi\lib\stm32plus-040000\libstm32plus-small-f030-8000000.a(stm32f0xx_misc.o)
 .comment       0x00000000       0x71 ..\..\..\Downloads\arm-none-eabi\lib\stm32plus-040000\libstm32plus-small-f030-8000000.a(stm32f0xx_rcc.o)
 .comment       0x00000000       0x71 ..\..\..\Downloads\arm-none-eabi\lib\stm32plus-040000\libstm32plus-small-f030-8000000.a(stm32f0xx_syscfg.o)
 .comment       0x00000000       0x71 ..\..\..\Downloads\arm-none-eabi\lib\stm32plus-040000\libstm32plus-small-f030-8000000.a(stm32f0xx_tim.o)

.debug_frame    0x00000000     0x103c
 .debug_frame   0x00000000       0x40 obj\release\system.o
 .debug_frame   0x00000040       0xc8 obj\release\main.o
 .debug_frame   0x00000108      0x108 obj\release\libraryhacks.o
 .debug_frame   0x00000210       0x6c ..\..\..\Downloads\arm-none-eabi\lib\stm32plus-040000\libstm32plus-small-f030-8000000.a(Exti4_15InterruptHandler.o)
 .debug_frame   0x0000027c       0x38 ..\..\..\Downloads\arm-none-eabi\lib\stm32plus-040000\libstm32plus-small-f030-8000000.a(MillisecondTimer.o)
 .debug_frame   0x000002b4       0x98 ..\..\..\Downloads\arm-none-eabi\lib\stm32plus-040000\libstm32plus-small-f030-8000000.a(stm32f0xx_exti.o)
 .debug_frame   0x0000034c      0x10c ..\..\..\Downloads\arm-none-eabi\lib\stm32plus-040000\libstm32plus-small-f030-8000000.a(stm32f0xx_gpio.o)
 .debug_frame   0x00000458       0x4c ..\..\..\Downloads\arm-none-eabi\lib\stm32plus-040000\libstm32plus-small-f030-8000000.a(stm32f0xx_misc.o)
 .debug_frame   0x000004a4      0x2c4 ..\..\..\Downloads\arm-none-eabi\lib\stm32plus-040000\libstm32plus-small-f030-8000000.a(stm32f0xx_rcc.o)
 .debug_frame   0x00000768       0x9c ..\..\..\Downloads\arm-none-eabi\lib\stm32plus-040000\libstm32plus-small-f030-8000000.a(stm32f0xx_syscfg.o)
 .debug_frame   0x00000804      0x694 ..\..\..\Downloads\arm-none-eabi\lib\stm32plus-040000\libstm32plus-small-f030-8000000.a(stm32f0xx_tim.o)
 .debug_frame   0x00000e98       0x20 c:/program files (x86)/emblocks/2.30/share/em_armgcc/bin/../lib/gcc/arm-none-eabi/4.7.3/armv6-m\libgcc.a(_udivsi3.o)
 .debug_frame   0x00000eb8       0x40 c:/program files (x86)/emblocks/2.30/share/em_armgcc/bin/../lib/gcc/arm-none-eabi/4.7.3/../../../../arm-none-eabi/lib/armv6-m\libc_f.a(lib_a-malloc.o)
 .debug_frame   0x00000ef8       0x3c c:/program files (x86)/emblocks/2.30/share/em_armgcc/bin/../lib/gcc/arm-none-eabi/4.7.3/../../../../arm-none-eabi/lib/armv6-m\libc_f.a(lib_a-mallocr.o)
 .debug_frame   0x00000f34       0x30 c:/program files (x86)/emblocks/2.30/share/em_armgcc/bin/../lib/gcc/arm-none-eabi/4.7.3/../../../../arm-none-eabi/lib/armv6-m\libc_f.a(lib_a-mlock.o)
 .debug_frame   0x00000f64       0x2c c:/program files (x86)/emblocks/2.30/share/em_armgcc/bin/../lib/gcc/arm-none-eabi/4.7.3/../../../../arm-none-eabi/lib/armv6-m\libc_f.a(lib_a-sbrkr.o)
 .debug_frame   0x00000f90       0x54 c:/program files (x86)/emblocks/2.30/share/em_armgcc/bin/../lib/gcc/arm-none-eabi/4.7.3/../../../../arm-none-eabi/lib/armv6-m\libc_f.a(lib_a-freer.o)
 .debug_frame   0x00000fe4       0x58 c:/program files (x86)/emblocks/2.30/share/em_armgcc/bin/../lib/gcc/arm-none-eabi/4.7.3/../../../../arm-none-eabi/lib/armv6-m\libc_f.a(lib_a-reent.o)

Cross Reference Table

Symbol                                            File
ADC1_IRQHandler                                   obj\release\startup.o
AHBPrescTable                                     obj\release\system.o
DMA1_Channel1_IRQHandler                          obj\release\startup.o
DMA1_Channel2_3_IRQHandler                        obj\release\startup.o
DMA1_Channel4_5_IRQHandler                        obj\release\startup.o
Default_Handler                                   obj\release\startup.o
EXTI0_1_IRQHandler                                obj\release\startup.o
EXTI2_3_IRQHandler                                obj\release\startup.o
EXTI4_15_IRQHandler                               ..\..\..\Downloads\arm-none-eabi\lib\stm32plus-040000\libstm32plus-small-f030-8000000.a(Exti4_15InterruptHandler.o)
                                                  obj\release\startup.o
                                                  obj\release\main.o
EXTI_ClearFlag                                    ..\..\..\Downloads\arm-none-eabi\lib\stm32plus-040000\libstm32plus-small-f030-8000000.a(stm32f0xx_exti.o)
EXTI_ClearITPendingBit                            ..\..\..\Downloads\arm-none-eabi\lib\stm32plus-040000\libstm32plus-small-f030-8000000.a(stm32f0xx_exti.o)
                                                  ..\..\..\Downloads\arm-none-eabi\lib\stm32plus-040000\libstm32plus-small-f030-8000000.a(Exti4_15InterruptHandler.o)
EXTI_DeInit                                       ..\..\..\Downloads\arm-none-eabi\lib\stm32plus-040000\libstm32plus-small-f030-8000000.a(stm32f0xx_exti.o)
EXTI_GenerateSWInterrupt                          ..\..\..\Downloads\arm-none-eabi\lib\stm32plus-040000\libstm32plus-small-f030-8000000.a(stm32f0xx_exti.o)
EXTI_GetFlagStatus                                ..\..\..\Downloads\arm-none-eabi\lib\stm32plus-040000\libstm32plus-small-f030-8000000.a(stm32f0xx_exti.o)
EXTI_GetITStatus                                  ..\..\..\Downloads\arm-none-eabi\lib\stm32plus-040000\libstm32plus-small-f030-8000000.a(stm32f0xx_exti.o)
                                                  ..\..\..\Downloads\arm-none-eabi\lib\stm32plus-040000\libstm32plus-small-f030-8000000.a(Exti4_15InterruptHandler.o)
EXTI_Init                                         ..\..\..\Downloads\arm-none-eabi\lib\stm32plus-040000\libstm32plus-small-f030-8000000.a(stm32f0xx_exti.o)
                                                  obj\release\main.o
EXTI_StructInit                                   ..\..\..\Downloads\arm-none-eabi\lib\stm32plus-040000\libstm32plus-small-f030-8000000.a(stm32f0xx_exti.o)
FLASH_IRQHandler                                  obj\release\startup.o
GPIO_DeInit                                       ..\..\..\Downloads\arm-none-eabi\lib\stm32plus-040000\libstm32plus-small-f030-8000000.a(stm32f0xx_gpio.o)
GPIO_Init                                         ..\..\..\Downloads\arm-none-eabi\lib\stm32plus-040000\libstm32plus-small-f030-8000000.a(stm32f0xx_gpio.o)
                                                  obj\release\main.o
GPIO_PinAFConfig                                  ..\..\..\Downloads\arm-none-eabi\lib\stm32plus-040000\libstm32plus-small-f030-8000000.a(stm32f0xx_gpio.o)
GPIO_PinLockConfig                                ..\..\..\Downloads\arm-none-eabi\lib\stm32plus-040000\libstm32plus-small-f030-8000000.a(stm32f0xx_gpio.o)
GPIO_ReadInputData                                ..\..\..\Downloads\arm-none-eabi\lib\stm32plus-040000\libstm32plus-small-f030-8000000.a(stm32f0xx_gpio.o)
GPIO_ReadInputDataBit                             ..\..\..\Downloads\arm-none-eabi\lib\stm32plus-040000\libstm32plus-small-f030-8000000.a(stm32f0xx_gpio.o)
                                                  obj\release\main.o
GPIO_ReadOutputData                               ..\..\..\Downloads\arm-none-eabi\lib\stm32plus-040000\libstm32plus-small-f030-8000000.a(stm32f0xx_gpio.o)
GPIO_ReadOutputDataBit                            ..\..\..\Downloads\arm-none-eabi\lib\stm32plus-040000\libstm32plus-small-f030-8000000.a(stm32f0xx_gpio.o)
GPIO_ResetBits                                    ..\..\..\Downloads\arm-none-eabi\lib\stm32plus-040000\libstm32plus-small-f030-8000000.a(stm32f0xx_gpio.o)
GPIO_SetBits                                      ..\..\..\Downloads\arm-none-eabi\lib\stm32plus-040000\libstm32plus-small-f030-8000000.a(stm32f0xx_gpio.o)
GPIO_StructInit                                   ..\..\..\Downloads\arm-none-eabi\lib\stm32plus-040000\libstm32plus-small-f030-8000000.a(stm32f0xx_gpio.o)
GPIO_Write                                        ..\..\..\Downloads\arm-none-eabi\lib\stm32plus-040000\libstm32plus-small-f030-8000000.a(stm32f0xx_gpio.o)
GPIO_WriteBit                                     ..\..\..\Downloads\arm-none-eabi\lib\stm32plus-040000\libstm32plus-small-f030-8000000.a(stm32f0xx_gpio.o)
HardFault_Handler                                 obj\release\startup.o
I2C1_IRQHandler                                   obj\release\startup.o
I2C2_IRQHandler                                   obj\release\startup.o
IR::Exti_onInterrupt(unsigned char)               obj\release\main.o
IR::IR()                                          obj\release\main.o
IR::IR()                                          obj\release\main.o
NMI_Handler                                       obj\release\startup.o
NVIC_Init                                         ..\..\..\Downloads\arm-none-eabi\lib\stm32plus-040000\libstm32plus-small-f030-8000000.a(stm32f0xx_misc.o)
                                                  obj\release\main.o
NVIC_SystemLPConfig                               ..\..\..\Downloads\arm-none-eabi\lib\stm32plus-040000\libstm32plus-small-f030-8000000.a(stm32f0xx_misc.o)
PendSV_Handler                                    obj\release\startup.o
RCC_ADCCLKConfig                                  ..\..\..\Downloads\arm-none-eabi\lib\stm32plus-040000\libstm32plus-small-f030-8000000.a(stm32f0xx_rcc.o)
RCC_AHBPeriphClockCmd                             ..\..\..\Downloads\arm-none-eabi\lib\stm32plus-040000\libstm32plus-small-f030-8000000.a(stm32f0xx_rcc.o)
                                                  obj\release\main.o
RCC_AHBPeriphResetCmd                             ..\..\..\Downloads\arm-none-eabi\lib\stm32plus-040000\libstm32plus-small-f030-8000000.a(stm32f0xx_rcc.o)
                                                  ..\..\..\Downloads\arm-none-eabi\lib\stm32plus-040000\libstm32plus-small-f030-8000000.a(stm32f0xx_gpio.o)
RCC_APB1PeriphClockCmd                            ..\..\..\Downloads\arm-none-eabi\lib\stm32plus-040000\libstm32plus-small-f030-8000000.a(stm32f0xx_rcc.o)
                                                  obj\release\main.o
RCC_APB1PeriphResetCmd                            ..\..\..\Downloads\arm-none-eabi\lib\stm32plus-040000\libstm32plus-small-f030-8000000.a(stm32f0xx_rcc.o)
                                                  ..\..\..\Downloads\arm-none-eabi\lib\stm32plus-040000\libstm32plus-small-f030-8000000.a(stm32f0xx_tim.o)
RCC_APB2PeriphClockCmd                            ..\..\..\Downloads\arm-none-eabi\lib\stm32plus-040000\libstm32plus-small-f030-8000000.a(stm32f0xx_rcc.o)
                                                  obj\release\main.o
RCC_APB2PeriphResetCmd                            ..\..\..\Downloads\arm-none-eabi\lib\stm32plus-040000\libstm32plus-small-f030-8000000.a(stm32f0xx_rcc.o)
                                                  ..\..\..\Downloads\arm-none-eabi\lib\stm32plus-040000\libstm32plus-small-f030-8000000.a(stm32f0xx_tim.o)
RCC_AdjustHSI14CalibrationValue                   ..\..\..\Downloads\arm-none-eabi\lib\stm32plus-040000\libstm32plus-small-f030-8000000.a(stm32f0xx_rcc.o)
RCC_AdjustHSICalibrationValue                     ..\..\..\Downloads\arm-none-eabi\lib\stm32plus-040000\libstm32plus-small-f030-8000000.a(stm32f0xx_rcc.o)
RCC_BackupResetCmd                                ..\..\..\Downloads\arm-none-eabi\lib\stm32plus-040000\libstm32plus-small-f030-8000000.a(stm32f0xx_rcc.o)
RCC_CECCLKConfig                                  ..\..\..\Downloads\arm-none-eabi\lib\stm32plus-040000\libstm32plus-small-f030-8000000.a(stm32f0xx_rcc.o)
RCC_ClearFlag                                     ..\..\..\Downloads\arm-none-eabi\lib\stm32plus-040000\libstm32plus-small-f030-8000000.a(stm32f0xx_rcc.o)
RCC_ClearITPendingBit                             ..\..\..\Downloads\arm-none-eabi\lib\stm32plus-040000\libstm32plus-small-f030-8000000.a(stm32f0xx_rcc.o)
RCC_ClockSecuritySystemCmd                        ..\..\..\Downloads\arm-none-eabi\lib\stm32plus-040000\libstm32plus-small-f030-8000000.a(stm32f0xx_rcc.o)
RCC_DeInit                                        ..\..\..\Downloads\arm-none-eabi\lib\stm32plus-040000\libstm32plus-small-f030-8000000.a(stm32f0xx_rcc.o)
RCC_GetClocksFreq                                 ..\..\..\Downloads\arm-none-eabi\lib\stm32plus-040000\libstm32plus-small-f030-8000000.a(stm32f0xx_rcc.o)
RCC_GetFlagStatus                                 ..\..\..\Downloads\arm-none-eabi\lib\stm32plus-040000\libstm32plus-small-f030-8000000.a(stm32f0xx_rcc.o)
RCC_GetITStatus                                   ..\..\..\Downloads\arm-none-eabi\lib\stm32plus-040000\libstm32plus-small-f030-8000000.a(stm32f0xx_rcc.o)
RCC_GetSYSCLKSource                               ..\..\..\Downloads\arm-none-eabi\lib\stm32plus-040000\libstm32plus-small-f030-8000000.a(stm32f0xx_rcc.o)
RCC_HCLKConfig                                    ..\..\..\Downloads\arm-none-eabi\lib\stm32plus-040000\libstm32plus-small-f030-8000000.a(stm32f0xx_rcc.o)
RCC_HSEConfig                                     ..\..\..\Downloads\arm-none-eabi\lib\stm32plus-040000\libstm32plus-small-f030-8000000.a(stm32f0xx_rcc.o)
RCC_HSI14ADCRequestCmd                            ..\..\..\Downloads\arm-none-eabi\lib\stm32plus-040000\libstm32plus-small-f030-8000000.a(stm32f0xx_rcc.o)
RCC_HSI14Cmd                                      ..\..\..\Downloads\arm-none-eabi\lib\stm32plus-040000\libstm32plus-small-f030-8000000.a(stm32f0xx_rcc.o)
RCC_HSI48Cmd                                      ..\..\..\Downloads\arm-none-eabi\lib\stm32plus-040000\libstm32plus-small-f030-8000000.a(stm32f0xx_rcc.o)
RCC_HSICmd                                        ..\..\..\Downloads\arm-none-eabi\lib\stm32plus-040000\libstm32plus-small-f030-8000000.a(stm32f0xx_rcc.o)
RCC_I2CCLKConfig                                  ..\..\..\Downloads\arm-none-eabi\lib\stm32plus-040000\libstm32plus-small-f030-8000000.a(stm32f0xx_rcc.o)
RCC_IRQHandler                                    obj\release\startup.o
RCC_ITConfig                                      ..\..\..\Downloads\arm-none-eabi\lib\stm32plus-040000\libstm32plus-small-f030-8000000.a(stm32f0xx_rcc.o)
RCC_LSEConfig                                     ..\..\..\Downloads\arm-none-eabi\lib\stm32plus-040000\libstm32plus-small-f030-8000000.a(stm32f0xx_rcc.o)
RCC_LSEDriveConfig                                ..\..\..\Downloads\arm-none-eabi\lib\stm32plus-040000\libstm32plus-small-f030-8000000.a(stm32f0xx_rcc.o)
RCC_LSICmd                                        ..\..\..\Downloads\arm-none-eabi\lib\stm32plus-040000\libstm32plus-small-f030-8000000.a(stm32f0xx_rcc.o)
RCC_MCOConfig                                     ..\..\..\Downloads\arm-none-eabi\lib\stm32plus-040000\libstm32plus-small-f030-8000000.a(stm32f0xx_rcc.o)
RCC_PCLKConfig                                    ..\..\..\Downloads\arm-none-eabi\lib\stm32plus-040000\libstm32plus-small-f030-8000000.a(stm32f0xx_rcc.o)
RCC_PLLCmd                                        ..\..\..\Downloads\arm-none-eabi\lib\stm32plus-040000\libstm32plus-small-f030-8000000.a(stm32f0xx_rcc.o)
RCC_PLLConfig                                     ..\..\..\Downloads\arm-none-eabi\lib\stm32plus-040000\libstm32plus-small-f030-8000000.a(stm32f0xx_rcc.o)
RCC_PREDIV1Config                                 ..\..\..\Downloads\arm-none-eabi\lib\stm32plus-040000\libstm32plus-small-f030-8000000.a(stm32f0xx_rcc.o)
RCC_RTCCLKCmd                                     ..\..\..\Downloads\arm-none-eabi\lib\stm32plus-040000\libstm32plus-small-f030-8000000.a(stm32f0xx_rcc.o)
RCC_RTCCLKConfig                                  ..\..\..\Downloads\arm-none-eabi\lib\stm32plus-040000\libstm32plus-small-f030-8000000.a(stm32f0xx_rcc.o)
RCC_SYSCLKConfig                                  ..\..\..\Downloads\arm-none-eabi\lib\stm32plus-040000\libstm32plus-small-f030-8000000.a(stm32f0xx_rcc.o)
RCC_USARTCLKConfig                                ..\..\..\Downloads\arm-none-eabi\lib\stm32plus-040000\libstm32plus-small-f030-8000000.a(stm32f0xx_rcc.o)
RCC_USBCLKConfig                                  ..\..\..\Downloads\arm-none-eabi\lib\stm32plus-040000\libstm32plus-small-f030-8000000.a(stm32f0xx_rcc.o)
RCC_WaitForHSEStartUp                             ..\..\..\Downloads\arm-none-eabi\lib\stm32plus-040000\libstm32plus-small-f030-8000000.a(stm32f0xx_rcc.o)
RTC_IRQHandler                                    obj\release\startup.o
Reset_Handler                                     obj\release\startup.o
SPI1_IRQHandler                                   obj\release\startup.o
SPI2_IRQHandler                                   obj\release\startup.o
SVC_Handler                                       obj\release\startup.o
SYSCFG_BreakConfig                                ..\..\..\Downloads\arm-none-eabi\lib\stm32plus-040000\libstm32plus-small-f030-8000000.a(stm32f0xx_syscfg.o)
SYSCFG_ClearFlag                                  ..\..\..\Downloads\arm-none-eabi\lib\stm32plus-040000\libstm32plus-small-f030-8000000.a(stm32f0xx_syscfg.o)
SYSCFG_DMAChannelRemapConfig                      ..\..\..\Downloads\arm-none-eabi\lib\stm32plus-040000\libstm32plus-small-f030-8000000.a(stm32f0xx_syscfg.o)
SYSCFG_DeInit                                     ..\..\..\Downloads\arm-none-eabi\lib\stm32plus-040000\libstm32plus-small-f030-8000000.a(stm32f0xx_syscfg.o)
SYSCFG_EXTILineConfig                             ..\..\..\Downloads\arm-none-eabi\lib\stm32plus-040000\libstm32plus-small-f030-8000000.a(stm32f0xx_syscfg.o)
                                                  obj\release\main.o
SYSCFG_GetFlagStatus                              ..\..\..\Downloads\arm-none-eabi\lib\stm32plus-040000\libstm32plus-small-f030-8000000.a(stm32f0xx_syscfg.o)
SYSCFG_I2CFastModePlusConfig                      ..\..\..\Downloads\arm-none-eabi\lib\stm32plus-040000\libstm32plus-small-f030-8000000.a(stm32f0xx_syscfg.o)
SYSCFG_MemoryRemapConfig                          ..\..\..\Downloads\arm-none-eabi\lib\stm32plus-040000\libstm32plus-small-f030-8000000.a(stm32f0xx_syscfg.o)
SysTick_CLKSourceConfig                           ..\..\..\Downloads\arm-none-eabi\lib\stm32plus-040000\libstm32plus-small-f030-8000000.a(stm32f0xx_misc.o)
SysTick_Handler                                   ..\..\..\Downloads\arm-none-eabi\lib\stm32plus-040000\libstm32plus-small-f030-8000000.a(MillisecondTimer.o)
                                                  obj\release\startup.o
SystemCoreClock                                   obj\release\system.o
                                                  ..\..\..\Downloads\arm-none-eabi\lib\stm32plus-040000\libstm32plus-small-f030-8000000.a(MillisecondTimer.o)
                                                  obj\release\main.o
SystemCoreClockUpdate                             obj\release\system.o
SystemInit                                        obj\release\system.o
                                                  obj\release\startup.o
TIM14_IRQHandler                                  obj\release\startup.o
TIM15_IRQHandler                                  obj\release\startup.o
TIM16_IRQHandler                                  obj\release\startup.o
TIM17_IRQHandler                                  obj\release\startup.o
TIM1_BRK_UP_TRG_COM_IRQHandler                    obj\release\startup.o
TIM1_CC_IRQHandler                                obj\release\startup.o
TIM3_IRQHandler                                   obj\release\startup.o
TIM_ARRPreloadConfig                              ..\..\..\Downloads\arm-none-eabi\lib\stm32plus-040000\libstm32plus-small-f030-8000000.a(stm32f0xx_tim.o)
TIM_BDTRConfig                                    ..\..\..\Downloads\arm-none-eabi\lib\stm32plus-040000\libstm32plus-small-f030-8000000.a(stm32f0xx_tim.o)
TIM_BDTRStructInit                                ..\..\..\Downloads\arm-none-eabi\lib\stm32plus-040000\libstm32plus-small-f030-8000000.a(stm32f0xx_tim.o)
TIM_CCPreloadControl                              ..\..\..\Downloads\arm-none-eabi\lib\stm32plus-040000\libstm32plus-small-f030-8000000.a(stm32f0xx_tim.o)
TIM_CCxCmd                                        ..\..\..\Downloads\arm-none-eabi\lib\stm32plus-040000\libstm32plus-small-f030-8000000.a(stm32f0xx_tim.o)
TIM_CCxNCmd                                       ..\..\..\Downloads\arm-none-eabi\lib\stm32plus-040000\libstm32plus-small-f030-8000000.a(stm32f0xx_tim.o)
TIM_ClearFlag                                     ..\..\..\Downloads\arm-none-eabi\lib\stm32plus-040000\libstm32plus-small-f030-8000000.a(stm32f0xx_tim.o)
TIM_ClearITPendingBit                             ..\..\..\Downloads\arm-none-eabi\lib\stm32plus-040000\libstm32plus-small-f030-8000000.a(stm32f0xx_tim.o)
TIM_ClearOC1Ref                                   ..\..\..\Downloads\arm-none-eabi\lib\stm32plus-040000\libstm32plus-small-f030-8000000.a(stm32f0xx_tim.o)
TIM_ClearOC2Ref                                   ..\..\..\Downloads\arm-none-eabi\lib\stm32plus-040000\libstm32plus-small-f030-8000000.a(stm32f0xx_tim.o)
TIM_ClearOC3Ref                                   ..\..\..\Downloads\arm-none-eabi\lib\stm32plus-040000\libstm32plus-small-f030-8000000.a(stm32f0xx_tim.o)
TIM_ClearOC4Ref                                   ..\..\..\Downloads\arm-none-eabi\lib\stm32plus-040000\libstm32plus-small-f030-8000000.a(stm32f0xx_tim.o)
TIM_Cmd                                           ..\..\..\Downloads\arm-none-eabi\lib\stm32plus-040000\libstm32plus-small-f030-8000000.a(stm32f0xx_tim.o)
                                                  obj\release\main.o
TIM_CounterModeConfig                             ..\..\..\Downloads\arm-none-eabi\lib\stm32plus-040000\libstm32plus-small-f030-8000000.a(stm32f0xx_tim.o)
TIM_CtrlPWMOutputs                                ..\..\..\Downloads\arm-none-eabi\lib\stm32plus-040000\libstm32plus-small-f030-8000000.a(stm32f0xx_tim.o)
TIM_DMACmd                                        ..\..\..\Downloads\arm-none-eabi\lib\stm32plus-040000\libstm32plus-small-f030-8000000.a(stm32f0xx_tim.o)
TIM_DMAConfig                                     ..\..\..\Downloads\arm-none-eabi\lib\stm32plus-040000\libstm32plus-small-f030-8000000.a(stm32f0xx_tim.o)
TIM_DeInit                                        ..\..\..\Downloads\arm-none-eabi\lib\stm32plus-040000\libstm32plus-small-f030-8000000.a(stm32f0xx_tim.o)
TIM_ETRClockMode1Config                           ..\..\..\Downloads\arm-none-eabi\lib\stm32plus-040000\libstm32plus-small-f030-8000000.a(stm32f0xx_tim.o)
TIM_ETRClockMode2Config                           ..\..\..\Downloads\arm-none-eabi\lib\stm32plus-040000\libstm32plus-small-f030-8000000.a(stm32f0xx_tim.o)
TIM_ETRConfig                                     ..\..\..\Downloads\arm-none-eabi\lib\stm32plus-040000\libstm32plus-small-f030-8000000.a(stm32f0xx_tim.o)
TIM_EncoderInterfaceConfig                        ..\..\..\Downloads\arm-none-eabi\lib\stm32plus-040000\libstm32plus-small-f030-8000000.a(stm32f0xx_tim.o)
TIM_ForcedOC1Config                               ..\..\..\Downloads\arm-none-eabi\lib\stm32plus-040000\libstm32plus-small-f030-8000000.a(stm32f0xx_tim.o)
TIM_ForcedOC2Config                               ..\..\..\Downloads\arm-none-eabi\lib\stm32plus-040000\libstm32plus-small-f030-8000000.a(stm32f0xx_tim.o)
TIM_ForcedOC3Config                               ..\..\..\Downloads\arm-none-eabi\lib\stm32plus-040000\libstm32plus-small-f030-8000000.a(stm32f0xx_tim.o)
TIM_ForcedOC4Config                               ..\..\..\Downloads\arm-none-eabi\lib\stm32plus-040000\libstm32plus-small-f030-8000000.a(stm32f0xx_tim.o)
TIM_GenerateEvent                                 ..\..\..\Downloads\arm-none-eabi\lib\stm32plus-040000\libstm32plus-small-f030-8000000.a(stm32f0xx_tim.o)
TIM_GetCapture1                                   ..\..\..\Downloads\arm-none-eabi\lib\stm32plus-040000\libstm32plus-small-f030-8000000.a(stm32f0xx_tim.o)
TIM_GetCapture2                                   ..\..\..\Downloads\arm-none-eabi\lib\stm32plus-040000\libstm32plus-small-f030-8000000.a(stm32f0xx_tim.o)
TIM_GetCapture3                                   ..\..\..\Downloads\arm-none-eabi\lib\stm32plus-040000\libstm32plus-small-f030-8000000.a(stm32f0xx_tim.o)
TIM_GetCapture4                                   ..\..\..\Downloads\arm-none-eabi\lib\stm32plus-040000\libstm32plus-small-f030-8000000.a(stm32f0xx_tim.o)
TIM_GetCounter                                    ..\..\..\Downloads\arm-none-eabi\lib\stm32plus-040000\libstm32plus-small-f030-8000000.a(stm32f0xx_tim.o)
                                                  obj\release\main.o
TIM_GetFlagStatus                                 ..\..\..\Downloads\arm-none-eabi\lib\stm32plus-040000\libstm32plus-small-f030-8000000.a(stm32f0xx_tim.o)
TIM_GetITStatus                                   ..\..\..\Downloads\arm-none-eabi\lib\stm32plus-040000\libstm32plus-small-f030-8000000.a(stm32f0xx_tim.o)
TIM_GetPrescaler                                  ..\..\..\Downloads\arm-none-eabi\lib\stm32plus-040000\libstm32plus-small-f030-8000000.a(stm32f0xx_tim.o)
TIM_ICInit                                        ..\..\..\Downloads\arm-none-eabi\lib\stm32plus-040000\libstm32plus-small-f030-8000000.a(stm32f0xx_tim.o)
TIM_ICStructInit                                  ..\..\..\Downloads\arm-none-eabi\lib\stm32plus-040000\libstm32plus-small-f030-8000000.a(stm32f0xx_tim.o)
TIM_ITConfig                                      ..\..\..\Downloads\arm-none-eabi\lib\stm32plus-040000\libstm32plus-small-f030-8000000.a(stm32f0xx_tim.o)
TIM_ITRxExternalClockConfig                       ..\..\..\Downloads\arm-none-eabi\lib\stm32plus-040000\libstm32plus-small-f030-8000000.a(stm32f0xx_tim.o)
TIM_InternalClockConfig                           ..\..\..\Downloads\arm-none-eabi\lib\stm32plus-040000\libstm32plus-small-f030-8000000.a(stm32f0xx_tim.o)
                                                  obj\release\main.o
TIM_OC1FastConfig                                 ..\..\..\Downloads\arm-none-eabi\lib\stm32plus-040000\libstm32plus-small-f030-8000000.a(stm32f0xx_tim.o)
TIM_OC1Init                                       ..\..\..\Downloads\arm-none-eabi\lib\stm32plus-040000\libstm32plus-small-f030-8000000.a(stm32f0xx_tim.o)
TIM_OC1NPolarityConfig                            ..\..\..\Downloads\arm-none-eabi\lib\stm32plus-040000\libstm32plus-small-f030-8000000.a(stm32f0xx_tim.o)
TIM_OC1PolarityConfig                             ..\..\..\Downloads\arm-none-eabi\lib\stm32plus-040000\libstm32plus-small-f030-8000000.a(stm32f0xx_tim.o)
TIM_OC1PreloadConfig                              ..\..\..\Downloads\arm-none-eabi\lib\stm32plus-040000\libstm32plus-small-f030-8000000.a(stm32f0xx_tim.o)
TIM_OC2FastConfig                                 ..\..\..\Downloads\arm-none-eabi\lib\stm32plus-040000\libstm32plus-small-f030-8000000.a(stm32f0xx_tim.o)
TIM_OC2Init                                       ..\..\..\Downloads\arm-none-eabi\lib\stm32plus-040000\libstm32plus-small-f030-8000000.a(stm32f0xx_tim.o)
TIM_OC2NPolarityConfig                            ..\..\..\Downloads\arm-none-eabi\lib\stm32plus-040000\libstm32plus-small-f030-8000000.a(stm32f0xx_tim.o)
TIM_OC2PolarityConfig                             ..\..\..\Downloads\arm-none-eabi\lib\stm32plus-040000\libstm32plus-small-f030-8000000.a(stm32f0xx_tim.o)
TIM_OC2PreloadConfig                              ..\..\..\Downloads\arm-none-eabi\lib\stm32plus-040000\libstm32plus-small-f030-8000000.a(stm32f0xx_tim.o)
TIM_OC3FastConfig                                 ..\..\..\Downloads\arm-none-eabi\lib\stm32plus-040000\libstm32plus-small-f030-8000000.a(stm32f0xx_tim.o)
TIM_OC3Init                                       ..\..\..\Downloads\arm-none-eabi\lib\stm32plus-040000\libstm32plus-small-f030-8000000.a(stm32f0xx_tim.o)
TIM_OC3NPolarityConfig                            ..\..\..\Downloads\arm-none-eabi\lib\stm32plus-040000\libstm32plus-small-f030-8000000.a(stm32f0xx_tim.o)
TIM_OC3PolarityConfig                             ..\..\..\Downloads\arm-none-eabi\lib\stm32plus-040000\libstm32plus-small-f030-8000000.a(stm32f0xx_tim.o)
TIM_OC3PreloadConfig                              ..\..\..\Downloads\arm-none-eabi\lib\stm32plus-040000\libstm32plus-small-f030-8000000.a(stm32f0xx_tim.o)
TIM_OC4FastConfig                                 ..\..\..\Downloads\arm-none-eabi\lib\stm32plus-040000\libstm32plus-small-f030-8000000.a(stm32f0xx_tim.o)
TIM_OC4Init                                       ..\..\..\Downloads\arm-none-eabi\lib\stm32plus-040000\libstm32plus-small-f030-8000000.a(stm32f0xx_tim.o)
TIM_OC4PolarityConfig                             ..\..\..\Downloads\arm-none-eabi\lib\stm32plus-040000\libstm32plus-small-f030-8000000.a(stm32f0xx_tim.o)
TIM_OC4PreloadConfig                              ..\..\..\Downloads\arm-none-eabi\lib\stm32plus-040000\libstm32plus-small-f030-8000000.a(stm32f0xx_tim.o)
TIM_OCStructInit                                  ..\..\..\Downloads\arm-none-eabi\lib\stm32plus-040000\libstm32plus-small-f030-8000000.a(stm32f0xx_tim.o)
TIM_PWMIConfig                                    ..\..\..\Downloads\arm-none-eabi\lib\stm32plus-040000\libstm32plus-small-f030-8000000.a(stm32f0xx_tim.o)
TIM_PrescalerConfig                               ..\..\..\Downloads\arm-none-eabi\lib\stm32plus-040000\libstm32plus-small-f030-8000000.a(stm32f0xx_tim.o)
TIM_RemapConfig                                   ..\..\..\Downloads\arm-none-eabi\lib\stm32plus-040000\libstm32plus-small-f030-8000000.a(stm32f0xx_tim.o)
TIM_SelectCCDMA                                   ..\..\..\Downloads\arm-none-eabi\lib\stm32plus-040000\libstm32plus-small-f030-8000000.a(stm32f0xx_tim.o)
TIM_SelectCOM                                     ..\..\..\Downloads\arm-none-eabi\lib\stm32plus-040000\libstm32plus-small-f030-8000000.a(stm32f0xx_tim.o)
TIM_SelectHallSensor                              ..\..\..\Downloads\arm-none-eabi\lib\stm32plus-040000\libstm32plus-small-f030-8000000.a(stm32f0xx_tim.o)
TIM_SelectInputTrigger                            ..\..\..\Downloads\arm-none-eabi\lib\stm32plus-040000\libstm32plus-small-f030-8000000.a(stm32f0xx_tim.o)
TIM_SelectMasterSlaveMode                         ..\..\..\Downloads\arm-none-eabi\lib\stm32plus-040000\libstm32plus-small-f030-8000000.a(stm32f0xx_tim.o)
TIM_SelectOCREFClear                              ..\..\..\Downloads\arm-none-eabi\lib\stm32plus-040000\libstm32plus-small-f030-8000000.a(stm32f0xx_tim.o)
TIM_SelectOCxM                                    ..\..\..\Downloads\arm-none-eabi\lib\stm32plus-040000\libstm32plus-small-f030-8000000.a(stm32f0xx_tim.o)
TIM_SelectOnePulseMode                            ..\..\..\Downloads\arm-none-eabi\lib\stm32plus-040000\libstm32plus-small-f030-8000000.a(stm32f0xx_tim.o)
TIM_SelectOutputTrigger                           ..\..\..\Downloads\arm-none-eabi\lib\stm32plus-040000\libstm32plus-small-f030-8000000.a(stm32f0xx_tim.o)
TIM_SelectSlaveMode                               ..\..\..\Downloads\arm-none-eabi\lib\stm32plus-040000\libstm32plus-small-f030-8000000.a(stm32f0xx_tim.o)
TIM_SetAutoreload                                 ..\..\..\Downloads\arm-none-eabi\lib\stm32plus-040000\libstm32plus-small-f030-8000000.a(stm32f0xx_tim.o)
TIM_SetClockDivision                              ..\..\..\Downloads\arm-none-eabi\lib\stm32plus-040000\libstm32plus-small-f030-8000000.a(stm32f0xx_tim.o)
TIM_SetCompare1                                   ..\..\..\Downloads\arm-none-eabi\lib\stm32plus-040000\libstm32plus-small-f030-8000000.a(stm32f0xx_tim.o)
TIM_SetCompare2                                   ..\..\..\Downloads\arm-none-eabi\lib\stm32plus-040000\libstm32plus-small-f030-8000000.a(stm32f0xx_tim.o)
TIM_SetCompare3                                   ..\..\..\Downloads\arm-none-eabi\lib\stm32plus-040000\libstm32plus-small-f030-8000000.a(stm32f0xx_tim.o)
TIM_SetCompare4                                   ..\..\..\Downloads\arm-none-eabi\lib\stm32plus-040000\libstm32plus-small-f030-8000000.a(stm32f0xx_tim.o)
TIM_SetCounter                                    ..\..\..\Downloads\arm-none-eabi\lib\stm32plus-040000\libstm32plus-small-f030-8000000.a(stm32f0xx_tim.o)
                                                  obj\release\main.o
TIM_SetIC1Prescaler                               ..\..\..\Downloads\arm-none-eabi\lib\stm32plus-040000\libstm32plus-small-f030-8000000.a(stm32f0xx_tim.o)
TIM_SetIC2Prescaler                               ..\..\..\Downloads\arm-none-eabi\lib\stm32plus-040000\libstm32plus-small-f030-8000000.a(stm32f0xx_tim.o)
TIM_SetIC3Prescaler                               ..\..\..\Downloads\arm-none-eabi\lib\stm32plus-040000\libstm32plus-small-f030-8000000.a(stm32f0xx_tim.o)
TIM_SetIC4Prescaler                               ..\..\..\Downloads\arm-none-eabi\lib\stm32plus-040000\libstm32plus-small-f030-8000000.a(stm32f0xx_tim.o)
TIM_TIxExternalClockConfig                        ..\..\..\Downloads\arm-none-eabi\lib\stm32plus-040000\libstm32plus-small-f030-8000000.a(stm32f0xx_tim.o)
TIM_TimeBaseInit                                  ..\..\..\Downloads\arm-none-eabi\lib\stm32plus-040000\libstm32plus-small-f030-8000000.a(stm32f0xx_tim.o)
                                                  obj\release\main.o
TIM_TimeBaseStructInit                            ..\..\..\Downloads\arm-none-eabi\lib\stm32plus-040000\libstm32plus-small-f030-8000000.a(stm32f0xx_tim.o)
                                                  obj\release\main.o
TIM_UpdateDisableConfig                           ..\..\..\Downloads\arm-none-eabi\lib\stm32plus-040000\libstm32plus-small-f030-8000000.a(stm32f0xx_tim.o)
TIM_UpdateRequestConfig                           ..\..\..\Downloads\arm-none-eabi\lib\stm32plus-040000\libstm32plus-small-f030-8000000.a(stm32f0xx_tim.o)
USART1_IRQHandler                                 obj\release\startup.o
USART2_IRQHandler                                 obj\release\startup.o
WWDG_IRQHandler                                   obj\release\startup.o
__aeabi_idiv0                                     c:/program files (x86)/emblocks/2.30/share/em_armgcc/bin/../lib/gcc/arm-none-eabi/4.7.3/armv6-m\libgcc.a(_dvmd_tls.o)
                                                  c:/program files (x86)/emblocks/2.30/share/em_armgcc/bin/../lib/gcc/arm-none-eabi/4.7.3/armv6-m\libgcc.a(_udivsi3.o)
__aeabi_ldiv0                                     c:/program files (x86)/emblocks/2.30/share/em_armgcc/bin/../lib/gcc/arm-none-eabi/4.7.3/armv6-m\libgcc.a(_dvmd_tls.o)
__aeabi_uidiv                                     c:/program files (x86)/emblocks/2.30/share/em_armgcc/bin/../lib/gcc/arm-none-eabi/4.7.3/armv6-m\libgcc.a(_udivsi3.o)
                                                  ..\..\..\Downloads\arm-none-eabi\lib\stm32plus-040000\libstm32plus-small-f030-8000000.a(stm32f0xx_rcc.o)
                                                  ..\..\..\Downloads\arm-none-eabi\lib\stm32plus-040000\libstm32plus-small-f030-8000000.a(MillisecondTimer.o)
                                                  obj\release\main.o
                                                  obj\release\system.o
__aeabi_uidivmod                                  c:/program files (x86)/emblocks/2.30/share/em_armgcc/bin/../lib/gcc/arm-none-eabi/4.7.3/armv6-m\libgcc.a(_udivsi3.o)
__cxa_pure_virtual                                obj\release\libraryhacks.o
__gnu_cxx::__verbose_terminate_handler()          obj\release\libraryhacks.o
__gnu_thumb1_case_uqi                             c:/program files (x86)/emblocks/2.30/share/em_armgcc/bin/../lib/gcc/arm-none-eabi/4.7.3/armv6-m\libgcc.a(_thumb1_case_uqi.o)
                                                  ..\..\..\Downloads\arm-none-eabi\lib\stm32plus-040000\libstm32plus-small-f030-8000000.a(stm32f0xx_rcc.o)
__malloc_av_                                      c:/program files (x86)/emblocks/2.30/share/em_armgcc/bin/../lib/gcc/arm-none-eabi/4.7.3/../../../../arm-none-eabi/lib/armv6-m\libc_f.a(lib_a-mallocr.o)
                                                  c:/program files (x86)/emblocks/2.30/share/em_armgcc/bin/../lib/gcc/arm-none-eabi/4.7.3/../../../../arm-none-eabi/lib/armv6-m\libc_f.a(lib_a-freer.o)
__malloc_current_mallinfo                         c:/program files (x86)/emblocks/2.30/share/em_armgcc/bin/../lib/gcc/arm-none-eabi/4.7.3/../../../../arm-none-eabi/lib/armv6-m\libc_f.a(lib_a-mallocr.o)
                                                  c:/program files (x86)/emblocks/2.30/share/em_armgcc/bin/../lib/gcc/arm-none-eabi/4.7.3/../../../../arm-none-eabi/lib/armv6-m\libc_f.a(lib_a-freer.o)
__malloc_lock                                     c:/program files (x86)/emblocks/2.30/share/em_armgcc/bin/../lib/gcc/arm-none-eabi/4.7.3/../../../../arm-none-eabi/lib/armv6-m\libc_f.a(lib_a-mlock.o)
                                                  c:/program files (x86)/emblocks/2.30/share/em_armgcc/bin/../lib/gcc/arm-none-eabi/4.7.3/../../../../arm-none-eabi/lib/armv6-m\libc_f.a(lib_a-freer.o)
                                                  c:/program files (x86)/emblocks/2.30/share/em_armgcc/bin/../lib/gcc/arm-none-eabi/4.7.3/../../../../arm-none-eabi/lib/armv6-m\libc_f.a(lib_a-mallocr.o)
__malloc_max_sbrked_mem                           c:/program files (x86)/emblocks/2.30/share/em_armgcc/bin/../lib/gcc/arm-none-eabi/4.7.3/../../../../arm-none-eabi/lib/armv6-m\libc_f.a(lib_a-mallocr.o)
__malloc_max_total_mem                            c:/program files (x86)/emblocks/2.30/share/em_armgcc/bin/../lib/gcc/arm-none-eabi/4.7.3/../../../../arm-none-eabi/lib/armv6-m\libc_f.a(lib_a-mallocr.o)
__malloc_sbrk_base                                c:/program files (x86)/emblocks/2.30/share/em_armgcc/bin/../lib/gcc/arm-none-eabi/4.7.3/../../../../arm-none-eabi/lib/armv6-m\libc_f.a(lib_a-mallocr.o)
                                                  c:/program files (x86)/emblocks/2.30/share/em_armgcc/bin/../lib/gcc/arm-none-eabi/4.7.3/../../../../arm-none-eabi/lib/armv6-m\libc_f.a(lib_a-freer.o)
__malloc_top_pad                                  c:/program files (x86)/emblocks/2.30/share/em_armgcc/bin/../lib/gcc/arm-none-eabi/4.7.3/../../../../arm-none-eabi/lib/armv6-m\libc_f.a(lib_a-mallocr.o)
                                                  c:/program files (x86)/emblocks/2.30/share/em_armgcc/bin/../lib/gcc/arm-none-eabi/4.7.3/../../../../arm-none-eabi/lib/armv6-m\libc_f.a(lib_a-freer.o)
__malloc_trim_threshold                           c:/program files (x86)/emblocks/2.30/share/em_armgcc/bin/../lib/gcc/arm-none-eabi/4.7.3/../../../../arm-none-eabi/lib/armv6-m\libc_f.a(lib_a-mallocr.o)
                                                  c:/program files (x86)/emblocks/2.30/share/em_armgcc/bin/../lib/gcc/arm-none-eabi/4.7.3/../../../../arm-none-eabi/lib/armv6-m\libc_f.a(lib_a-freer.o)
__malloc_unlock                                   c:/program files (x86)/emblocks/2.30/share/em_armgcc/bin/../lib/gcc/arm-none-eabi/4.7.3/../../../../arm-none-eabi/lib/armv6-m\libc_f.a(lib_a-mlock.o)
                                                  c:/program files (x86)/emblocks/2.30/share/em_armgcc/bin/../lib/gcc/arm-none-eabi/4.7.3/../../../../arm-none-eabi/lib/armv6-m\libc_f.a(lib_a-freer.o)
                                                  c:/program files (x86)/emblocks/2.30/share/em_armgcc/bin/../lib/gcc/arm-none-eabi/4.7.3/../../../../arm-none-eabi/lib/armv6-m\libc_f.a(lib_a-mallocr.o)
__udivsi3                                         c:/program files (x86)/emblocks/2.30/share/em_armgcc/bin/../lib/gcc/arm-none-eabi/4.7.3/armv6-m\libgcc.a(_udivsi3.o)
__wrap___aeabi_unwind_cpp_pr0                     obj\release\libraryhacks.o
__wrap___aeabi_unwind_cpp_pr1                     obj\release\libraryhacks.o
__wrap___aeabi_unwind_cpp_pr2                     obj\release\libraryhacks.o
_ebss                                             obj\release\startup.o
_edata                                            obj\release\startup.o
_end                                              obj\release\libraryhacks.o
_estack                                           obj\release\startup.o
_free_r                                           c:/program files (x86)/emblocks/2.30/share/em_armgcc/bin/../lib/gcc/arm-none-eabi/4.7.3/../../../../arm-none-eabi/lib/armv6-m\libc_f.a(lib_a-freer.o)
                                                  c:/program files (x86)/emblocks/2.30/share/em_armgcc/bin/../lib/gcc/arm-none-eabi/4.7.3/../../../../arm-none-eabi/lib/armv6-m\libc_f.a(lib_a-reent.o)
                                                  c:/program files (x86)/emblocks/2.30/share/em_armgcc/bin/../lib/gcc/arm-none-eabi/4.7.3/../../../../arm-none-eabi/lib/armv6-m\libc_f.a(lib_a-mallocr.o)
                                                  c:/program files (x86)/emblocks/2.30/share/em_armgcc/bin/../lib/gcc/arm-none-eabi/4.7.3/../../../../arm-none-eabi/lib/armv6-m\libc_f.a(lib_a-malloc.o)
_global_impure_ptr                                c:/program files (x86)/emblocks/2.30/share/em_armgcc/bin/../lib/gcc/arm-none-eabi/4.7.3/../../../../arm-none-eabi/lib/armv6-m\libc_f.a(lib_a-impure.o)
_impure_ptr                                       c:/program files (x86)/emblocks/2.30/share/em_armgcc/bin/../lib/gcc/arm-none-eabi/4.7.3/../../../../arm-none-eabi/lib/armv6-m\libc_f.a(lib_a-impure.o)
                                                  c:/program files (x86)/emblocks/2.30/share/em_armgcc/bin/../lib/gcc/arm-none-eabi/4.7.3/../../../../arm-none-eabi/lib/armv6-m\libc_f.a(lib_a-reent.o)
                                                  c:/program files (x86)/emblocks/2.30/share/em_armgcc/bin/../lib/gcc/arm-none-eabi/4.7.3/../../../../arm-none-eabi/lib/armv6-m\libc_f.a(lib_a-malloc.o)
_malloc_r                                         c:/program files (x86)/emblocks/2.30/share/em_armgcc/bin/../lib/gcc/arm-none-eabi/4.7.3/../../../../arm-none-eabi/lib/armv6-m\libc_f.a(lib_a-mallocr.o)
                                                  c:/program files (x86)/emblocks/2.30/share/em_armgcc/bin/../lib/gcc/arm-none-eabi/4.7.3/../../../../arm-none-eabi/lib/armv6-m\libc_f.a(lib_a-malloc.o)
_malloc_trim_r                                    c:/program files (x86)/emblocks/2.30/share/em_armgcc/bin/../lib/gcc/arm-none-eabi/4.7.3/../../../../arm-none-eabi/lib/armv6-m\libc_f.a(lib_a-freer.o)
_reclaim_reent                                    c:/program files (x86)/emblocks/2.30/share/em_armgcc/bin/../lib/gcc/arm-none-eabi/4.7.3/../../../../arm-none-eabi/lib/armv6-m\libc_f.a(lib_a-reent.o)
_sbrk                                             obj\release\libraryhacks.o
                                                  c:/program files (x86)/emblocks/2.30/share/em_armgcc/bin/../lib/gcc/arm-none-eabi/4.7.3/../../../../arm-none-eabi/lib/armv6-m\libc_f.a(lib_a-sbrkr.o)
_sbrk_r                                           c:/program files (x86)/emblocks/2.30/share/em_armgcc/bin/../lib/gcc/arm-none-eabi/4.7.3/../../../../arm-none-eabi/lib/armv6-m\libc_f.a(lib_a-sbrkr.o)
                                                  c:/program files (x86)/emblocks/2.30/share/em_armgcc/bin/../lib/gcc/arm-none-eabi/4.7.3/../../../../arm-none-eabi/lib/armv6-m\libc_f.a(lib_a-freer.o)
                                                  c:/program files (x86)/emblocks/2.30/share/em_armgcc/bin/../lib/gcc/arm-none-eabi/4.7.3/../../../../arm-none-eabi/lib/armv6-m\libc_f.a(lib_a-mallocr.o)
_sbss                                             obj\release\startup.o
_sdata                                            obj\release\startup.o
_sidata                                           obj\release\startup.o
cleanup_glue                                      c:/program files (x86)/emblocks/2.30/share/em_armgcc/bin/../lib/gcc/arm-none-eabi/4.7.3/../../../../arm-none-eabi/lib/armv6-m\libc_f.a(lib_a-reent.o)
errno                                             c:/program files (x86)/emblocks/2.30/share/em_armgcc/bin/../lib/gcc/arm-none-eabi/4.7.3/../../../../arm-none-eabi/lib/armv6-m\libc_f.a(lib_a-reent.o)
                                                  c:/program files (x86)/emblocks/2.30/share/em_armgcc/bin/../lib/gcc/arm-none-eabi/4.7.3/../../../../arm-none-eabi/lib/armv6-m\libc_f.a(lib_a-sbrkr.o)
fastdelegate::FastDelegate1<unsigned char, void>::operator()(unsigned char) const ..\..\..\Downloads\arm-none-eabi\lib\stm32plus-040000\libstm32plus-small-f030-8000000.a(Exti4_15InterruptHandler.o)
free                                              c:/program files (x86)/emblocks/2.30/share/em_armgcc/bin/../lib/gcc/arm-none-eabi/4.7.3/../../../../arm-none-eabi/lib/armv6-m\libc_f.a(lib_a-malloc.o)
                                                  obj\release\libraryhacks.o
g_pfnVectors                                      obj\release\startup.o
main                                              obj\release\main.o
                                                  obj\release\startup.o
malloc                                            c:/program files (x86)/emblocks/2.30/share/em_armgcc/bin/../lib/gcc/arm-none-eabi/4.7.3/../../../../arm-none-eabi/lib/armv6-m\libc_f.a(lib_a-malloc.o)
                                                  obj\release\libraryhacks.o
                                                  obj\release\main.o
operator delete(void*)                            obj\release\libraryhacks.o
operator delete[](void*)                          obj\release\libraryhacks.o
operator new(unsigned int)                        obj\release\libraryhacks.o
operator new(unsigned int, void*)                 obj\release\libraryhacks.o
                                                  obj\release\main.o
operator new[](unsigned int)                      obj\release\libraryhacks.o
operator new[](unsigned int, void*)               obj\release\libraryhacks.o
std::__malloc_alloc_template<0>::__malloc_alloc_oom_handler obj\release\main.o
stm32plus::ExtiInterruptEnabler<(unsigned char)13>::_forceLinkage obj\release\main.o
stm32plus::ExtiPeripheral<1024ul>::_extiInstance  ..\..\..\Downloads\arm-none-eabi\lib\stm32plus-040000\libstm32plus-small-f030-8000000.a(Exti4_15InterruptHandler.o)
stm32plus::ExtiPeripheral<128ul>::_extiInstance   ..\..\..\Downloads\arm-none-eabi\lib\stm32plus-040000\libstm32plus-small-f030-8000000.a(Exti4_15InterruptHandler.o)
stm32plus::ExtiPeripheral<16384ul>::_extiInstance ..\..\..\Downloads\arm-none-eabi\lib\stm32plus-040000\libstm32plus-small-f030-8000000.a(Exti4_15InterruptHandler.o)
stm32plus::ExtiPeripheral<16ul>::_extiInstance    ..\..\..\Downloads\arm-none-eabi\lib\stm32plus-040000\libstm32plus-small-f030-8000000.a(Exti4_15InterruptHandler.o)
stm32plus::ExtiPeripheral<2048ul>::_extiInstance  ..\..\..\Downloads\arm-none-eabi\lib\stm32plus-040000\libstm32plus-small-f030-8000000.a(Exti4_15InterruptHandler.o)
stm32plus::ExtiPeripheral<256ul>::_extiInstance   ..\..\..\Downloads\arm-none-eabi\lib\stm32plus-040000\libstm32plus-small-f030-8000000.a(Exti4_15InterruptHandler.o)
stm32plus::ExtiPeripheral<32768ul>::_extiInstance ..\..\..\Downloads\arm-none-eabi\lib\stm32plus-040000\libstm32plus-small-f030-8000000.a(Exti4_15InterruptHandler.o)
stm32plus::ExtiPeripheral<32ul>::_extiInstance    ..\..\..\Downloads\arm-none-eabi\lib\stm32plus-040000\libstm32plus-small-f030-8000000.a(Exti4_15InterruptHandler.o)
stm32plus::ExtiPeripheral<4096ul>::_extiInstance  ..\..\..\Downloads\arm-none-eabi\lib\stm32plus-040000\libstm32plus-small-f030-8000000.a(Exti4_15InterruptHandler.o)
stm32plus::ExtiPeripheral<512ul>::_extiInstance   ..\..\..\Downloads\arm-none-eabi\lib\stm32plus-040000\libstm32plus-small-f030-8000000.a(Exti4_15InterruptHandler.o)
stm32plus::ExtiPeripheral<64ul>::_extiInstance    ..\..\..\Downloads\arm-none-eabi\lib\stm32plus-040000\libstm32plus-small-f030-8000000.a(Exti4_15InterruptHandler.o)
stm32plus::ExtiPeripheral<8192ul>::_extiInstance  ..\..\..\Downloads\arm-none-eabi\lib\stm32plus-040000\libstm32plus-small-f030-8000000.a(Exti4_15InterruptHandler.o)
                                                  obj\release\main.o
stm32plus::GpioPort<1207959552ul, stm32plus::DigitalOutputFeature<(GPIOSpeed_TypeDef)3, (stm32plus::Gpio::GpioOutputType)1, (stm32plus::Gpio::GpioPullUpDownType)0, (unsigned char)5> >::GpioPort() obj\release\main.o
stm32plus::GpioPort<1207959552ul, stm32plus::DigitalOutputFeature<(GPIOSpeed_TypeDef)3, (stm32plus::Gpio::GpioOutputType)1, (stm32plus::Gpio::GpioPullUpDownType)0, (unsigned char)5> >::GpioPort() obj\release\main.o
stm32plus::GpioPort<1207959552ul, stm32plus::DigitalOutputFeature<(GPIOSpeed_TypeDef)3, (stm32plus::Gpio::GpioOutputType)1, (stm32plus::Gpio::GpioPullUpDownType)0, (unsigned char)5> >::GpioPort() obj\release\main.o
stm32plus::GpioPort<1207959552ul, stm32plus::DigitalOutputFeature<(GPIOSpeed_TypeDef)3, (stm32plus::Gpio::GpioOutputType)1, (stm32plus::Gpio::GpioPullUpDownType)0, (unsigned char)5> >::GpioPort() obj\release\main.o
stm32plus::GpioPort<1207961600ul, stm32plus::DigitalInputFeature<(GPIOSpeed_TypeDef)3, (stm32plus::Gpio::GpioPullUpDownType)0, (unsigned char)13> >::GpioPort() obj\release\main.o
stm32plus::GpioPort<1207961600ul, stm32plus::DigitalInputFeature<(GPIOSpeed_TypeDef)3, (stm32plus::Gpio::GpioPullUpDownType)0, (unsigned char)13> >::GpioPort() obj\release\main.o
stm32plus::GpioPort<1207961600ul, stm32plus::DigitalInputFeature<(GPIOSpeed_TypeDef)3, (stm32plus::Gpio::GpioPullUpDownType)0, (unsigned char)13> >::GpioPort() obj\release\main.o
stm32plus::GpioPort<1207961600ul, stm32plus::DigitalInputFeature<(GPIOSpeed_TypeDef)3, (stm32plus::Gpio::GpioPullUpDownType)0, (unsigned char)13> >::GpioPort() obj\release\main.o
stm32plus::MillisecondTimer::_counter             ..\..\..\Downloads\arm-none-eabi\lib\stm32plus-040000\libstm32plus-small-f030-8000000.a(MillisecondTimer.o)
stm32plus::MillisecondTimer::initialise()         ..\..\..\Downloads\arm-none-eabi\lib\stm32plus-040000\libstm32plus-small-f030-8000000.a(MillisecondTimer.o)
                                                  obj\release\main.o
stm32plus::Timer3<stm32plus::TimerInternalClockFeature>::Timer3() obj\release\main.o
stm32plus::Timer3<stm32plus::TimerInternalClockFeature>::Timer3() obj\release\main.o
stm32plus::Timer3<stm32plus::TimerInternalClockFeature>::Timer3() obj\release\main.o
stm32plus::Timer3<stm32plus::TimerInternalClockFeature>::Timer3() obj\release\main.o
void wink::signal<wink::slot<void (unsigned char)> >::raiseEvent<int>(int&&) const ..\..\..\Downloads\arm-none-eabi\lib\stm32plus-040000\libstm32plus-small-f030-8000000.a(Exti4_15InterruptHandler.o)
void wink::signal<wink::slot<void (unsigned char)> >::raiseEvent<int>(int&&) const ..\..\..\Downloads\arm-none-eabi\lib\stm32plus-040000\libstm32plus-small-f030-8000000.a(Exti4_15InterruptHandler.o)
