Archive member included because of file (symbol)

..\..\..\Downloads\arm-none-eabi\lib\stm32plus-040000\libstm32plus-debug-f030-8000000.a(SemiHosting.o)
                              obj\debug\main.o (stm32plus::shost)
..\..\..\Downloads\arm-none-eabi\lib\stm32plus-040000\libstm32plus-debug-f030-8000000.a(Exti4_15InterruptHandler.o)
                              obj\debug\main.o (stm32plus::ExtiPeripheral<64ul>::_extiInstance)
..\..\..\Downloads\arm-none-eabi\lib\stm32plus-040000\libstm32plus-debug-f030-8000000.a(StringUtil.o)
                              obj\debug\main.o (stm32plus::StringUtil::itoa(int, char*, int))
..\..\..\Downloads\arm-none-eabi\lib\stm32plus-040000\libstm32plus-debug-f030-8000000.a(Timer3InterruptHandler.o)
                              obj\debug\main.o (stm32plus::TimerInterruptFeatureEnabler<(unsigned char)3>::_forceLinkage)
..\..\..\Downloads\arm-none-eabi\lib\stm32plus-040000\libstm32plus-debug-f030-8000000.a(MillisecondTimer.o)
                              obj\debug\main.o (stm32plus::MillisecondTimer::initialise())
..\..\..\Downloads\arm-none-eabi\lib\stm32plus-040000\libstm32plus-debug-f030-8000000.a(stm32f0xx_exti.o)
                              obj\debug\main.o (EXTI_Init)
..\..\..\Downloads\arm-none-eabi\lib\stm32plus-040000\libstm32plus-debug-f030-8000000.a(stm32f0xx_gpio.o)
                              obj\debug\main.o (GPIO_Init)
..\..\..\Downloads\arm-none-eabi\lib\stm32plus-040000\libstm32plus-debug-f030-8000000.a(stm32f0xx_misc.o)
                              obj\debug\main.o (NVIC_Init)
..\..\..\Downloads\arm-none-eabi\lib\stm32plus-040000\libstm32plus-debug-f030-8000000.a(stm32f0xx_rcc.o)
                              obj\debug\main.o (RCC_AHBPeriphClockCmd)
..\..\..\Downloads\arm-none-eabi\lib\stm32plus-040000\libstm32plus-debug-f030-8000000.a(stm32f0xx_syscfg.o)
                              obj\debug\main.o (SYSCFG_EXTILineConfig)
..\..\..\Downloads\arm-none-eabi\lib\stm32plus-040000\libstm32plus-debug-f030-8000000.a(stm32f0xx_tim.o)
                              obj\debug\main.o (TIM_TimeBaseInit)
c:/program files (x86)/emblocks/2.30/share/em_armgcc/bin/../lib/gcc/arm-none-eabi/4.7.3/armv6-m\libgcc.a(_udivsi3.o)
                              obj\debug\system.o (__aeabi_uidiv)
c:/program files (x86)/emblocks/2.30/share/em_armgcc/bin/../lib/gcc/arm-none-eabi/4.7.3/armv6-m\libgcc.a(_divsi3.o)
                              ..\..\..\Downloads\arm-none-eabi\lib\stm32plus-040000\libstm32plus-debug-f030-8000000.a(StringUtil.o) (__aeabi_idiv)
c:/program files (x86)/emblocks/2.30/share/em_armgcc/bin/../lib/gcc/arm-none-eabi/4.7.3/armv6-m\libgcc.a(_dvmd_tls.o)
                              c:/program files (x86)/emblocks/2.30/share/em_armgcc/bin/../lib/gcc/arm-none-eabi/4.7.3/armv6-m\libgcc.a(_udivsi3.o) (__aeabi_idiv0)
c:/program files (x86)/emblocks/2.30/share/em_armgcc/bin/../lib/gcc/arm-none-eabi/4.7.3/armv6-m\libgcc.a(_arm_cmpdf2.o)
                              ..\..\..\Downloads\arm-none-eabi\lib\stm32plus-040000\libstm32plus-debug-f030-8000000.a(StringUtil.o) (__aeabi_dcmpeq)
c:/program files (x86)/emblocks/2.30/share/em_armgcc/bin/../lib/gcc/arm-none-eabi/4.7.3/armv6-m\libgcc.a(_fixunsdfsi.o)
                              ..\..\..\Downloads\arm-none-eabi\lib\stm32plus-040000\libstm32plus-debug-f030-8000000.a(StringUtil.o) (__aeabi_d2uiz)
c:/program files (x86)/emblocks/2.30/share/em_armgcc/bin/../lib/gcc/arm-none-eabi/4.7.3/armv6-m\libgcc.a(eqdf2.o)
                              c:/program files (x86)/emblocks/2.30/share/em_armgcc/bin/../lib/gcc/arm-none-eabi/4.7.3/armv6-m\libgcc.a(_arm_cmpdf2.o) (__eqdf2)
c:/program files (x86)/emblocks/2.30/share/em_armgcc/bin/../lib/gcc/arm-none-eabi/4.7.3/armv6-m\libgcc.a(gedf2.o)
                              c:/program files (x86)/emblocks/2.30/share/em_armgcc/bin/../lib/gcc/arm-none-eabi/4.7.3/armv6-m\libgcc.a(_arm_cmpdf2.o) (__gedf2)
c:/program files (x86)/emblocks/2.30/share/em_armgcc/bin/../lib/gcc/arm-none-eabi/4.7.3/armv6-m\libgcc.a(ledf2.o)
                              c:/program files (x86)/emblocks/2.30/share/em_armgcc/bin/../lib/gcc/arm-none-eabi/4.7.3/armv6-m\libgcc.a(_arm_cmpdf2.o) (__ledf2)
c:/program files (x86)/emblocks/2.30/share/em_armgcc/bin/../lib/gcc/arm-none-eabi/4.7.3/armv6-m\libgcc.a(muldf3.o)
                              ..\..\..\Downloads\arm-none-eabi\lib\stm32plus-040000\libstm32plus-debug-f030-8000000.a(StringUtil.o) (__aeabi_dmul)
c:/program files (x86)/emblocks/2.30/share/em_armgcc/bin/../lib/gcc/arm-none-eabi/4.7.3/armv6-m\libgcc.a(subdf3.o)
                              ..\..\..\Downloads\arm-none-eabi\lib\stm32plus-040000\libstm32plus-debug-f030-8000000.a(StringUtil.o) (__aeabi_dsub)
c:/program files (x86)/emblocks/2.30/share/em_armgcc/bin/../lib/gcc/arm-none-eabi/4.7.3/armv6-m\libgcc.a(fixdfsi.o)
                              c:/program files (x86)/emblocks/2.30/share/em_armgcc/bin/../lib/gcc/arm-none-eabi/4.7.3/armv6-m\libgcc.a(_fixunsdfsi.o) (__aeabi_d2iz)
[...]
Memory Configuration

Name             Origin             Length             Attributes
FLASH            0x08000000         0x00010000         xr
RAM              0x20000000         0x00002000         xrw
MEMORY_B1        0x60000000         0x00000000         xr
*default*        0x00000000         0xffffffff

Linker script and memory map

LOAD c:/program files (x86)/emblocks/2.30/share/em_armgcc/bin/../lib/gcc/arm-none-eabi/4.7.3/../../../../arm-none-eabi/lib/armv6-m\librdimon.a
                0x00000000                __HEAP_SIZE = 0x0
                0x00001000                __STACK_SIZE = 0x1000
                0x20002000                _estack = 0x20002000
                0x00000000                _Min_Heap_Size = 0x0
                0x00000400                _Min_Stack_Size = 0x400

.isr_vector     0x08000000       0xb8
                0x08000000                . = ALIGN (0x4)
 *(.isr_vector)
 .isr_vector    0x08000000       0xb8 obj\debug\startup.o
                0x08000000                g_pfnVectors
                0x080000b8                . = ALIGN (0x4)

.text           0x080000b8     0x3b4c
                0x080000b8                . = ALIGN (0x4)
 *(.text)
 .text          0x080000b8       0x9c c:/program files (x86)/emblocks/2.30/share/em_armgcc/bin/../lib/gcc/arm-none-eabi/4.7.3/armv6-m\libgcc.a(_udivsi3.o)
                0x080000b8                __aeabi_uidiv
                0x080000b8                __udivsi3
                0x08000140                __aeabi_uidivmod
 .text          0x08000154       0xc0 c:/program files (x86)/emblocks/2.30/share/em_armgcc/bin/../lib/gcc/arm-none-eabi/4.7.3/armv6-m\libgcc.a(_divsi3.o)
                0x08000154                __divsi3
                0x08000154                __aeabi_idiv
                0x08000200                __aeabi_idivmod
 .text          0x08000214        0x4 c:/program files (x86)/emblocks/2.30/share/em_armgcc/bin/../lib/gcc/arm-none-eabi/4.7.3/armv6-m\libgcc.a(_dvmd_tls.o)
                0x08000214                __aeabi_idiv0
                0x08000214                __aeabi_ldiv0
 *(.text*)
 .text.Reset_Handler
                0x08000218       0x4c obj\debug\startup.o
                0x08000218                Reset_Handler
 .text.Default_Handler
                0x08000264        0x2 obj\debug\startup.o
                0x08000264                TIM1_CC_IRQHandler
                0x08000264                HardFault_Handler
                0x08000264                PendSV_Handler
                0x08000264                NMI_Handler
                0x08000264                I2C1_IRQHandler
                0x08000264                SPI1_IRQHandler
                0x08000264                EXTI2_3_IRQHandler
                0x08000264                ADC1_IRQHandler
                0x08000264                I2C2_IRQHandler
                0x08000264                TIM17_IRQHandler
                0x08000264                RTC_IRQHandler
                0x08000264                TIM16_IRQHandler
                0x08000264                RCC_IRQHandler
                0x08000264                DMA1_Channel1_IRQHandler
                0x08000264                Default_Handler
                0x08000264                TIM14_IRQHandler
                0x08000264                DMA1_Channel4_5_IRQHandler
                0x08000264                TIM15_IRQHandler
                0x08000264                EXTI0_1_IRQHandler
                0x08000264                SPI2_IRQHandler
                0x08000264                SVC_Handler
                0x08000264                WWDG_IRQHandler
                0x08000264                DMA1_Channel2_3_IRQHandler
                0x08000264                USART2_IRQHandler
                0x08000264                FLASH_IRQHandler
                0x08000264                USART1_IRQHandler
                0x08000264                TIM1_BRK_UP_TRG_COM_IRQHandler
 *fill*         0x08000266        0x2 
 .text.SystemInit
                0x08000268       0x8c obj\debug\system.o
                0x08000268                SystemInit
 .text.SetSysClock
                0x080002f4       0x88 obj\debug\system.o
 .text._ZN9stm32plus12GpioPortBaseC2EP12GPIO_TypeDef
                0x0800037c       0x1c obj\debug\main.o
                0x0800037c                stm32plus::GpioPortBase::GpioPortBase(GPIO_TypeDef*)
                0x0800037c                stm32plus::GpioPortBase::GpioPortBase(GPIO_TypeDef*)
 .text._ZN9stm32plus12GpioPortBase13setPinHandlerEhPNS_4GpioE
                0x08000398       0x28 obj\debug\main.o
                0x08000398                stm32plus::GpioPortBase::setPinHandler(unsigned char, stm32plus::Gpio*)
 .text._ZNK9stm32plus12GpioPortBase20getPeripheralAddressEv
                0x080003c0       0x14 obj\debug\main.o
                0x080003c0                stm32plus::GpioPortBase::getPeripheralAddress() const
 .text._ZN9stm32plus4GpioC2ERNS_12GpioPortBaseE
                0x080003d4       0x28 obj\debug\main.o
                0x080003d4                stm32plus::Gpio::Gpio(stm32plus::GpioPortBase&)
                0x080003d4                stm32plus::Gpio::Gpio(stm32plus::GpioPortBase&)
 .text._ZN9stm32plus4Gpio14setSelectedPinEh
                0x080003fc       0x28 obj\debug\main.o
                0x080003fc                stm32plus::Gpio::setSelectedPin(unsigned char)
 .text._ZNK9stm32plus4Gpio8setStateEb
                0x08000424       0x34 obj\debug\main.o
                0x08000424                stm32plus::Gpio::setState(bool) const
 .text._ZNK9stm32plus4Gpio4readEv
                0x08000458       0x28 obj\debug\main.o
                0x08000458                stm32plus::Gpio::read() const
 .text._ZNK9stm32plus4Gpio10enableExtiEv
                0x08000480       0x40 obj\debug\main.o
                0x08000480                stm32plus::Gpio::enableExti() const
 .text._ZNK9stm32plus4Gpio19getPortAndPinSourceERhS1_
                0x080004c0      0x18c obj\debug\main.o
                0x080004c0                stm32plus::Gpio::getPortAndPinSource(unsigned char&, unsigned char&) const
 .text._ZN9stm32plus10gpioHelper13getPeripheralILm1207959552EEEmv
                0x0800064c       0x10 obj\debug\main.o
                0x0800064c                unsigned long stm32plus::gpioHelper::getPeripheral<1207959552ul>()
 .text._ZN9stm32plus4Nvic10initialiseEm
                0x0800065c       0x10 obj\debug\main.o
                0x0800065c                stm32plus::Nvic::initialise(unsigned long)
 .text._ZN9stm32plus4Nvic12configureIrqEh15FunctionalStatehh
                0x0800066c       0x4c obj\debug\main.o
                0x0800066c                stm32plus::Nvic::configureIrq(unsigned char, FunctionalState, unsigned char, unsigned char)
 .text._ZN9stm32plus12ClockControlILNS_14PeripheralNameE33EE2OnEv
                0x080006b8       0x10 obj\debug\main.o
                0x080006b8                stm32plus::ClockControl<(stm32plus::PeripheralName)33>::On()
 .text._ZSt17__slist_make_linkPSt16_Slist_node_baseS0_
                0x080006c8       0x24 obj\debug\main.o
                0x080006c8                std::__slist_make_link(std::_Slist_node_base*, std::_Slist_node_base*)
 .text._ZSt12__slist_sizePSt16_Slist_node_base
                0x080006ec       0x30 obj\debug\main.o
                0x080006ec                std::__slist_size(std::_Slist_node_base*)
 .text._ZN12fastdelegate15DelegateMementoC2Ev
                0x0800071c       0x24 obj\debug\main.o
                0x0800071c                fastdelegate::DelegateMemento::DelegateMemento()
                0x0800071c                fastdelegate::DelegateMemento::DelegateMemento()
 .text._ZN12fastdelegate15DelegateMemento5clearEv
                0x08000740       0x20 obj\debug\main.o
                0x08000740                fastdelegate::DelegateMemento::clear()
 .text._ZN12fastdelegate15DelegateMemento14SetMementoFromERKS0_
                0x08000760       0x24 obj\debug\main.o
                0x08000760                fastdelegate::DelegateMemento::SetMementoFrom(fastdelegate::DelegateMemento const&)
 .text._ZN9stm32plus18ExtiPeripheralBase20initialisePeripheralEm16EXTIMode_TypeDef19EXTITrigger_TypeDef
                0x08000784       0x50 obj\debug\main.o
                0x08000784                stm32plus::ExtiPeripheralBase::initialisePeripheral(unsigned long, EXTIMode_TypeDef, EXTITrigger_TypeDef)
 .text._ZN9stm32plus20ExtiInterruptEnablerILh6EE6enableEv
                0x080007d4       0x24 obj\debug\main.o
                0x080007d4                stm32plus::ExtiInterruptEnabler<(unsigned char)6>::enable()
 .text._ZN9stm32plus5Exti6C2E16EXTIMode_TypeDef19EXTITrigger_TypeDefRKNS_4GpioE
                0x080007f8       0x50 obj\debug\main.o
                0x080007f8                stm32plus::Exti6::Exti6(EXTIMode_TypeDef, EXTITrigger_TypeDef, stm32plus::Gpio const&)
                0x080007f8                stm32plus::Exti6::Exti6(EXTIMode_TypeDef, EXTITrigger_TypeDef, stm32plus::Gpio const&)
 .text._ZN9stm32plus5TimerC2EP11TIM_TypeDef
                0x08000848       0x24 obj\debug\main.o
                0x08000848                stm32plus::Timer::Timer(TIM_TypeDef*)
                0x08000848                stm32plus::Timer::Timer(TIM_TypeDef*)
 .text._ZN9stm32plus5Timer18initialiseTimeBaseEmttt
                0x0800086c       0x4c obj\debug\main.o
                0x0800086c                stm32plus::Timer::initialiseTimeBase(unsigned long, unsigned short, unsigned short, unsigned short)
 .text._ZN9stm32plus5Timer22setTimeBaseByFrequencyEmmt
                0x080008b8       0x44 obj\debug\main.o
                0x080008b8                stm32plus::Timer::setTimeBaseByFrequency(unsigned long, unsigned long, unsigned short)
 .text._ZNK9stm32plus5Timer10getCounterEv
                0x080008fc       0x1c obj\debug\main.o
                0x080008fc                stm32plus::Timer::getCounter() const
 .text._ZN9stm32plus5Timer8setClockEm
                0x08000918       0x18 obj\debug\main.o
                0x08000918                stm32plus::Timer::setClock(unsigned long)
 .text._ZNK9stm32plus5Timer10setCounterEm
                0x08000930       0x20 obj\debug\main.o
                0x08000930                stm32plus::Timer::setCounter(unsigned long) const
 .text._ZN9stm32plus5TimercvP11TIM_TypeDefEv
                0x08000950       0x14 obj\debug\main.o
                0x08000950                stm32plus::Timer::operator TIM_TypeDef*()
 .text._ZNK9stm32plus5Timer16enablePeripheralEv
                0x08000964       0x1c obj\debug\main.o
                0x08000964                stm32plus::Timer::enablePeripheral() const
 .text._ZNK9stm32plus5Timer17disablePeripheralEv
                0x08000980       0x1c obj\debug\main.o
                0x08000980                stm32plus::Timer::disablePeripheral() const
 .text._ZN9stm32plus16TimerFeatureBaseC2ERNS_5TimerE
                0x0800099c       0x1c obj\debug\main.o
                0x0800099c                stm32plus::TimerFeatureBase::TimerFeatureBase(stm32plus::Timer&)
                0x0800099c                stm32plus::TimerFeatureBase::TimerFeatureBase(stm32plus::Timer&)
 .text._ZN9stm32plus28TimerInterruptFeatureEnablerILh3EE6enableEthh
                0x080009b8       0x40 obj\debug\main.o
                0x080009b8                stm32plus::TimerInterruptFeatureEnabler<(unsigned char)3>::enable(unsigned short, unsigned char, unsigned char)
 .text._ZN9stm32plus25TimerInternalClockFeatureC2ERNS_5TimerE
                0x080009f8       0x9c obj\debug\main.o
                0x080009f8                stm32plus::TimerInternalClockFeature::TimerInternalClockFeature(stm32plus::Timer&)
                0x080009f8                stm32plus::TimerInternalClockFeature::TimerInternalClockFeature(stm32plus::Timer&)
 .text._ZN9stm32plus11SemiHosting11__semi_callEiPKc
                0x08000a94       0x1c obj\debug\main.o
                0x08000a94                stm32plus::SemiHosting::__semi_call(int, char const*)
 .text._ZN9stm32plus11SemiHostinglsEPKc
                0x08000ab0       0x20 obj\debug\main.o
                0x08000ab0                stm32plus::SemiHosting::operator<<(char const*)
 .text._ZN9stm32plus11SemiHostinglsEm
                0x08000ad0       0x30 obj\debug\main.o
                0x08000ad0                stm32plus::SemiHosting::operator<<(unsigned long)
 .text._ZN9stm32plus11SemiHostinglsEi
                0x08000b00       0x30 obj\debug\main.o
                0x08000b00                stm32plus::SemiHosting::operator<<(int)
 .text._ZN9stm32plus11SemiHostinglsEh
                0x08000b30       0x28 obj\debug\main.o
                0x08000b30                stm32plus::SemiHosting::operator<<(unsigned char)
 .text._ZN2IRC2Ev
                0x08000b58      0x13c obj\debug\main.o
                0x08000b58                IR::IR()
                0x08000b58                IR::IR()
 .text._ZN2IR6decodeEPNS_10IR_PACKAGEE
                0x08000c94      0x29c obj\debug\main.o
                0x08000c94                IR::decode(IR::IR_PACKAGE*)
 .text._ZN2IR14IsReadCompleteEv
                0x08000f30       0x24 obj\debug\main.o
                0x08000f30                IR::IsReadComplete()
 .text._ZN2IR16Exti_onInterruptEh
                0x08000f54      0x10c obj\debug\main.o
                0x08000f54                IR::Exti_onInterrupt(unsigned char)
 .text._ZN2IR17Timer_onInterruptEN9stm32plus14TimerEventTypeEh
                0x08001060       0x54 obj\debug\main.o
                0x08001060                IR::Timer_onInterrupt(stm32plus::TimerEventType, unsigned char)
 .text.main     0x080010b4       0xb0 obj\debug\main.o
                0x080010b4                main
 .text._ZN4wink6signalINS_4slotIFvhEEEEC2Ev
                0x08001164       0x40 obj\debug\main.o
                0x08001164                wink::signal<wink::slot<void (unsigned char)> >::signal()
                0x08001164                wink::signal<wink::slot<void (unsigned char)> >::signal()
 .text._ZN9stm32plus18ExtiPeripheralBaseC2Ev
                0x080011a4       0x1c obj\debug\main.o
                0x080011a4                stm32plus::ExtiPeripheralBase::ExtiPeripheralBase()
                0x080011a4                stm32plus::ExtiPeripheralBase::ExtiPeripheralBase()
 .text._ZN4wink4slotIFvhEED2Ev
                0x080011c0       0x14 obj\debug\main.o
                0x080011c0                wink::slot<void (unsigned char)>::~slot()
                0x080011c0                wink::slot<void (unsigned char)>::~slot()
 .text._ZN9stm32plus14ExtiPeripheralILm64EEC2E16EXTIMode_TypeDef19EXTITrigger_TypeDef
                0x080011d4       0x40 obj\debug\main.o
                0x080011d4                stm32plus::ExtiPeripheral<64ul>::ExtiPeripheral(EXTIMode_TypeDef, EXTITrigger_TypeDef)
                0x080011d4                stm32plus::ExtiPeripheral<64ul>::ExtiPeripheral(EXTIMode_TypeDef, EXTITrigger_TypeDef)
 .text._ZN9stm32plus6Timer3IINS_25TimerInternalClockFeatureENS_21TimerInterruptFeatureILh3EEEEEC2Ev
                0x08001214       0x44 obj\debug\main.o
                0x08001214                stm32plus::Timer3<stm32plus::TimerInternalClockFeature, stm32plus::TimerInterruptFeature<(unsigned char)3> >::Timer3()
                0x08001214                stm32plus::Timer3<stm32plus::TimerInternalClockFeature, stm32plus::TimerInterruptFeature<(unsigned char)3> >::Timer3()
                0x08001214                stm32plus::Timer3<stm32plus::TimerInternalClockFeature, stm32plus::TimerInterruptFeature<(unsigned char)3> >::Timer3()
                0x08001214                stm32plus::Timer3<stm32plus::TimerInternalClockFeature, stm32plus::TimerInterruptFeature<(unsigned char)3> >::Timer3()
 .text._ZN9stm32plus8GpioPortILm1207959552EINS_19DigitalInputFeatureIL17GPIOSpeed_TypeDef3ELNS_4Gpio18GpioPullUpDownTypeE0EILh6EEEEEEC2Ev
                0x08001258       0x38 obj\debug\main.o
                0x08001258                stm32plus::GpioPort<1207959552ul, stm32plus::DigitalInputFeature<(GPIOSpeed_TypeDef)3, (stm32plus::Gpio::GpioPullUpDownType)0, (unsigned char)6> >::GpioPort()
                0x08001258                stm32plus::GpioPort<1207959552ul, stm32plus::DigitalInputFeature<(GPIOSpeed_TypeDef)3, (stm32plus::Gpio::GpioPullUpDownType)0, (unsigned char)6> >::GpioPort()
                0x08001258                stm32plus::GpioPort<1207959552ul, stm32plus::DigitalInputFeature<(GPIOSpeed_TypeDef)3, (stm32plus::Gpio::GpioPullUpDownType)0, (unsigned char)6> >::GpioPort()
                0x08001258                stm32plus::GpioPort<1207959552ul, stm32plus::DigitalInputFeature<(GPIOSpeed_TypeDef)3, (stm32plus::Gpio::GpioPullUpDownType)0, (unsigned char)6> >::GpioPort()
 .text._ZN9stm32plus8GpioPortILm1207959552EINS_19DigitalInputFeatureIL17GPIOSpeed_TypeDef3ELNS_4Gpio18GpioPullUpDownTypeE0EILh6EEEEEEixEh
                0x08001290       0x38 obj\debug\main.o
                0x08001290                stm32plus::GpioPort<1207959552ul, stm32plus::DigitalInputFeature<(GPIOSpeed_TypeDef)3, (stm32plus::Gpio::GpioPullUpDownType)0, (unsigned char)6> >::operator[](unsigned char)
                0x08001290                stm32plus::GpioPort<1207959552ul, stm32plus::DigitalInputFeature<(GPIOSpeed_TypeDef)3, (stm32plus::Gpio::GpioPullUpDownType)0, (unsigned char)6> >::operator[](unsigned char)
 .text._ZN4wink4slotIFvhEE4bindI2IRMS4_FvhEEES2_PT_T0_
                0x080012c8       0x2c obj\debug\main.o
                0x080012c8                wink::slot<void (unsigned char)> wink::slot<void (unsigned char)>::bind<IR, void (IR::*)(unsigned char)>(IR*, void (IR::*)(unsigned char))
 .text._ZN4wink6signalINS_4slotIFvhEEEE16insertSubscriberERKS3_
                0x080012f4       0x44 obj\debug\main.o
                0x080012f4                wink::signal<wink::slot<void (unsigned char)> >::insertSubscriber(wink::slot<void (unsigned char)> const&)
 .text._ZN4wink4slotIFvN9stm32plus14TimerEventTypeEhEE4bindI2IRMS6_FvS2_hEEES4_PT_T0_
                0x08001338       0x2c obj\debug\main.o
                0x08001338                wink::slot<void (stm32plus::TimerEventType, unsigned char)> wink::slot<void (stm32plus::TimerEventType, unsigned char)>::bind<IR, void (IR::*)(stm32plus::TimerEventType, unsigned char)>(IR*, void (IR::*)(stm32plus::TimerEventType, unsigned char))
 .text._ZN4wink4slotIFvN9stm32plus14TimerEventTypeEhEED2Ev
                0x08001364       0x14 obj\debug\main.o
                0x08001364                wink::slot<void (stm32plus::TimerEventType, unsigned char)>::~slot()
                0x08001364                wink::slot<void (stm32plus::TimerEventType, unsigned char)>::~slot()
 .text._ZN4wink6signalINS_4slotIFvN9stm32plus14TimerEventTypeEhEEEE16insertSubscriberERKS5_
                0x08001378       0x44 obj\debug\main.o
                0x08001378                wink::signal<wink::slot<void (stm32plus::TimerEventType, unsigned char)> >::insertSubscriber(wink::slot<void (stm32plus::TimerEventType, unsigned char)> const&)
 .text._ZNK9stm32plus21TimerInterruptFeatureILh3EE26clearPendingInterruptsFlagEt
                0x080013bc       0x2c obj\debug\main.o
                0x080013bc                stm32plus::TimerInterruptFeature<(unsigned char)3>::clearPendingInterruptsFlag(unsigned short) const
 .text._ZN9stm32plus21TimerInterruptFeatureILh3EE16enableInterruptsEt
                0x080013e8       0x50 obj\debug\main.o
                0x080013e8                stm32plus::TimerInterruptFeature<(unsigned char)3>::enableInterrupts(unsigned short)
 .text._ZN9stm32plus8GpioPortILm1207959552EINS_20DigitalOutputFeatureIL17GPIOSpeed_TypeDef3ELNS_4Gpio14GpioOutputTypeE1ELNS3_18GpioPullUpDownTypeE0EILh5EEEEEEC2Ev
                0x08001438       0x38 obj\debug\main.o
                0x08001438                stm32plus::GpioPort<1207959552ul, stm32plus::DigitalOutputFeature<(GPIOSpeed_TypeDef)3, (stm32plus::Gpio::GpioOutputType)1, (stm32plus::Gpio::GpioPullUpDownType)0, (unsigned char)5> >::GpioPort()
                0x08001438                stm32plus::GpioPort<1207959552ul, stm32plus::DigitalOutputFeature<(GPIOSpeed_TypeDef)3, (stm32plus::Gpio::GpioOutputType)1, (stm32plus::Gpio::GpioPullUpDownType)0, (unsigned char)5> >::GpioPort()
                0x08001438                stm32plus::GpioPort<1207959552ul, stm32plus::DigitalOutputFeature<(GPIOSpeed_TypeDef)3, (stm32plus::Gpio::GpioOutputType)1, (stm32plus::Gpio::GpioPullUpDownType)0, (unsigned char)5> >::GpioPort()
                0x08001438                stm32plus::GpioPort<1207959552ul, stm32plus::DigitalOutputFeature<(GPIOSpeed_TypeDef)3, (stm32plus::Gpio::GpioOutputType)1, (stm32plus::Gpio::GpioPullUpDownType)0, (unsigned char)5> >::GpioPort()
 .text._ZN9stm32plus8GpioPortILm1207959552EINS_20DigitalOutputFeatureIL17GPIOSpeed_TypeDef3ELNS_4Gpio14GpioOutputTypeE1ELNS3_18GpioPullUpDownTypeE0EILh5EEEEEEixEh
                0x08001470       0x38 obj\debug\main.o
                0x08001470                stm32plus::GpioPort<1207959552ul, stm32plus::DigitalOutputFeature<(GPIOSpeed_TypeDef)3, (stm32plus::Gpio::GpioOutputType)1, (stm32plus::Gpio::GpioPullUpDownType)0, (unsigned char)5> >::operator[](unsigned char)
                0x08001470                stm32plus::GpioPort<1207959552ul, stm32plus::DigitalOutputFeature<(GPIOSpeed_TypeDef)3, (stm32plus::Gpio::GpioOutputType)1, (stm32plus::Gpio::GpioPullUpDownType)0, (unsigned char)5> >::operator[](unsigned char)
 .text._ZN4wink4slotIFvhEEC2Ev
                0x080014a8       0x1c obj\debug\main.o
                0x080014a8                wink::slot<void (unsigned char)>::slot()
                0x080014a8                wink::slot<void (unsigned char)>::slot()
 .text._ZNSaIN4wink4slotIFvhEEEEC2Ev
                0x080014c4       0x14 obj\debug\main.o
                0x080014c4                std::allocator<wink::slot<void (unsigned char)> >::allocator()
                0x080014c4                std::allocator<wink::slot<void (unsigned char)> >::allocator()
 .text._ZNSaIN4wink4slotIFvhEEEED2Ev
                0x080014d8       0x14 obj\debug\main.o
                0x080014d8                std::allocator<wink::slot<void (unsigned char)> >::~allocator()
                0x080014d8                std::allocator<wink::slot<void (unsigned char)> >::~allocator()
 .text._ZNSt5slistIN4wink4slotIFvhEEESaIS3_EEC2ERKS4_
                0x080014ec       0x20 obj\debug\main.o
                0x080014ec                std::slist<wink::slot<void (unsigned char)>, std::allocator<wink::slot<void (unsigned char)> > >::slist(std::allocator<wink::slot<void (unsigned char)> > const&)
                0x080014ec                std::slist<wink::slot<void (unsigned char)>, std::allocator<wink::slot<void (unsigned char)> > >::slist(std::allocator<wink::slot<void (unsigned char)> > const&)
 .text._ZN9stm32plus19GeneralPurposeTimerINS_6Timer3IINS_25TimerInternalClockFeatureENS_21TimerInterruptFeatureILh3EEEEEELNS_14PeripheralNameE33EEC2EP11TIM_TypeDef
                0x0800150c       0x20 obj\debug\main.o
                0x0800150c                stm32plus::GeneralPurposeTimer<stm32plus::Timer3<stm32plus::TimerInternalClockFeature, stm32plus::TimerInterruptFeature<(unsigned char)3> >, (stm32plus::PeripheralName)33>::GeneralPurposeTimer(TIM_TypeDef*)
                0x0800150c                stm32plus::GeneralPurposeTimer<stm32plus::Timer3<stm32plus::TimerInternalClockFeature, stm32plus::TimerInterruptFeature<(unsigned char)3> >, (stm32plus::PeripheralName)33>::GeneralPurposeTimer(TIM_TypeDef*)
                0x0800150c                stm32plus::GeneralPurposeTimer<stm32plus::Timer3<stm32plus::TimerInternalClockFeature, stm32plus::TimerInterruptFeature<(unsigned char)3> >, (stm32plus::PeripheralName)33>::GeneralPurposeTimer(TIM_TypeDef*)
                0x0800150c                stm32plus::GeneralPurposeTimer<stm32plus::Timer3<stm32plus::TimerInternalClockFeature, stm32plus::TimerInterruptFeature<(unsigned char)3> >, (stm32plus::PeripheralName)33>::GeneralPurposeTimer(TIM_TypeDef*)
 .text._ZN4wink6signalINS_4slotIFvN9stm32plus14TimerEventTypeEhEEEEC2Ev
                0x0800152c       0x40 obj\debug\main.o
                0x0800152c                wink::signal<wink::slot<void (stm32plus::TimerEventType, unsigned char)> >::signal()
                0x0800152c                wink::signal<wink::slot<void (stm32plus::TimerEventType, unsigned char)> >::signal()
 .text._ZN9stm32plus16TimerEventSourceC2Ev
                0x0800156c       0x1c obj\debug\main.o
                0x0800156c                stm32plus::TimerEventSource::TimerEventSource()
                0x0800156c                stm32plus::TimerEventSource::TimerEventSource()
 .text._ZN9stm32plus21TimerInterruptFeatureILh3EEC2ERNS_5TimerE
                0x08001588       0x44 obj\debug\main.o
                0x08001588                stm32plus::TimerInterruptFeature<(unsigned char)3>::TimerInterruptFeature(stm32plus::Timer&)
                0x08001588                stm32plus::TimerInterruptFeature<(unsigned char)3>::TimerInterruptFeature(stm32plus::Timer&)
 .text._ZN9stm32plus8GpioPortILm1207959552EINS_19DigitalInputFeatureIL17GPIOSpeed_TypeDef3ELNS_4Gpio18GpioPullUpDownTypeE0EILh6EEEEEE9initClockEv
                0x080015cc       0x24 obj\debug\main.o
                0x080015cc                stm32plus::GpioPort<1207959552ul, stm32plus::DigitalInputFeature<(GPIOSpeed_TypeDef)3, (stm32plus::Gpio::GpioPullUpDownType)0, (unsigned char)6> >::initClock()
                0x080015cc                stm32plus::GpioPort<1207959552ul, stm32plus::DigitalInputFeature<(GPIOSpeed_TypeDef)3, (stm32plus::Gpio::GpioPullUpDownType)0, (unsigned char)6> >::initClock()
 .text._ZN9stm32plus19DigitalInputFeatureIL17GPIOSpeed_TypeDef3ELNS_4Gpio18GpioPullUpDownTypeE0EILh6EEEC2ERNS_12GpioPortBaseE
                0x080015f0       0x40 obj\debug\main.o
                0x080015f0                stm32plus::DigitalInputFeature<(GPIOSpeed_TypeDef)3, (stm32plus::Gpio::GpioPullUpDownType)0, (unsigned char)6>::DigitalInputFeature(stm32plus::GpioPortBase&)
                0x080015f0                stm32plus::DigitalInputFeature<(GPIOSpeed_TypeDef)3, (stm32plus::Gpio::GpioPullUpDownType)0, (unsigned char)6>::DigitalInputFeature(stm32plus::GpioPortBase&)
                0x080015f0                stm32plus::DigitalInputFeature<(GPIOSpeed_TypeDef)3, (stm32plus::Gpio::GpioPullUpDownType)0, (unsigned char)6>::DigitalInputFeature(stm32plus::GpioPortBase&)
                0x080015f0                stm32plus::DigitalInputFeature<(GPIOSpeed_TypeDef)3, (stm32plus::Gpio::GpioPullUpDownType)0, (unsigned char)6>::DigitalInputFeature(stm32plus::GpioPortBase&)
 .text._ZN4wink4slotIFvhEEC2I2IRMS4_FvhEEEPT_T0_
                0x08001630       0x2c obj\debug\main.o
                0x08001630                wink::slot<void (unsigned char)>::slot<IR, void (IR::*)(unsigned char)>(IR*, void (IR::*)(unsigned char))
                0x08001630                wink::slot<void (unsigned char)>::slot<IR, void (IR::*)(unsigned char)>(IR*, void (IR::*)(unsigned char))
 .text._ZN12fastdelegate12FastDelegateIFvhEEC2ERKS2_
                0x0800165c       0x20 obj\debug\main.o
                0x0800165c                fastdelegate::FastDelegate<void (unsigned char)>::FastDelegate(fastdelegate::FastDelegate<void (unsigned char)> const&)
                0x0800165c                fastdelegate::FastDelegate<void (unsigned char)>::FastDelegate(fastdelegate::FastDelegate<void (unsigned char)> const&)
 .text._ZN4wink4slotIFvhEEC2ERKS2_
                0x0800167c       0x20 obj\debug\main.o
                0x0800167c                wink::slot<void (unsigned char)>::slot(wink::slot<void (unsigned char)> const&)
                0x0800167c                wink::slot<void (unsigned char)>::slot(wink::slot<void (unsigned char)> const&)
 .text._ZNKSt5slistIN4wink4slotIFvhEEESaIS3_EE4sizeEv
                0x0800169c       0x1c obj\debug\main.o
                0x0800169c                std::slist<wink::slot<void (unsigned char)>, std::allocator<wink::slot<void (unsigned char)> > >::size() const
 .text._ZN12fastdelegate12FastDelegateIFvhEEaSERKS2_
                0x080016b8       0x20 obj\debug\main.o
                0x080016b8                fastdelegate::FastDelegate<void (unsigned char)>::operator=(fastdelegate::FastDelegate<void (unsigned char)> const&)
 .text._ZN4wink4slotIFvhEEaSERKS2_
                0x080016d8       0x20 obj\debug\main.o
                0x080016d8                wink::slot<void (unsigned char)>::operator=(wink::slot<void (unsigned char)> const&)
 .text._ZNSt5slistIN4wink4slotIFvhEEESaIS3_EE10push_frontERKS3_
                0x080016f8       0x28 obj\debug\main.o
                0x080016f8                std::slist<wink::slot<void (unsigned char)>, std::allocator<wink::slot<void (unsigned char)> > >::push_front(wink::slot<void (unsigned char)> const&)
 .text._ZN4wink4slotIFvN9stm32plus14TimerEventTypeEhEEC2I2IRMS6_FvS2_hEEEPT_T0_
                0x08001720       0x2c obj\debug\main.o
                0x08001720                wink::slot<void (stm32plus::TimerEventType, unsigned char)>::slot<IR, void (IR::*)(stm32plus::TimerEventType, unsigned char)>(IR*, void (IR::*)(stm32plus::TimerEventType, unsigned char))
                0x08001720                wink::slot<void (stm32plus::TimerEventType, unsigned char)>::slot<IR, void (IR::*)(stm32plus::TimerEventType, unsigned char)>(IR*, void (IR::*)(stm32plus::TimerEventType, unsigned char))
 .text._ZN12fastdelegate12FastDelegateIFvN9stm32plus14TimerEventTypeEhEEC2ERKS4_
                0x0800174c       0x20 obj\debug\main.o
                0x0800174c                fastdelegate::FastDelegate<void (stm32plus::TimerEventType, unsigned char)>::FastDelegate(fastdelegate::FastDelegate<void (stm32plus::TimerEventType, unsigned char)> const&)
                0x0800174c                fastdelegate::FastDelegate<void (stm32plus::TimerEventType, unsigned char)>::FastDelegate(fastdelegate::FastDelegate<void (stm32plus::TimerEventType, unsigned char)> const&)
 .text._ZN4wink4slotIFvN9stm32plus14TimerEventTypeEhEEC2ERKS4_
                0x0800176c       0x20 obj\debug\main.o
                0x0800176c                wink::slot<void (stm32plus::TimerEventType, unsigned char)>::slot(wink::slot<void (stm32plus::TimerEventType, unsigned char)> const&)
                0x0800176c                wink::slot<void (stm32plus::TimerEventType, unsigned char)>::slot(wink::slot<void (stm32plus::TimerEventType, unsigned char)> const&)
 .text._ZNKSt5slistIN4wink4slotIFvN9stm32plus14TimerEventTypeEhEEESaIS5_EE4sizeEv
                0x0800178c       0x1c obj\debug\main.o
                0x0800178c                std::slist<wink::slot<void (stm32plus::TimerEventType, unsigned char)>, std::allocator<wink::slot<void (stm32plus::TimerEventType, unsigned char)> > >::size() const
 .text._ZN12fastdelegate12FastDelegateIFvN9stm32plus14TimerEventTypeEhEEaSERKS4_
                0x080017a8       0x20 obj\debug\main.o
                0x080017a8                fastdelegate::FastDelegate<void (stm32plus::TimerEventType, unsigned char)>::operator=(fastdelegate::FastDelegate<void (stm32plus::TimerEventType, unsigned char)> const&)
 .text._ZN4wink4slotIFvN9stm32plus14TimerEventTypeEhEEaSERKS4_
                0x080017c8       0x20 obj\debug\main.o
                0x080017c8                wink::slot<void (stm32plus::TimerEventType, unsigned char)>::operator=(wink::slot<void (stm32plus::TimerEventType, unsigned char)> const&)
 .text._ZNSt5slistIN4wink4slotIFvN9stm32plus14TimerEventTypeEhEEESaIS5_EE10push_frontERKS5_
                0x080017e8       0x28 obj\debug\main.o
                0x080017e8                std::slist<wink::slot<void (stm32plus::TimerEventType, unsigned char)>, std::allocator<wink::slot<void (stm32plus::TimerEventType, unsigned char)> > >::push_front(wink::slot<void (stm32plus::TimerEventType, unsigned char)> const&)
 .text._ZN9stm32plus8GpioPortILm1207959552EINS_20DigitalOutputFeatureIL17GPIOSpeed_TypeDef3ELNS_4Gpio14GpioOutputTypeE1ELNS3_18GpioPullUpDownTypeE0EILh5EEEEEE9initClockEv
                0x08001810       0x24 obj\debug\main.o
                0x08001810                stm32plus::GpioPort<1207959552ul, stm32plus::DigitalOutputFeature<(GPIOSpeed_TypeDef)3, (stm32plus::Gpio::GpioOutputType)1, (stm32plus::Gpio::GpioPullUpDownType)0, (unsigned char)5> >::initClock()
                0x08001810                stm32plus::GpioPort<1207959552ul, stm32plus::DigitalOutputFeature<(GPIOSpeed_TypeDef)3, (stm32plus::Gpio::GpioOutputType)1, (stm32plus::Gpio::GpioPullUpDownType)0, (unsigned char)5> >::initClock()
 .text._ZN9stm32plus20DigitalOutputFeatureIL17GPIOSpeed_TypeDef3ELNS_4Gpio14GpioOutputTypeE1ELNS2_18GpioPullUpDownTypeE0EILh5EEEC2ERNS_12GpioPortBaseE
                0x08001834       0x44 obj\debug\main.o
                0x08001834                stm32plus::DigitalOutputFeature<(GPIOSpeed_TypeDef)3, (stm32plus::Gpio::GpioOutputType)1, (stm32plus::Gpio::GpioPullUpDownType)0, (unsigned char)5>::DigitalOutputFeature(stm32plus::GpioPortBase&)
                0x08001834                stm32plus::DigitalOutputFeature<(GPIOSpeed_TypeDef)3, (stm32plus::Gpio::GpioOutputType)1, (stm32plus::Gpio::GpioPullUpDownType)0, (unsigned char)5>::DigitalOutputFeature(stm32plus::GpioPortBase&)
                0x08001834                stm32plus::DigitalOutputFeature<(GPIOSpeed_TypeDef)3, (stm32plus::Gpio::GpioOutputType)1, (stm32plus::Gpio::GpioPullUpDownType)0, (unsigned char)5>::DigitalOutputFeature(stm32plus::GpioPortBase&)
                0x08001834                stm32plus::DigitalOutputFeature<(GPIOSpeed_TypeDef)3, (stm32plus::Gpio::GpioOutputType)1, (stm32plus::Gpio::GpioPullUpDownType)0, (unsigned char)5>::DigitalOutputFeature(stm32plus::GpioPortBase&)
 .text._ZN12fastdelegate12FastDelegateIFvhEEC2Ev
                0x08001878       0x1c obj\debug\main.o
                0x08001878                fastdelegate::FastDelegate<void (unsigned char)>::FastDelegate()
                0x08001878                fastdelegate::FastDelegate<void (unsigned char)>::FastDelegate()
 .text._ZNSt11_Slist_baseIN4wink4slotIFvhEEESaIS3_EEC2ERKS4_
                0x08001894       0x28 obj\debug\main.o
                0x08001894                std::_Slist_base<wink::slot<void (unsigned char)>, std::allocator<wink::slot<void (unsigned char)> > >::_Slist_base(std::allocator<wink::slot<void (unsigned char)> > const&)
                0x08001894                std::_Slist_base<wink::slot<void (unsigned char)>, std::allocator<wink::slot<void (unsigned char)> > >::_Slist_base(std::allocator<wink::slot<void (unsigned char)> > const&)
 .text._ZN9stm32plus15TimerPeripheralINS_6Timer3IINS_25TimerInternalClockFeatureENS_21TimerInterruptFeatureILh3EEEEEELNS_14PeripheralNameE33EEC2EP11TIM_TypeDef
                0x080018bc       0x30 obj\debug\main.o
                0x080018bc                stm32plus::TimerPeripheral<stm32plus::Timer3<stm32plus::TimerInternalClockFeature, stm32plus::TimerInterruptFeature<(unsigned char)3> >, (stm32plus::PeripheralName)33>::TimerPeripheral(TIM_TypeDef*)
                0x080018bc                stm32plus::TimerPeripheral<stm32plus::Timer3<stm32plus::TimerInternalClockFeature, stm32plus::TimerInterruptFeature<(unsigned char)3> >, (stm32plus::PeripheralName)33>::TimerPeripheral(TIM_TypeDef*)
                0x080018bc                stm32plus::TimerPeripheral<stm32plus::Timer3<stm32plus::TimerInternalClockFeature, stm32plus::TimerInterruptFeature<(unsigned char)3> >, (stm32plus::PeripheralName)33>::TimerPeripheral(TIM_TypeDef*)
                0x080018bc                stm32plus::TimerPeripheral<stm32plus::Timer3<stm32plus::TimerInternalClockFeature, stm32plus::TimerInterruptFeature<(unsigned char)3> >, (stm32plus::PeripheralName)33>::TimerPeripheral(TIM_TypeDef*)
 .text._ZN4wink4slotIFvN9stm32plus14TimerEventTypeEhEEC2Ev
                0x080018ec       0x1c obj\debug\main.o
                0x080018ec                wink::slot<void (stm32plus::TimerEventType, unsigned char)>::slot()
                0x080018ec                wink::slot<void (stm32plus::TimerEventType, unsigned char)>::slot()
 .text._ZNSaIN4wink4slotIFvN9stm32plus14TimerEventTypeEhEEEEC2Ev
                0x08001908       0x14 obj\debug\main.o
                0x08001908                std::allocator<wink::slot<void (stm32plus::TimerEventType, unsigned char)> >::allocator()
                0x08001908                std::allocator<wink::slot<void (stm32plus::TimerEventType, unsigned char)> >::allocator()
 .text._ZNSaIN4wink4slotIFvN9stm32plus14TimerEventTypeEhEEEED2Ev
                0x0800191c       0x14 obj\debug\main.o
                0x0800191c                std::allocator<wink::slot<void (stm32plus::TimerEventType, unsigned char)> >::~allocator()
                0x0800191c                std::allocator<wink::slot<void (stm32plus::TimerEventType, unsigned char)> >::~allocator()
 .text._ZNSt5slistIN4wink4slotIFvN9stm32plus14TimerEventTypeEhEEESaIS5_EEC2ERKS6_
                0x08001930       0x20 obj\debug\main.o
                0x08001930                std::slist<wink::slot<void (stm32plus::TimerEventType, unsigned char)>, std::allocator<wink::slot<void (stm32plus::TimerEventType, unsigned char)> > >::slist(std::allocator<wink::slot<void (stm32plus::TimerEventType, unsigned char)> > const&)
                0x08001930                std::slist<wink::slot<void (stm32plus::TimerEventType, unsigned char)>, std::allocator<wink::slot<void (stm32plus::TimerEventType, unsigned char)> > >::slist(std::allocator<wink::slot<void (stm32plus::TimerEventType, unsigned char)> > const&)
 .text._ZN9stm32plus12_GLOBAL__N_112GpioPinMergeILh6EEEvRm
                0x08001950       0x1c obj\debug\main.o
 .text._ZN9stm32plus19DigitalInputFeatureIL17GPIOSpeed_TypeDef3ELNS_4Gpio18GpioPullUpDownTypeE0EILh6EEE10initialiseEtS1_S3_
                0x0800196c       0xc8 obj\debug\main.o
                0x0800196c                stm32plus::DigitalInputFeature<(GPIOSpeed_TypeDef)3, (stm32plus::Gpio::GpioPullUpDownType)0, (unsigned char)6>::initialise(unsigned short, GPIOSpeed_TypeDef, stm32plus::Gpio::GpioPullUpDownType)
                0x0800196c                stm32plus::DigitalInputFeature<(GPIOSpeed_TypeDef)3, (stm32plus::Gpio::GpioPullUpDownType)0, (unsigned char)6>::initialise(unsigned short, GPIOSpeed_TypeDef, stm32plus::Gpio::GpioPullUpDownType)
 .text._ZN12fastdelegate12FastDelegateIFvhEEC2I2IRS4_EEPT0_MT_FvhE
                0x08001a34       0x2c obj\debug\main.o
                0x08001a34                fastdelegate::FastDelegate<void (unsigned char)>::FastDelegate<IR, IR>(IR*, void (IR::*)(unsigned char))
                0x08001a34                fastdelegate::FastDelegate<void (unsigned char)>::FastDelegate<IR, IR>(IR*, void (IR::*)(unsigned char))
 .text._ZN12fastdelegate6detail10ClosurePtrIMNS0_12GenericClassEFvhEPFvhES6_EC2Ev
                0x08001a60       0x1c obj\debug\main.o
                0x08001a60                fastdelegate::detail::ClosurePtr<void (fastdelegate::detail::GenericClass::*)(unsigned char), void (*)(unsigned char), void (*)(unsigned char)>::ClosurePtr()
                0x08001a60                fastdelegate::detail::ClosurePtr<void (fastdelegate::detail::GenericClass::*)(unsigned char), void (*)(unsigned char), void (*)(unsigned char)>::ClosurePtr()
 .text._ZN12fastdelegate13FastDelegate1IhvEC2ERKS1_
                0x08001a7c       0x2c obj\debug\main.o
                0x08001a7c                fastdelegate::FastDelegate1<unsigned char, void>::FastDelegate1(fastdelegate::FastDelegate1<unsigned char, void> const&)
                0x08001a7c                fastdelegate::FastDelegate1<unsigned char, void>::FastDelegate1(fastdelegate::FastDelegate1<unsigned char, void> const&)
 .text._ZN12fastdelegate13FastDelegate1IhvEaSERKS1_
                0x08001aa8       0x20 obj\debug\main.o
                0x08001aa8                fastdelegate::FastDelegate1<unsigned char, void>::operator=(fastdelegate::FastDelegate1<unsigned char, void> const&)
 .text._ZNSt5slistIN4wink4slotIFvhEEESaIS3_EE14_M_create_nodeERKS3_
                0x08001ac8       0x34 obj\debug\main.o
                0x08001ac8                std::slist<wink::slot<void (unsigned char)>, std::allocator<wink::slot<void (unsigned char)> > >::_M_create_node(wink::slot<void (unsigned char)> const&)
 .text._ZN12fastdelegate12FastDelegateIFvN9stm32plus14TimerEventTypeEhEEC2I2IRS6_EEPT0_MT_FvS2_hE
                0x08001afc       0x2c obj\debug\main.o
                0x08001afc                fastdelegate::FastDelegate<void (stm32plus::TimerEventType, unsigned char)>::FastDelegate<IR, IR>(IR*, void (IR::*)(stm32plus::TimerEventType, unsigned char))
                0x08001afc                fastdelegate::FastDelegate<void (stm32plus::TimerEventType, unsigned char)>::FastDelegate<IR, IR>(IR*, void (IR::*)(stm32plus::TimerEventType, unsigned char))
 .text._ZN12fastdelegate6detail10ClosurePtrIMNS0_12GenericClassEFvN9stm32plus14TimerEventTypeEhEPFvS4_hES8_EC2Ev
                0x08001b28       0x1c obj\debug\main.o
                0x08001b28                fastdelegate::detail::ClosurePtr<void (fastdelegate::detail::GenericClass::*)(stm32plus::TimerEventType, unsigned char), void (*)(stm32plus::TimerEventType, unsigned char), void (*)(stm32plus::TimerEventType, unsigned char)>::ClosurePtr()
                0x08001b28                fastdelegate::detail::ClosurePtr<void (fastdelegate::detail::GenericClass::*)(stm32plus::TimerEventType, unsigned char), void (*)(stm32plus::TimerEventType, unsigned char), void (*)(stm32plus::TimerEventType, unsigned char)>::ClosurePtr()
 .text._ZN12fastdelegate13FastDelegate2IN9stm32plus14TimerEventTypeEhvEC2ERKS3_
                0x08001b44       0x2c obj\debug\main.o
                0x08001b44                fastdelegate::FastDelegate2<stm32plus::TimerEventType, unsigned char, void>::FastDelegate2(fastdelegate::FastDelegate2<stm32plus::TimerEventType, unsigned char, void> const&)
                0x08001b44                fastdelegate::FastDelegate2<stm32plus::TimerEventType, unsigned char, void>::FastDelegate2(fastdelegate::FastDelegate2<stm32plus::TimerEventType, unsigned char, void> const&)
 .text._ZN12fastdelegate13FastDelegate2IN9stm32plus14TimerEventTypeEhvEaSERKS3_
                0x08001b70       0x20 obj\debug\main.o
                0x08001b70                fastdelegate::FastDelegate2<stm32plus::TimerEventType, unsigned char, void>::operator=(fastdelegate::FastDelegate2<stm32plus::TimerEventType, unsigned char, void> const&)
 .text._ZNSt5slistIN4wink4slotIFvN9stm32plus14TimerEventTypeEhEEESaIS5_EE14_M_create_nodeERKS5_
                0x08001b90       0x34 obj\debug\main.o
                0x08001b90                std::slist<wink::slot<void (stm32plus::TimerEventType, unsigned char)>, std::allocator<wink::slot<void (stm32plus::TimerEventType, unsigned char)> > >::_M_create_node(wink::slot<void (stm32plus::TimerEventType, unsigned char)> const&)
 .text._ZN9stm32plus12_GLOBAL__N_112GpioPinMergeILh5EEEvRm
                0x08001bc4       0x1c obj\debug\main.o
 .text._ZN9stm32plus20DigitalOutputFeatureIL17GPIOSpeed_TypeDef3ELNS_4Gpio14GpioOutputTypeE1ELNS2_18GpioPullUpDownTypeE0EILh5EEE10initialiseEtS1_S3_S4_
                0x08001be0       0xe0 obj\debug\main.o
                0x08001be0                stm32plus::DigitalOutputFeature<(GPIOSpeed_TypeDef)3, (stm32plus::Gpio::GpioOutputType)1, (stm32plus::Gpio::GpioPullUpDownType)0, (unsigned char)5>::initialise(unsigned short, GPIOSpeed_TypeDef, stm32plus::Gpio::GpioOutputType, stm32plus::Gpio::GpioPullUpDownType)
                0x08001be0                stm32plus::DigitalOutputFeature<(GPIOSpeed_TypeDef)3, (stm32plus::Gpio::GpioOutputType)1, (stm32plus::Gpio::GpioPullUpDownType)0, (unsigned char)5>::initialise(unsigned short, GPIOSpeed_TypeDef, stm32plus::Gpio::GpioOutputType, stm32plus::Gpio::GpioPullUpDownType)
 .text._ZN12fastdelegate13FastDelegate1IhvEC2Ev
                0x08001cc0       0x24 obj\debug\main.o
                0x08001cc0                fastdelegate::FastDelegate1<unsigned char, void>::FastDelegate1()
                0x08001cc0                fastdelegate::FastDelegate1<unsigned char, void>::FastDelegate1()
 .text._ZNSt17_Slist_alloc_baseIN4wink4slotIFvhEEESaIS3_ELb1EEC2ERKS4_
                0x08001ce4       0x14 obj\debug\main.o
                0x08001ce4                std::_Slist_alloc_base<wink::slot<void (unsigned char)>, std::allocator<wink::slot<void (unsigned char)> >, true>::_Slist_alloc_base(std::allocator<wink::slot<void (unsigned char)> > const&)
                0x08001ce4                std::_Slist_alloc_base<wink::slot<void (unsigned char)>, std::allocator<wink::slot<void (unsigned char)> >, true>::_Slist_alloc_base(std::allocator<wink::slot<void (unsigned char)> > const&)
 .text._ZN12fastdelegate12FastDelegateIFvN9stm32plus14TimerEventTypeEhEEC2Ev
                0x08001cf8       0x1c obj\debug\main.o
                0x08001cf8                fastdelegate::FastDelegate<void (stm32plus::TimerEventType, unsigned char)>::FastDelegate()
                0x08001cf8                fastdelegate::FastDelegate<void (stm32plus::TimerEventType, unsigned char)>::FastDelegate()
 .text._ZNSt11_Slist_baseIN4wink4slotIFvN9stm32plus14TimerEventTypeEhEEESaIS5_EEC2ERKS6_
                0x08001d14       0x28 obj\debug\main.o
                0x08001d14                std::_Slist_base<wink::slot<void (stm32plus::TimerEventType, unsigned char)>, std::allocator<wink::slot<void (stm32plus::TimerEventType, unsigned char)> > >::_Slist_base(std::allocator<wink::slot<void (stm32plus::TimerEventType, unsigned char)> > const&)
                0x08001d14                std::_Slist_base<wink::slot<void (stm32plus::TimerEventType, unsigned char)>, std::allocator<wink::slot<void (stm32plus::TimerEventType, unsigned char)> > >::_Slist_base(std::allocator<wink::slot<void (stm32plus::TimerEventType, unsigned char)> > const&)
 .text._ZN12fastdelegate13FastDelegate1IhvEC2I2IRS3_EEPT0_MT_FvhE
                0x08001d3c       0x3c obj\debug\main.o
                0x08001d3c                fastdelegate::FastDelegate1<unsigned char, void>::FastDelegate1<IR, IR>(IR*, void (IR::*)(unsigned char))
                0x08001d3c                fastdelegate::FastDelegate1<unsigned char, void>::FastDelegate1<IR, IR>(IR*, void (IR::*)(unsigned char))
 .text._ZN12fastdelegate6detail10ClosurePtrIMNS0_12GenericClassEFvhEPFvhES6_E8CopyFromINS_13FastDelegate1IhvEEEEvPT_RKNS_15DelegateMementoE
                0x08001d78       0x20 obj\debug\main.o
                0x08001d78                void fastdelegate::detail::ClosurePtr<void (fastdelegate::detail::GenericClass::*)(unsigned char), void (*)(unsigned char), void (*)(unsigned char)>::CopyFrom<fastdelegate::FastDelegate1<unsigned char, void> >(fastdelegate::FastDelegate1<unsigned char, void>*, fastdelegate::DelegateMemento const&)
 .text._ZNSt17_Slist_alloc_baseIN4wink4slotIFvhEEESaIS3_ELb1EE11_M_get_nodeEv
                0x08001d98       0x18 obj\debug\main.o
                0x08001d98                std::_Slist_alloc_base<wink::slot<void (unsigned char)>, std::allocator<wink::slot<void (unsigned char)> >, true>::_M_get_node()
 .text._ZSt9constructIN4wink4slotIFvhEEES3_EvPT_RKT0_
                0x08001db0       0x1c obj\debug\main.o
                0x08001db0                void std::construct<wink::slot<void (unsigned char)>, wink::slot<void (unsigned char)> >(wink::slot<void (unsigned char)>*, wink::slot<void (unsigned char)> const&)
 .text._ZN12fastdelegate13FastDelegate2IN9stm32plus14TimerEventTypeEhvEC2I2IRS5_EEPT0_MT_FvS2_hE
                0x08001dcc       0x3c obj\debug\main.o
                0x08001dcc                fastdelegate::FastDelegate2<stm32plus::TimerEventType, unsigned char, void>::FastDelegate2<IR, IR>(IR*, void (IR::*)(stm32plus::TimerEventType, unsigned char))
                0x08001dcc                fastdelegate::FastDelegate2<stm32plus::TimerEventType, unsigned char, void>::FastDelegate2<IR, IR>(IR*, void (IR::*)(stm32plus::TimerEventType, unsigned char))
 .text._ZN12fastdelegate6detail10ClosurePtrIMNS0_12GenericClassEFvN9stm32plus14TimerEventTypeEhEPFvS4_hES8_E8CopyFromINS_13FastDelegate2IS4_hvEEEEvPT_RKNS_15DelegateMementoE
                0x08001e08       0x20 obj\debug\main.o
                0x08001e08                void fastdelegate::detail::ClosurePtr<void (fastdelegate::detail::GenericClass::*)(stm32plus::TimerEventType, unsigned char), void (*)(stm32plus::TimerEventType, unsigned char), void (*)(stm32plus::TimerEventType, unsigned char)>::CopyFrom<fastdelegate::FastDelegate2<stm32plus::TimerEventType, unsigned char, void> >(fastdelegate::FastDelegate2<stm32plus::TimerEventType, unsigned char, void>*, fastdelegate::DelegateMemento const&)
 .text._ZNSt17_Slist_alloc_baseIN4wink4slotIFvN9stm32plus14TimerEventTypeEhEEESaIS5_ELb1EE11_M_get_nodeEv
                0x08001e28       0x18 obj\debug\main.o
                0x08001e28                std::_Slist_alloc_base<wink::slot<void (stm32plus::TimerEventType, unsigned char)>, std::allocator<wink::slot<void (stm32plus::TimerEventType, unsigned char)> >, true>::_M_get_node()
 .text._ZSt9constructIN4wink4slotIFvN9stm32plus14TimerEventTypeEhEEES5_EvPT_RKT0_
                0x08001e40       0x1c obj\debug\main.o
                0x08001e40                void std::construct<wink::slot<void (stm32plus::TimerEventType, unsigned char)>, wink::slot<void (stm32plus::TimerEventType, unsigned char)> >(wink::slot<void (stm32plus::TimerEventType, unsigned char)>*, wink::slot<void (stm32plus::TimerEventType, unsigned char)> const&)
 .text._ZN12fastdelegate13FastDelegate1IhvE5clearEv
                0x08001e5c       0x18 obj\debug\main.o
                0x08001e5c                fastdelegate::FastDelegate1<unsigned char, void>::clear()
 .text._ZN12fastdelegate13FastDelegate2IN9stm32plus14TimerEventTypeEhvEC2Ev
                0x08001e74       0x24 obj\debug\main.o
                0x08001e74                fastdelegate::FastDelegate2<stm32plus::TimerEventType, unsigned char, void>::FastDelegate2()
                0x08001e74                fastdelegate::FastDelegate2<stm32plus::TimerEventType, unsigned char, void>::FastDelegate2()
 .text._ZNSt17_Slist_alloc_baseIN4wink4slotIFvN9stm32plus14TimerEventTypeEhEEESaIS5_ELb1EEC2ERKS6_
                0x08001e98       0x14 obj\debug\main.o
                0x08001e98                std::_Slist_alloc_base<wink::slot<void (stm32plus::TimerEventType, unsigned char)>, std::allocator<wink::slot<void (stm32plus::TimerEventType, unsigned char)> >, true>::_Slist_alloc_base(std::allocator<wink::slot<void (stm32plus::TimerEventType, unsigned char)> > const&)
                0x08001e98                std::_Slist_alloc_base<wink::slot<void (stm32plus::TimerEventType, unsigned char)>, std::allocator<wink::slot<void (stm32plus::TimerEventType, unsigned char)> >, true>::_Slist_alloc_base(std::allocator<wink::slot<void (stm32plus::TimerEventType, unsigned char)> > const&)
 .text._ZN12fastdelegate6detail13implicit_castIP2IRS3_EET_T0_
                0x08001eac       0x14 obj\debug\main.o
                0x08001eac                IR* fastdelegate::detail::implicit_cast<IR*, IR*>(IR*)
 .text._ZN12fastdelegate6detail10ClosurePtrIMNS0_12GenericClassEFvhEPFvhES6_E11bindmemfuncI2IRMS9_FvhEEEvPT_T0_
                0x08001ec0       0x30 obj\debug\main.o
                0x08001ec0                void fastdelegate::detail::ClosurePtr<void (fastdelegate::detail::GenericClass::*)(unsigned char), void (*)(unsigned char), void (*)(unsigned char)>::bindmemfunc<IR, void (IR::*)(unsigned char)>(IR*, void (IR::*)(unsigned char))
 .text._ZNSt12simple_allocISt11_Slist_nodeIN4wink4slotIFvhEEEESt23__malloc_alloc_templateILi0EEE8allocateEj
                0x08001ef0       0x28 obj\debug\main.o
                0x08001ef0                std::simple_alloc<std::_Slist_node<wink::slot<void (unsigned char)> >, std::__malloc_alloc_template<0> >::allocate(unsigned int)
 .text._ZSt10_ConstructIN4wink4slotIFvhEEES3_EvPT_RKT0_
                0x08001f18       0x28 obj\debug\main.o
                0x08001f18                void std::_Construct<wink::slot<void (unsigned char)>, wink::slot<void (unsigned char)> >(wink::slot<void (unsigned char)>*, wink::slot<void (unsigned char)> const&)
 .text._ZN12fastdelegate6detail10ClosurePtrIMNS0_12GenericClassEFvN9stm32plus14TimerEventTypeEhEPFvS4_hES8_E11bindmemfuncI2IRMSB_FvS4_hEEEvPT_T0_
                0x08001f40       0x30 obj\debug\main.o
                0x08001f40                void fastdelegate::detail::ClosurePtr<void (fastdelegate::detail::GenericClass::*)(stm32plus::TimerEventType, unsigned char), void (*)(stm32plus::TimerEventType, unsigned char), void (*)(stm32plus::TimerEventType, unsigned char)>::bindmemfunc<IR, void (IR::*)(stm32plus::TimerEventType, unsigned char)>(IR*, void (IR::*)(stm32plus::TimerEventType, unsigned char))
 .text._ZNSt12simple_allocISt11_Slist_nodeIN4wink4slotIFvN9stm32plus14TimerEventTypeEhEEEESt23__malloc_alloc_templateILi0EEE8allocateEj
                0x08001f70       0x28 obj\debug\main.o
                0x08001f70                std::simple_alloc<std::_Slist_node<wink::slot<void (stm32plus::TimerEventType, unsigned char)> >, std::__malloc_alloc_template<0> >::allocate(unsigned int)
 .text._ZSt10_ConstructIN4wink4slotIFvN9stm32plus14TimerEventTypeEhEEES5_EvPT_RKT0_
                0x08001f98       0x28 obj\debug\main.o
                0x08001f98                void std::_Construct<wink::slot<void (stm32plus::TimerEventType, unsigned char)>, wink::slot<void (stm32plus::TimerEventType, unsigned char)> >(wink::slot<void (stm32plus::TimerEventType, unsigned char)>*, wink::slot<void (stm32plus::TimerEventType, unsigned char)> const&)
 .text._ZN12fastdelegate13FastDelegate2IN9stm32plus14TimerEventTypeEhvE5clearEv
                0x08001fc0       0x18 obj\debug\main.o
                0x08001fc0                fastdelegate::FastDelegate2<stm32plus::TimerEventType, unsigned char, void>::clear()
 .text._ZN12fastdelegate6detail15SimplifyMemFuncILi8EE7ConvertI2IRMS4_FvhEMNS0_12GenericClassEFvvEEEPS7_PT_T0_RT1_
                0x08001fd8       0x24 obj\debug\main.o
                0x08001fd8                fastdelegate::detail::GenericClass* fastdelegate::detail::SimplifyMemFunc<8>::Convert<IR, void (IR::*)(unsigned char), void (fastdelegate::detail::GenericClass::*)()>(IR*, void (IR::*)(unsigned char), void (fastdelegate::detail::GenericClass::*&)())
 .text._ZNSt23__malloc_alloc_templateILi0EE8allocateEj
                0x08001ffc       0x30 obj\debug\main.o
                0x08001ffc                std::__malloc_alloc_template<0>::allocate(unsigned int)
 .text._ZN12fastdelegate6detail15SimplifyMemFuncILi8EE7ConvertI2IRMS4_FvN9stm32plus14TimerEventTypeEhEMNS0_12GenericClassEFvvEEEPS9_PT_T0_RT1_
                0x0800202c       0x24 obj\debug\main.o
                0x0800202c                fastdelegate::detail::GenericClass* fastdelegate::detail::SimplifyMemFunc<8>::Convert<IR, void (IR::*)(stm32plus::TimerEventType, unsigned char), void (fastdelegate::detail::GenericClass::*)()>(IR*, void (IR::*)(stm32plus::TimerEventType, unsigned char), void (fastdelegate::detail::GenericClass::*&)())
 .text._ZNSt23__malloc_alloc_templateILi0EE13_S_oom_mallocEj
                0x08002050       0x40 obj\debug\main.o
                0x08002050                std::__malloc_alloc_template<0>::_S_oom_malloc(unsigned int)
 .text._Znwj    0x08002090       0x1c obj\debug\libraryhacks.o
                0x08002090                operator new(unsigned int)
 .text._ZnwjPv  0x080020ac       0x14 obj\debug\libraryhacks.o
                0x080020ac                operator new(unsigned int, void*)
 .text._sbrk    0x080020c0       0x3c obj\debug\libraryhacks.o
                0x080020c0                _sbrk
 .text._ZNSt20_Slist_iterator_baseC2EPSt16_Slist_node_base
                0x080020fc       0x1c ..\..\..\Downloads\arm-none-eabi\lib\stm32plus-040000\libstm32plus-debug-f030-8000000.a(Exti4_15InterruptHandler.o)
                0x080020fc                std::_Slist_iterator_base::_Slist_iterator_base(std::_Slist_node_base*)
                0x080020fc                std::_Slist_iterator_base::_Slist_iterator_base(std::_Slist_node_base*)
 .text._ZNSt20_Slist_iterator_base7_M_incrEv
                0x08002118       0x18 ..\..\..\Downloads\arm-none-eabi\lib\stm32plus-040000\libstm32plus-debug-f030-8000000.a(Exti4_15InterruptHandler.o)
                0x08002118                std::_Slist_iterator_base::_M_incr()
 .text._ZNKSt20_Slist_iterator_baseneERKS_
                0x08002130       0x24 ..\..\..\Downloads\arm-none-eabi\lib\stm32plus-040000\libstm32plus-debug-f030-8000000.a(Exti4_15InterruptHandler.o)
                0x08002130                std::_Slist_iterator_base::operator!=(std::_Slist_iterator_base const&) const
 .text.EXTI4_15_IRQHandler
                0x08002154      0x2a4 ..\..\..\Downloads\arm-none-eabi\lib\stm32plus-040000\libstm32plus-debug-f030-8000000.a(Exti4_15InterruptHandler.o)
                0x08002154                EXTI4_15_IRQHandler
 .text._ZNK4wink6signalINS_4slotIFvhEEEE10raiseEventIIiEEEvDpOT_
                0x080023f8       0x8c ..\..\..\Downloads\arm-none-eabi\lib\stm32plus-040000\libstm32plus-debug-f030-8000000.a(Exti4_15InterruptHandler.o)
                0x080023f8                void wink::signal<wink::slot<void (unsigned char)> >::raiseEvent<int>(int&&) const
                0x080023f8                void wink::signal<wink::slot<void (unsigned char)> >::raiseEvent<int>(int&&) const
 .text._ZNK4wink4slotIFvhEEclIIRiEEEvDpOT_
                0x08002484       0x20 ..\..\..\Downloads\arm-none-eabi\lib\stm32plus-040000\libstm32plus-debug-f030-8000000.a(Exti4_15InterruptHandler.o)
                0x08002484                void wink::slot<void (unsigned char)>::operator()<int&>(int&) const
                0x08002484                void wink::slot<void (unsigned char)>::operator()<int&>(int&) const
 .text._ZNKSt5slistIN4wink4slotIFvhEEESaIS3_EE5beginEv
                0x080024a4       0x24 ..\..\..\Downloads\arm-none-eabi\lib\stm32plus-040000\libstm32plus-debug-f030-8000000.a(Exti4_15InterruptHandler.o)
                0x080024a4                std::slist<wink::slot<void (unsigned char)>, std::allocator<wink::slot<void (unsigned char)> > >::begin() const
 .text._ZNKSt5slistIN4wink4slotIFvhEEESaIS3_EE3endEv
                0x080024c8       0x20 ..\..\..\Downloads\arm-none-eabi\lib\stm32plus-040000\libstm32plus-debug-f030-8000000.a(Exti4_15InterruptHandler.o)
                0x080024c8                std::slist<wink::slot<void (unsigned char)>, std::allocator<wink::slot<void (unsigned char)> > >::end() const
 .text._ZNSt15_Slist_iteratorIN4wink4slotIFvhEEERKS3_PS4_EppEi
                0x080024e8       0x24 ..\..\..\Downloads\arm-none-eabi\lib\stm32plus-040000\libstm32plus-debug-f030-8000000.a(Exti4_15InterruptHandler.o)
                0x080024e8                std::_Slist_iterator<wink::slot<void (unsigned char)>, wink::slot<void (unsigned char)> const&, wink::slot<void (unsigned char)> const*>::operator++(int)
 .text._ZNKSt15_Slist_iteratorIN4wink4slotIFvhEEERKS3_PS4_EdeEv
                0x0800250c       0x18 ..\..\..\Downloads\arm-none-eabi\lib\stm32plus-040000\libstm32plus-debug-f030-8000000.a(Exti4_15InterruptHandler.o)
                0x0800250c                std::_Slist_iterator<wink::slot<void (unsigned char)>, wink::slot<void (unsigned char)> const&, wink::slot<void (unsigned char)> const*>::operator*() const
 .text._ZNK12fastdelegate13FastDelegate1IhvEclEh
                0x08002524       0x6c ..\..\..\Downloads\arm-none-eabi\lib\stm32plus-040000\libstm32plus-debug-f030-8000000.a(Exti4_15InterruptHandler.o)
                0x08002524                fastdelegate::FastDelegate1<unsigned char, void>::operator()(unsigned char) const
 .text._ZNSt15_Slist_iteratorIN4wink4slotIFvhEEERKS3_PS4_EC2EPSt11_Slist_nodeIS3_E
                0x08002590       0x20 ..\..\..\Downloads\arm-none-eabi\lib\stm32plus-040000\libstm32plus-debug-f030-8000000.a(Exti4_15InterruptHandler.o)
                0x08002590                std::_Slist_iterator<wink::slot<void (unsigned char)>, wink::slot<void (unsigned char)> const&, wink::slot<void (unsigned char)> const*>::_Slist_iterator(std::_Slist_node<wink::slot<void (unsigned char)> >*)
                0x08002590                std::_Slist_iterator<wink::slot<void (unsigned char)>, wink::slot<void (unsigned char)> const&, wink::slot<void (unsigned char)> const*>::_Slist_iterator(std::_Slist_node<wink::slot<void (unsigned char)> >*)
 .text._ZNK12fastdelegate6detail10ClosurePtrIMNS0_12GenericClassEFvhEPFvhES6_E16GetClosureMemPtrEv
                0x080025b0       0x1c ..\..\..\Downloads\arm-none-eabi\lib\stm32plus-040000\libstm32plus-debug-f030-8000000.a(Exti4_15InterruptHandler.o)
                0x080025b0                fastdelegate::detail::ClosurePtr<void (fastdelegate::detail::GenericClass::*)(unsigned char), void (*)(unsigned char), void (*)(unsigned char)>::GetClosureMemPtr() const
 .text._ZNK12fastdelegate6detail10ClosurePtrIMNS0_12GenericClassEFvhEPFvhES6_E14GetClosureThisEv
                0x080025cc       0x14 ..\..\..\Downloads\arm-none-eabi\lib\stm32plus-040000\libstm32plus-debug-f030-8000000.a(Exti4_15InterruptHandler.o)
                0x080025cc                fastdelegate::detail::ClosurePtr<void (fastdelegate::detail::GenericClass::*)(unsigned char), void (*)(unsigned char), void (*)(unsigned char)>::GetClosureThis() const
 .text._ZN9stm32plus10StringUtil4itoaEiPci
                0x080025e0       0xb0 ..\..\..\Downloads\arm-none-eabi\lib\stm32plus-040000\libstm32plus-debug-f030-8000000.a(StringUtil.o)
                0x080025e0                stm32plus::StringUtil::itoa(int, char*, int)
 .text._ZN9stm32plus10StringUtil12modp_uitoa10EmPc
                0x08002690       0xb0 ..\..\..\Downloads\arm-none-eabi\lib\stm32plus-040000\libstm32plus-debug-f030-8000000.a(StringUtil.o)
                0x08002690                stm32plus::StringUtil::modp_uitoa10(unsigned long, char*)
 .text.TIM3_IRQHandler
                0x08002740      0x1b4 ..\..\..\Downloads\arm-none-eabi\lib\stm32plus-040000\libstm32plus-debug-f030-8000000.a(Timer3InterruptHandler.o)
                0x08002740                TIM3_IRQHandler
 .text._ZNK4wink6signalINS_4slotIFvN9stm32plus14TimerEventTypeEhEEEE10raiseEventIIS3_iEEEvDpOT_
                0x080028f4       0x98 ..\..\..\Downloads\arm-none-eabi\lib\stm32plus-040000\libstm32plus-debug-f030-8000000.a(Timer3InterruptHandler.o)
                0x080028f4                void wink::signal<wink::slot<void (stm32plus::TimerEventType, unsigned char)> >::raiseEvent<stm32plus::TimerEventType, int>(stm32plus::TimerEventType&&, int&&) const
                0x080028f4                void wink::signal<wink::slot<void (stm32plus::TimerEventType, unsigned char)> >::raiseEvent<stm32plus::TimerEventType, int>(stm32plus::TimerEventType&&, int&&) const
 .text._ZNK4wink4slotIFvN9stm32plus14TimerEventTypeEhEEclIIRS2_RiEEEvDpOT_
                0x0800298c       0x28 ..\..\..\Downloads\arm-none-eabi\lib\stm32plus-040000\libstm32plus-debug-f030-8000000.a(Timer3InterruptHandler.o)
                0x0800298c                void wink::slot<void (stm32plus::TimerEventType, unsigned char)>::operator()<stm32plus::TimerEventType&, int&>(stm32plus::TimerEventType&, int&) const
                0x0800298c                void wink::slot<void (stm32plus::TimerEventType, unsigned char)>::operator()<stm32plus::TimerEventType&, int&>(stm32plus::TimerEventType&, int&) const
 .text._ZNKSt5slistIN4wink4slotIFvN9stm32plus14TimerEventTypeEhEEESaIS5_EE5beginEv
                0x080029b4       0x24 ..\..\..\Downloads\arm-none-eabi\lib\stm32plus-040000\libstm32plus-debug-f030-8000000.a(Timer3InterruptHandler.o)
                0x080029b4                std::slist<wink::slot<void (stm32plus::TimerEventType, unsigned char)>, std::allocator<wink::slot<void (stm32plus::TimerEventType, unsigned char)> > >::begin() const
 .text._ZNKSt5slistIN4wink4slotIFvN9stm32plus14TimerEventTypeEhEEESaIS5_EE3endEv
                0x080029d8       0x20 ..\..\..\Downloads\arm-none-eabi\lib\stm32plus-040000\libstm32plus-debug-f030-8000000.a(Timer3InterruptHandler.o)
                0x080029d8                std::slist<wink::slot<void (stm32plus::TimerEventType, unsigned char)>, std::allocator<wink::slot<void (stm32plus::TimerEventType, unsigned char)> > >::end() const
 .text._ZNSt15_Slist_iteratorIN4wink4slotIFvN9stm32plus14TimerEventTypeEhEEERKS5_PS6_EppEi
                0x080029f8       0x24 ..\..\..\Downloads\arm-none-eabi\lib\stm32plus-040000\libstm32plus-debug-f030-8000000.a(Timer3InterruptHandler.o)
                0x080029f8                std::_Slist_iterator<wink::slot<void (stm32plus::TimerEventType, unsigned char)>, wink::slot<void (stm32plus::TimerEventType, unsigned char)> const&, wink::slot<void (stm32plus::TimerEventType, unsigned char)> const*>::operator++(int)
 .text._ZNKSt15_Slist_iteratorIN4wink4slotIFvN9stm32plus14TimerEventTypeEhEEERKS5_PS6_EdeEv
                0x08002a1c       0x18 ..\..\..\Downloads\arm-none-eabi\lib\stm32plus-040000\libstm32plus-debug-f030-8000000.a(Timer3InterruptHandler.o)
                0x08002a1c                std::_Slist_iterator<wink::slot<void (stm32plus::TimerEventType, unsigned char)>, wink::slot<void (stm32plus::TimerEventType, unsigned char)> const&, wink::slot<void (stm32plus::TimerEventType, unsigned char)> const*>::operator*() const
 .text._ZNK12fastdelegate13FastDelegate2IN9stm32plus14TimerEventTypeEhvEclES2_h
                0x08002a34       0x6c ..\..\..\Downloads\arm-none-eabi\lib\stm32plus-040000\libstm32plus-debug-f030-8000000.a(Timer3InterruptHandler.o)
                0x08002a34                fastdelegate::FastDelegate2<stm32plus::TimerEventType, unsigned char, void>::operator()(stm32plus::TimerEventType, unsigned char) const
 .text._ZNSt15_Slist_iteratorIN4wink4slotIFvN9stm32plus14TimerEventTypeEhEEERKS5_PS6_EC2EPSt11_Slist_nodeIS5_E
                0x08002aa0       0x20 ..\..\..\Downloads\arm-none-eabi\lib\stm32plus-040000\libstm32plus-debug-f030-8000000.a(Timer3InterruptHandler.o)
                0x08002aa0                std::_Slist_iterator<wink::slot<void (stm32plus::TimerEventType, unsigned char)>, wink::slot<void (stm32plus::TimerEventType, unsigned char)> const&, wink::slot<void (stm32plus::TimerEventType, unsigned char)> const*>::_Slist_iterator(std::_Slist_node<wink::slot<void (stm32plus::TimerEventType, unsigned char)> >*)
                0x08002aa0                std::_Slist_iterator<wink::slot<void (stm32plus::TimerEventType, unsigned char)>, wink::slot<void (stm32plus::TimerEventType, unsigned char)> const&, wink::slot<void (stm32plus::TimerEventType, unsigned char)> const*>::_Slist_iterator(std::_Slist_node<wink::slot<void (stm32plus::TimerEventType, unsigned char)> >*)
 .text._ZNK12fastdelegate6detail10ClosurePtrIMNS0_12GenericClassEFvN9stm32plus14TimerEventTypeEhEPFvS4_hES8_E16GetClosureMemPtrEv
                0x08002ac0       0x1c ..\..\..\Downloads\arm-none-eabi\lib\stm32plus-040000\libstm32plus-debug-f030-8000000.a(Timer3InterruptHandler.o)
                0x08002ac0                fastdelegate::detail::ClosurePtr<void (fastdelegate::detail::GenericClass::*)(stm32plus::TimerEventType, unsigned char), void (*)(stm32plus::TimerEventType, unsigned char), void (*)(stm32plus::TimerEventType, unsigned char)>::GetClosureMemPtr() const
 .text._ZNK12fastdelegate6detail10ClosurePtrIMNS0_12GenericClassEFvN9stm32plus14TimerEventTypeEhEPFvS4_hES8_E14GetClosureThisEv
                0x08002adc       0x14 ..\..\..\Downloads\arm-none-eabi\lib\stm32plus-040000\libstm32plus-debug-f030-8000000.a(Timer3InterruptHandler.o)
                0x08002adc                fastdelegate::detail::ClosurePtr<void (fastdelegate::detail::GenericClass::*)(stm32plus::TimerEventType, unsigned char), void (*)(stm32plus::TimerEventType, unsigned char), void (*)(stm32plus::TimerEventType, unsigned char)>::GetClosureThis() const
 .text.NVIC_SetPriority
                0x08002af0       0xe0 ..\..\..\Downloads\arm-none-eabi\lib\stm32plus-040000\libstm32plus-debug-f030-8000000.a(MillisecondTimer.o)
 .text.SysTick_Config
                0x08002bd0       0x48 ..\..\..\Downloads\arm-none-eabi\lib\stm32plus-040000\libstm32plus-debug-f030-8000000.a(MillisecondTimer.o)
 .text._ZN9stm32plus16MillisecondTimer10initialiseEv
                0x08002c18       0x2c ..\..\..\Downloads\arm-none-eabi\lib\stm32plus-040000\libstm32plus-debug-f030-8000000.a(MillisecondTimer.o)
                0x08002c18                stm32plus::MillisecondTimer::initialise()
 .text.SysTick_Handler
                0x08002c44       0x18 ..\..\..\Downloads\arm-none-eabi\lib\stm32plus-040000\libstm32plus-debug-f030-8000000.a(MillisecondTimer.o)
                0x08002c44                SysTick_Handler
 .text.EXTI_Init
                0x08002c5c       0xd8 ..\..\..\Downloads\arm-none-eabi\lib\stm32plus-040000\libstm32plus-debug-f030-8000000.a(stm32f0xx_exti.o)
                0x08002c5c                EXTI_Init
 .text.EXTI_GetITStatus
                0x08002d34       0x40 ..\..\..\Downloads\arm-none-eabi\lib\stm32plus-040000\libstm32plus-debug-f030-8000000.a(stm32f0xx_exti.o)
                0x08002d34                EXTI_GetITStatus
 .text.EXTI_ClearITPendingBit
                0x08002d74       0x18 ..\..\..\Downloads\arm-none-eabi\lib\stm32plus-040000\libstm32plus-debug-f030-8000000.a(stm32f0xx_exti.o)
                0x08002d74                EXTI_ClearITPendingBit
 .text.GPIO_Init
                0x08002d8c      0x138 ..\..\..\Downloads\arm-none-eabi\lib\stm32plus-040000\libstm32plus-debug-f030-8000000.a(stm32f0xx_gpio.o)
                0x08002d8c                GPIO_Init
 .text.GPIO_ReadInputDataBit
                0x08002ec4       0x48 ..\..\..\Downloads\arm-none-eabi\lib\stm32plus-040000\libstm32plus-debug-f030-8000000.a(stm32f0xx_gpio.o)
                0x08002ec4                GPIO_ReadInputDataBit
 .text.GPIO_WriteBit
                0x08002f0c       0x30 ..\..\..\Downloads\arm-none-eabi\lib\stm32plus-040000\libstm32plus-debug-f030-8000000.a(stm32f0xx_gpio.o)
                0x08002f0c                GPIO_WriteBit
 .text.NVIC_Init
                0x08002f3c       0xac ..\..\..\Downloads\arm-none-eabi\lib\stm32plus-040000\libstm32plus-debug-f030-8000000.a(stm32f0xx_misc.o)
                0x08002f3c                NVIC_Init
 .text.RCC_AHBPeriphClockCmd
                0x08002fe8       0x3c ..\..\..\Downloads\arm-none-eabi\lib\stm32plus-040000\libstm32plus-debug-f030-8000000.a(stm32f0xx_rcc.o)
                0x08002fe8                RCC_AHBPeriphClockCmd
 .text.RCC_APB2PeriphClockCmd
                0x08003024       0x3c ..\..\..\Downloads\arm-none-eabi\lib\stm32plus-040000\libstm32plus-debug-f030-8000000.a(stm32f0xx_rcc.o)
                0x08003024                RCC_APB2PeriphClockCmd
 .text.RCC_APB1PeriphClockCmd
                0x08003060       0x3c ..\..\..\Downloads\arm-none-eabi\lib\stm32plus-040000\libstm32plus-debug-f030-8000000.a(stm32f0xx_rcc.o)
                0x08003060                RCC_APB1PeriphClockCmd
 .text.SYSCFG_EXTILineConfig
                0x0800309c       0x90 ..\..\..\Downloads\arm-none-eabi\lib\stm32plus-040000\libstm32plus-debug-f030-8000000.a(stm32f0xx_syscfg.o)
                0x0800309c                SYSCFG_EXTILineConfig
 .text.TIM_TimeBaseInit
                0x0800312c       0xf0 ..\..\..\Downloads\arm-none-eabi\lib\stm32plus-040000\libstm32plus-debug-f030-8000000.a(stm32f0xx_tim.o)
                0x0800312c                TIM_TimeBaseInit
 .text.TIM_TimeBaseStructInit
                0x0800321c       0x30 ..\..\..\Downloads\arm-none-eabi\lib\stm32plus-040000\libstm32plus-debug-f030-8000000.a(stm32f0xx_tim.o)
                0x0800321c                TIM_TimeBaseStructInit
 .text.TIM_SetCounter
                0x0800324c       0x18 ..\..\..\Downloads\arm-none-eabi\lib\stm32plus-040000\libstm32plus-debug-f030-8000000.a(stm32f0xx_tim.o)
                0x0800324c                TIM_SetCounter
 .text.TIM_GetCounter
                0x08003264       0x14 ..\..\..\Downloads\arm-none-eabi\lib\stm32plus-040000\libstm32plus-debug-f030-8000000.a(stm32f0xx_tim.o)
                0x08003264                TIM_GetCounter
 .text.TIM_Cmd  0x08003278       0x40 ..\..\..\Downloads\arm-none-eabi\lib\stm32plus-040000\libstm32plus-debug-f030-8000000.a(stm32f0xx_tim.o)
                0x08003278                TIM_Cmd
 .text.TIM_ITConfig
                0x080032b8       0x48 ..\..\..\Downloads\arm-none-eabi\lib\stm32plus-040000\libstm32plus-debug-f030-8000000.a(stm32f0xx_tim.o)
                0x080032b8                TIM_ITConfig
 .text.TIM_GetITStatus
                0x08003300       0x80 ..\..\..\Downloads\arm-none-eabi\lib\stm32plus-040000\libstm32plus-debug-f030-8000000.a(stm32f0xx_tim.o)
                0x08003300                TIM_GetITStatus
 .text.TIM_ClearITPendingBit
                0x08003380       0x20 ..\..\..\Downloads\arm-none-eabi\lib\stm32plus-040000\libstm32plus-debug-f030-8000000.a(stm32f0xx_tim.o)
                0x08003380                TIM_ClearITPendingBit
 .text.TIM_InternalClockConfig
                0x080033a0       0x20 ..\..\..\Downloads\arm-none-eabi\lib\stm32plus-040000\libstm32plus-debug-f030-8000000.a(stm32f0xx_tim.o)
                0x080033a0                TIM_InternalClockConfig
 .text.malloc   0x080033c0       0x14 c:/program files (x86)/emblocks/2.30/share/em_armgcc/bin/../lib/gcc/arm-none-eabi/4.7.3/../../../../arm-none-eabi/lib/armv6-m\libc_f.a(lib_a-malloc.o)
                0x080033c0                malloc
 .text._malloc_r
                0x080033d4      0x538 c:/program files (x86)/emblocks/2.30/share/em_armgcc/bin/../lib/gcc/arm-none-eabi/4.7.3/../../../../arm-none-eabi/lib/armv6-m\libc_f.a(lib_a-mallocr.o)
                0x080033d4                _malloc_r
 .text.__malloc_lock
                0x0800390c        0x4 c:/program files (x86)/emblocks/2.30/share/em_armgcc/bin/../lib/gcc/arm-none-eabi/4.7.3/../../../../arm-none-eabi/lib/armv6-m\libc_f.a(lib_a-mlock.o)
                0x0800390c                __malloc_lock
 .text.__malloc_unlock
                0x08003910        0x4 c:/program files (x86)/emblocks/2.30/share/em_armgcc/bin/../lib/gcc/arm-none-eabi/4.7.3/../../../../arm-none-eabi/lib/armv6-m\libc_f.a(lib_a-mlock.o)
                0x08003910                __malloc_unlock
 .text._sbrk_r  0x08003914       0x24 c:/program files (x86)/emblocks/2.30/share/em_armgcc/bin/../lib/gcc/arm-none-eabi/4.7.3/../../../../arm-none-eabi/lib/armv6-m\libc_f.a(lib_a-sbrkr.o)
                0x08003914                _sbrk_r
 .text._malloc_trim_r
                0x08003938       0xa0 c:/program files (x86)/emblocks/2.30/share/em_armgcc/bin/../lib/gcc/arm-none-eabi/4.7.3/../../../../arm-none-eabi/lib/armv6-m\libc_f.a(lib_a-freer.o)
                0x08003938                _malloc_trim_r
 .text._free_r  0x080039d8      0x194 c:/program files (x86)/emblocks/2.30/share/em_armgcc/bin/../lib/gcc/arm-none-eabi/4.7.3/../../../../arm-none-eabi/lib/armv6-m\libc_f.a(lib_a-freer.o)
                0x080039d8                _free_r
 *(.rodata)
 .rodata        0x08003b6c       0x30 obj\debug\main.o
 .rodata        0x08003b9c       0x64 ..\..\..\Downloads\arm-none-eabi\lib\stm32plus-040000\libstm32plus-debug-f030-8000000.a(StringUtil.o)
 *(.rodata*)
 .rodata.str1.4
                0x08003c00        0x4 c:/program files (x86)/emblocks/2.30/share/em_armgcc/bin/../lib/gcc/arm-none-eabi/4.7.3/../../../../arm-none-eabi/lib/armv6-m\libc_f.a(lib_a-impure.o)
 *(.glue_7)
 .glue_7        0x00000000        0x0 linker stubs
 *(.glue_7t)
 .glue_7t       0x00000000        0x0 linker stubs
 *(.eh_frame)
 *(.init)
 *(.fini)
                0x08003c04                . = ALIGN (0x4)
                0x08003c04                _etext = .

.vfp11_veneer   0x08003c04        0x0
 .vfp11_veneer  0x00000000        0x0 linker stubs

.v4_bx          0x08003c04        0x0
 .v4_bx         0x00000000        0x0 linker stubs

.iplt           0x08003c04        0x0
 .iplt          0x00000000        0x0 obj\debug\startup.o

.rel.dyn        0x08003c04        0x0
 .rel.iplt      0x00000000        0x0 obj\debug\startup.o

.ARM.extab
 *(.ARM.extab* .gnu.linkonce.armextab.*)

.ARM            0x08003c04        0x0
                0x08003c04                __exidx_start = .
 *(.ARM.exidx*)
                0x08003c04                __exidx_end = .

.preinit_array  0x08003c04        0x0
                0x08003c04                PROVIDE (__preinit_array_start, .)
 *(.preinit_array*)
                0x08003c04                PROVIDE (__preinit_array_end, .)

.init_array     0x08003c04        0x0
                0x08003c04                PROVIDE (__init_array_start, .)
 *(SORT(.init_array.*))
 *(.init_array*)
                0x08003c04                PROVIDE (__init_array_end, .)

.fini_array     0x08003c04        0x0
                0x08003c04                PROVIDE (__fini_array_start, .)
 *(.fini_array*)
 *(SORT(.fini_array.*))
                0x08003c04                PROVIDE (__fini_array_end, .)
                0x08003c04                _sidata = .

.data           0x20000000      0x844 load address 0x08003c04
                0x20000000                . = ALIGN (0x4)
                0x20000000                _sdata = .
 *(.data)
 *(.data*)
 .data.SystemCoreClock
                0x20000000        0x4 obj\debug\system.o
                0x20000000                SystemCoreClock
 .data.__malloc_av_
                0x20000004      0x408 c:/program files (x86)/emblocks/2.30/share/em_armgcc/bin/../lib/gcc/arm-none-eabi/4.7.3/../../../../arm-none-eabi/lib/armv6-m\libc_f.a(lib_a-mallocr.o)
                0x20000004                __malloc_av_
 .data.__malloc_trim_threshold
                0x2000040c        0x4 c:/program files (x86)/emblocks/2.30/share/em_armgcc/bin/../lib/gcc/arm-none-eabi/4.7.3/../../../../arm-none-eabi/lib/armv6-m\libc_f.a(lib_a-mallocr.o)
                0x2000040c                __malloc_trim_threshold
 .data.__malloc_sbrk_base
                0x20000410        0x4 c:/program files (x86)/emblocks/2.30/share/em_armgcc/bin/../lib/gcc/arm-none-eabi/4.7.3/../../../../arm-none-eabi/lib/armv6-m\libc_f.a(lib_a-mallocr.o)
                0x20000410                __malloc_sbrk_base
 *fill*         0x20000414        0x4 
 .data.impure_data
                0x20000418      0x428 c:/program files (x86)/emblocks/2.30/share/em_armgcc/bin/../lib/gcc/arm-none-eabi/4.7.3/../../../../arm-none-eabi/lib/armv6-m\libc_f.a(lib_a-impure.o)
 .data._impure_ptr
                0x20000840        0x4 c:/program files (x86)/emblocks/2.30/share/em_armgcc/bin/../lib/gcc/arm-none-eabi/4.7.3/../../../../arm-none-eabi/lib/armv6-m\libc_f.a(lib_a-impure.o)
                0x20000840                _impure_ptr
                0x20000844                . = ALIGN (0x4)
                0x20000844                _edata = .

.igot.plt       0x20000844        0x0 load address 0x08004448
 .igot.plt      0x00000000        0x0 obj\debug\startup.o
                0x20000844                . = ALIGN (0x4)

.bss            0x20000844       0x8c load address 0x08004448
                0x20000844                _sbss = .
                0x20000844                __bss_start__ = _sbss
 *(.bss)
 *(.bss*)
 .bss._ZNSt23__malloc_alloc_templateILi0EE26__malloc_alloc_oom_handlerE
                0x20000844        0x4 obj\debug\main.o
                0x20000844                std::__malloc_alloc_template<0>::__malloc_alloc_oom_handler
 .bss._ZN9stm32plus20ExtiInterruptEnablerILh6EE13_forceLinkageE
                0x20000848        0x4 obj\debug\main.o
                0x20000848                stm32plus::ExtiInterruptEnabler<(unsigned char)6>::_forceLinkage
 .bss._ZN9stm32plus21TimerInterruptFeatureILh3EE14_timerInstanceE
                0x2000084c        0x4 obj\debug\main.o
                0x2000084c                stm32plus::TimerInterruptFeature<(unsigned char)3>::_timerInstance
 .bss._ZZN2IR16Exti_onInterruptEhE9ThisPulse
                0x20000850        0x8 obj\debug\main.o
                0x20000850                IR::Exti_onInterrupt(unsigned char)::ThisPulse
 .bss._ZZ5_sbrkE4heap
                0x20000858        0x4 obj\debug\libraryhacks.o
 .bss._ZN9stm32plus5shostE
                0x2000085c        0x4 ..\..\..\Downloads\arm-none-eabi\lib\stm32plus-040000\libstm32plus-debug-f030-8000000.a(SemiHosting.o)
                0x2000085c                stm32plus::shost
 .bss._ZN9stm32plus14ExtiPeripheralILm16EE13_extiInstanceE
                0x20000860        0x4 ..\..\..\Downloads\arm-none-eabi\lib\stm32plus-040000\libstm32plus-debug-f030-8000000.a(Exti4_15InterruptHandler.o)
                0x20000860                stm32plus::ExtiPeripheral<16ul>::_extiInstance
 .bss._ZN9stm32plus14ExtiPeripheralILm32EE13_extiInstanceE
                0x20000864        0x4 ..\..\..\Downloads\arm-none-eabi\lib\stm32plus-040000\libstm32plus-debug-f030-8000000.a(Exti4_15InterruptHandler.o)
                0x20000864                stm32plus::ExtiPeripheral<32ul>::_extiInstance
 .bss._ZN9stm32plus14ExtiPeripheralILm64EE13_extiInstanceE
                0x20000868        0x4 ..\..\..\Downloads\arm-none-eabi\lib\stm32plus-040000\libstm32plus-debug-f030-8000000.a(Exti4_15InterruptHandler.o)
                0x20000868                stm32plus::ExtiPeripheral<64ul>::_extiInstance
 .bss._ZN9stm32plus14ExtiPeripheralILm128EE13_extiInstanceE
                0x2000086c        0x4 ..\..\..\Downloads\arm-none-eabi\lib\stm32plus-040000\libstm32plus-debug-f030-8000000.a(Exti4_15InterruptHandler.o)
                0x2000086c                stm32plus::ExtiPeripheral<128ul>::_extiInstance
 .bss._ZN9stm32plus14ExtiPeripheralILm256EE13_extiInstanceE
                0x20000870        0x4 ..\..\..\Downloads\arm-none-eabi\lib\stm32plus-040000\libstm32plus-debug-f030-8000000.a(Exti4_15InterruptHandler.o)
                0x20000870                stm32plus::ExtiPeripheral<256ul>::_extiInstance
 .bss._ZN9stm32plus14ExtiPeripheralILm512EE13_extiInstanceE
                0x20000874        0x4 ..\..\..\Downloads\arm-none-eabi\lib\stm32plus-040000\libstm32plus-debug-f030-8000000.a(Exti4_15InterruptHandler.o)
                0x20000874                stm32plus::ExtiPeripheral<512ul>::_extiInstance
 .bss._ZN9stm32plus14ExtiPeripheralILm1024EE13_extiInstanceE
                0x20000878        0x4 ..\..\..\Downloads\arm-none-eabi\lib\stm32plus-040000\libstm32plus-debug-f030-8000000.a(Exti4_15InterruptHandler.o)
                0x20000878                stm32plus::ExtiPeripheral<1024ul>::_extiInstance
 .bss._ZN9stm32plus14ExtiPeripheralILm2048EE13_extiInstanceE
                0x2000087c        0x4 ..\..\..\Downloads\arm-none-eabi\lib\stm32plus-040000\libstm32plus-debug-f030-8000000.a(Exti4_15InterruptHandler.o)
                0x2000087c                stm32plus::ExtiPeripheral<2048ul>::_extiInstance
 .bss._ZN9stm32plus14ExtiPeripheralILm4096EE13_extiInstanceE
                0x20000880        0x4 ..\..\..\Downloads\arm-none-eabi\lib\stm32plus-040000\libstm32plus-debug-f030-8000000.a(Exti4_15InterruptHandler.o)
                0x20000880                stm32plus::ExtiPeripheral<4096ul>::_extiInstance
 .bss._ZN9stm32plus14ExtiPeripheralILm8192EE13_extiInstanceE
                0x20000884        0x4 ..\..\..\Downloads\arm-none-eabi\lib\stm32plus-040000\libstm32plus-debug-f030-8000000.a(Exti4_15InterruptHandler.o)
                0x20000884                stm32plus::ExtiPeripheral<8192ul>::_extiInstance
 .bss._ZN9stm32plus14ExtiPeripheralILm16384EE13_extiInstanceE
                0x20000888        0x4 ..\..\..\Downloads\arm-none-eabi\lib\stm32plus-040000\libstm32plus-debug-f030-8000000.a(Exti4_15InterruptHandler.o)
                0x20000888                stm32plus::ExtiPeripheral<16384ul>::_extiInstance
 .bss._ZN9stm32plus14ExtiPeripheralILm32768EE13_extiInstanceE
                0x2000088c        0x4 ..\..\..\Downloads\arm-none-eabi\lib\stm32plus-040000\libstm32plus-debug-f030-8000000.a(Exti4_15InterruptHandler.o)
                0x2000088c                stm32plus::ExtiPeripheral<32768ul>::_extiInstance
 .bss._ZN9stm32plus28TimerInterruptFeatureEnablerILh3EE13_forceLinkageE
                0x20000890        0x4 ..\..\..\Downloads\arm-none-eabi\lib\stm32plus-040000\libstm32plus-debug-f030-8000000.a(Timer3InterruptHandler.o)
                0x20000890                stm32plus::TimerInterruptFeatureEnabler<(unsigned char)3>::_forceLinkage
 .bss._ZN9stm32plus16MillisecondTimer8_counterE
                0x20000894        0x4 ..\..\..\Downloads\arm-none-eabi\lib\stm32plus-040000\libstm32plus-debug-f030-8000000.a(MillisecondTimer.o)
                0x20000894                stm32plus::MillisecondTimer::_counter
 .bss.__malloc_max_total_mem
                0x20000898        0x4 c:/program files (x86)/emblocks/2.30/share/em_armgcc/bin/../lib/gcc/arm-none-eabi/4.7.3/../../../../arm-none-eabi/lib/armv6-m\libc_f.a(lib_a-mallocr.o)
                0x20000898                __malloc_max_total_mem
 .bss.__malloc_max_sbrked_mem
                0x2000089c        0x4 c:/program files (x86)/emblocks/2.30/share/em_armgcc/bin/../lib/gcc/arm-none-eabi/4.7.3/../../../../arm-none-eabi/lib/armv6-m\libc_f.a(lib_a-mallocr.o)
                0x2000089c                __malloc_max_sbrked_mem
 .bss.__malloc_top_pad
                0x200008a0        0x4 c:/program files (x86)/emblocks/2.30/share/em_armgcc/bin/../lib/gcc/arm-none-eabi/4.7.3/../../../../arm-none-eabi/lib/armv6-m\libc_f.a(lib_a-mallocr.o)
                0x200008a0                __malloc_top_pad
 .bss.__malloc_current_mallinfo
                0x200008a4       0x28 c:/program files (x86)/emblocks/2.30/share/em_armgcc/bin/../lib/gcc/arm-none-eabi/4.7.3/../../../../arm-none-eabi/lib/armv6-m\libc_f.a(lib_a-mallocr.o)
                0x200008a4                __malloc_current_mallinfo
 *(COMMON)
 COMMON         0x200008cc        0x4 c:/program files (x86)/emblocks/2.30/share/em_armgcc/bin/../lib/gcc/arm-none-eabi/4.7.3/../../../../arm-none-eabi/lib/armv6-m\libc_f.a(lib_a-reent.o)
                0x200008cc                errno
                0x200008d0                . = ALIGN (0x4)
                0x200008d0                _ebss = .
                0x200008d0                __bss_end__ = _ebss

._user_heap_stack
                0x200008d0      0x400 load address 0x080044d4
                0x200008d0                . = ALIGN (0x4)
                0x200008d0                PROVIDE (end, .)
                0x200008d0                PROVIDE (_end, .)
                0x200008d0                . = (. + _Min_Heap_Size)
                0x20000cd0                . = (. + _Min_Stack_Size)
 *fill*         0x200008d0      0x400 
                0x20000cd0                . = ALIGN (0x4)

.memory_b1_text
 *(.mb1text)
 *(.mb1text*)
 *(.mb1rodata)
 *(.mb1rodata*)

/DISCARD/
 libc.a(*)
 libm.a(*)
 libgcc.a(*)

.ARM.attributes
                0x00000000       0x2d
 *(.ARM.attributes)
 .ARM.attributes
                0x00000000       0x21 obj\debug\startup.o
 .ARM.attributes
                0x00000021       0x31 obj\debug\system.o
 .ARM.attributes
                0x00000052       0x31 obj\debug\main.o
 .ARM.attributes
                0x00000083       0x31 obj\debug\libraryhacks.o
 .ARM.attributes
                0x000000b4       0x31 ..\..\..\Downloads\arm-none-eabi\lib\stm32plus-040000\libstm32plus-debug-f030-8000000.a(SemiHosting.o)
 .ARM.attributes
                0x000000e5       0x31 ..\..\..\Downloads\arm-none-eabi\lib\stm32plus-040000\libstm32plus-debug-f030-8000000.a(Exti4_15InterruptHandler.o)
 .ARM.attributes
                0x00000116       0x31 ..\..\..\Downloads\arm-none-eabi\lib\stm32plus-040000\libstm32plus-debug-f030-8000000.a(StringUtil.o)
 .ARM.attributes
                0x00000147       0x31 ..\..\..\Downloads\arm-none-eabi\lib\stm32plus-040000\libstm32plus-debug-f030-8000000.a(Timer3InterruptHandler.o)
 .ARM.attributes
                0x00000178       0x31 ..\..\..\Downloads\arm-none-eabi\lib\stm32plus-040000\libstm32plus-debug-f030-8000000.a(MillisecondTimer.o)
 .ARM.attributes
                0x000001a9       0x31 ..\..\..\Downloads\arm-none-eabi\lib\stm32plus-040000\libstm32plus-debug-f030-8000000.a(stm32f0xx_exti.o)
 .ARM.attributes
                0x000001da       0x31 ..\..\..\Downloads\arm-none-eabi\lib\stm32plus-040000\libstm32plus-debug-f030-8000000.a(stm32f0xx_gpio.o)
 .ARM.attributes
                0x0000020b       0x31 ..\..\..\Downloads\arm-none-eabi\lib\stm32plus-040000\libstm32plus-debug-f030-8000000.a(stm32f0xx_misc.o)
 .ARM.attributes
                0x0000023c       0x31 ..\..\..\Downloads\arm-none-eabi\lib\stm32plus-040000\libstm32plus-debug-f030-8000000.a(stm32f0xx_rcc.o)
 .ARM.attributes
                0x0000026d       0x31 ..\..\..\Downloads\arm-none-eabi\lib\stm32plus-040000\libstm32plus-debug-f030-8000000.a(stm32f0xx_syscfg.o)
 .ARM.attributes
                0x0000029e       0x31 ..\..\..\Downloads\arm-none-eabi\lib\stm32plus-040000\libstm32plus-debug-f030-8000000.a(stm32f0xx_tim.o)
 .ARM.attributes
                0x000002cf       0x1e c:/program files (x86)/emblocks/2.30/share/em_armgcc/bin/../lib/gcc/arm-none-eabi/4.7.3/armv6-m\libgcc.a(_udivsi3.o)
 .ARM.attributes
                0x000002ed       0x1e c:/program files (x86)/emblocks/2.30/share/em_armgcc/bin/../lib/gcc/arm-none-eabi/4.7.3/armv6-m\libgcc.a(_divsi3.o)
 .ARM.attributes
                0x0000030b       0x1e c:/program files (x86)/emblocks/2.30/share/em_armgcc/bin/../lib/gcc/arm-none-eabi/4.7.3/armv6-m\libgcc.a(_dvmd_tls.o)
 .ARM.attributes
                0x00000329       0x28 c:/program files (x86)/emblocks/2.30/share/em_armgcc/bin/../lib/gcc/arm-none-eabi/4.7.3/../../../../arm-none-eabi/lib/armv6-m\libc_f.a(lib_a-malloc.o)
 .ARM.attributes
                0x00000351       0x28 c:/program files (x86)/emblocks/2.30/share/em_armgcc/bin/../lib/gcc/arm-none-eabi/4.7.3/../../../../arm-none-eabi/lib/armv6-m\libc_f.a(lib_a-mallocr.o)
 .ARM.attributes
                0x00000379       0x28 c:/program files (x86)/emblocks/2.30/share/em_armgcc/bin/../lib/gcc/arm-none-eabi/4.7.3/../../../../arm-none-eabi/lib/armv6-m\libc_f.a(lib_a-mlock.o)
 .ARM.attributes
                0x000003a1       0x28 c:/program files (x86)/emblocks/2.30/share/em_armgcc/bin/../lib/gcc/arm-none-eabi/4.7.3/../../../../arm-none-eabi/lib/armv6-m\libc_f.a(lib_a-sbrkr.o)
 .ARM.attributes
                0x000003c9       0x28 c:/program files (x86)/emblocks/2.30/share/em_armgcc/bin/../lib/gcc/arm-none-eabi/4.7.3/../../../../arm-none-eabi/lib/armv6-m\libc_f.a(lib_a-freer.o)
 .ARM.attributes
                0x000003f1       0x28 c:/program files (x86)/emblocks/2.30/share/em_armgcc/bin/../lib/gcc/arm-none-eabi/4.7.3/../../../../arm-none-eabi/lib/armv6-m\libc_f.a(lib_a-impure.o)
 .ARM.attributes
                0x00000419       0x28 c:/program files (x86)/emblocks/2.30/share/em_armgcc/bin/../lib/gcc/arm-none-eabi/4.7.3/../../../../arm-none-eabi/lib/armv6-m\libc_f.a(lib_a-reent.o)
LOAD obj\debug\startup.o
LOAD obj\debug\system.o
LOAD obj\debug\main.o
LOAD obj\debug\libraryhacks.o
LOAD c:/program files (x86)/emblocks/2.30/share/em_armgcc/bin/../lib/gcc/arm-none-eabi/4.7.3/../../../../arm-none-eabi/lib/armv6-m\libstdc++.a
LOAD ..\..\..\Downloads\arm-none-eabi\lib\stm32plus-040000\libstm32plus-debug-f030-8000000.a
LOAD c:/program files (x86)/emblocks/2.30/share/em_armgcc/bin/../lib/gcc/arm-none-eabi/4.7.3/../../../../arm-none-eabi/lib/armv6-m\librdimon.a
START GROUP
LOAD c:/program files (x86)/emblocks/2.30/share/em_armgcc/bin/../lib/gcc/arm-none-eabi/4.7.3/armv6-m\libgcc.a
LOAD c:/program files (x86)/emblocks/2.30/share/em_armgcc/bin/../lib/gcc/arm-none-eabi/4.7.3/../../../../arm-none-eabi/lib/armv6-m\libc_f.a
LOAD c:/program files (x86)/emblocks/2.30/share/em_armgcc/bin/../lib/gcc/arm-none-eabi/4.7.3/../../../../arm-none-eabi/lib/armv6-m\libg_f.a
LOAD c:/program files (x86)/emblocks/2.30/share/em_armgcc/bin/../lib/gcc/arm-none-eabi/4.7.3/../../../../arm-none-eabi/lib/armv6-m\libm_f.a
LOAD c:/program files (x86)/emblocks/2.30/share/em_armgcc/bin/../lib/gcc/arm-none-eabi/4.7.3/../../../../arm-none-eabi/lib/armv6-m\libnosys_f.a
END GROUP
OUTPUT(bin\Debug\IR_int.elf elf32-littlearm)

.debug_line     0x00000000     0x9436
 .debug_line    0x00000000       0x6b obj\debug\startup.o
 .debug_line    0x0000006b      0x21e obj\debug\system.o
 .debug_line    0x00000289     0x1801 obj\debug\main.o
 .debug_line    0x00001a8a      0x320 obj\debug\libraryhacks.o
 .debug_line    0x00001daa     0x1c13 ..\..\..\Downloads\arm-none-eabi\lib\stm32plus-040000\libstm32plus-debug-f030-8000000.a(SemiHosting.o)
 .debug_line    0x000039bd      0xdac ..\..\..\Downloads\arm-none-eabi\lib\stm32plus-040000\libstm32plus-debug-f030-8000000.a(Exti4_15InterruptHandler.o)
 .debug_line    0x00004769      0xc71 ..\..\..\Downloads\arm-none-eabi\lib\stm32plus-040000\libstm32plus-debug-f030-8000000.a(StringUtil.o)
 .debug_line    0x000053da     0x153d ..\..\..\Downloads\arm-none-eabi\lib\stm32plus-040000\libstm32plus-debug-f030-8000000.a(Timer3InterruptHandler.o)
 .debug_line    0x00006917      0x831 ..\..\..\Downloads\arm-none-eabi\lib\stm32plus-040000\libstm32plus-debug-f030-8000000.a(MillisecondTimer.o)
 .debug_line    0x00007148      0x402 ..\..\..\Downloads\arm-none-eabi\lib\stm32plus-040000\libstm32plus-debug-f030-8000000.a(stm32f0xx_exti.o)
 .debug_line    0x0000754a      0x49d ..\..\..\Downloads\arm-none-eabi\lib\stm32plus-040000\libstm32plus-debug-f030-8000000.a(stm32f0xx_gpio.o)
 .debug_line    0x000079e7      0x395 ..\..\..\Downloads\arm-none-eabi\lib\stm32plus-040000\libstm32plus-debug-f030-8000000.a(stm32f0xx_misc.o)
 .debug_line    0x00007d7c      0x6e7 ..\..\..\Downloads\arm-none-eabi\lib\stm32plus-040000\libstm32plus-debug-f030-8000000.a(stm32f0xx_rcc.o)
 .debug_line    0x00008463      0x3fd ..\..\..\Downloads\arm-none-eabi\lib\stm32plus-040000\libstm32plus-debug-f030-8000000.a(stm32f0xx_syscfg.o)
 .debug_line    0x00008860      0xbd6 ..\..\..\Downloads\arm-none-eabi\lib\stm32plus-040000\libstm32plus-debug-f030-8000000.a(stm32f0xx_tim.o)

.debug_info     0x00000000    0x19a32
 .debug_info    0x00000000       0x54 obj\debug\startup.o
 .debug_info    0x00000054      0x2e6 obj\debug\system.o
 .debug_info    0x0000033a     0x95df obj\debug\main.o
 .debug_info    0x00009919      0x647 obj\debug\libraryhacks.o
 .debug_info    0x00009f60     0x1d4e ..\..\..\Downloads\arm-none-eabi\lib\stm32plus-040000\libstm32plus-debug-f030-8000000.a(SemiHosting.o)
 .debug_info    0x0000bcae     0x4202 ..\..\..\Downloads\arm-none-eabi\lib\stm32plus-040000\libstm32plus-debug-f030-8000000.a(Exti4_15InterruptHandler.o)