Archive member included because of file (symbol)

..\..\..\Downloads\arm-none-eabi\lib\stm32plus-040000\libstm32plus-debug-f030-8000000.a(SemiHosting.o)
                              obj\debug\main.o (stm32plus::shost)
..\..\..\Downloads\arm-none-eabi\lib\stm32plus-040000\libstm32plus-debug-f030-8000000.a(Exti4_15InterruptHandler.o)
                              obj\debug\main.o (stm32plus::ExtiPeripheral<64ul>::_extiInstance)
..\..\..\Downloads\arm-none-eabi\lib\stm32plus-040000\libstm32plus-debug-f030-8000000.a(StringUtil.o)
                              obj\debug\main.o (stm32plus::StringUtil::itoa(int, char*, int))
..\..\..\Downloads\arm-none-eabi\lib\stm32plus-040000\libstm32plus-debug-f030-8000000.a(Timer3InterruptHandler.o)
                              obj\debug\main.o (stm32plus::TimerInterruptFeatureEnabler<(unsigned char)3>::_forceLinkage)
..\..\..\Downloads\arm-none-eabi\lib\stm32plus-040000\libstm32plus-debug-f030-8000000.a(MillisecondTimer.o)
                              obj\debug\main.o (stm32plus::MillisecondTimer::initialise())
..\..\..\Downloads\arm-none-eabi\lib\stm32plus-040000\libstm32plus-debug-f030-8000000.a(stm32f0xx_exti.o)
                              obj\debug\main.o (EXTI_Init)
..\..\..\Downloads\arm-none-eabi\lib\stm32plus-040000\libstm32plus-debug-f030-8000000.a(stm32f0xx_gpio.o)
                              obj\debug\main.o (GPIO_Init)
..\..\..\Downloads\arm-none-eabi\lib\stm32plus-040000\libstm32plus-debug-f030-8000000.a(stm32f0xx_misc.o)
                              obj\debug\main.o (NVIC_Init)
..\..\..\Downloads\arm-none-eabi\lib\stm32plus-040000\libstm32plus-debug-f030-8000000.a(stm32f0xx_rcc.o)
                              obj\debug\main.o (RCC_AHBPeriphClockCmd)
..\..\..\Downloads\arm-none-eabi\lib\stm32plus-040000\libstm32plus-debug-f030-8000000.a(stm32f0xx_syscfg.o)
                              obj\debug\main.o (SYSCFG_EXTILineConfig)
..\..\..\Downloads\arm-none-eabi\lib\stm32plus-040000\libstm32plus-debug-f030-8000000.a(stm32f0xx_tim.o)
                              obj\debug\main.o (TIM_TimeBaseInit)
c:/program files (x86)/emblocks/2.30/share/em_armgcc/bin/../lib/gcc/arm-none-eabi/4.7.3/armv6-m\libgcc.a(_udivsi3.o)
                              obj\debug\system.o (__aeabi_uidiv)
c:/program files (x86)/emblocks/2.30/share/em_armgcc/bin/../lib/gcc/arm-none-eabi/4.7.3/armv6-m\libgcc.a(_divsi3.o)
                              ..\..\..\Downloads\arm-none-eabi\lib\stm32plus-040000\libstm32plus-debug-f030-8000000.a(StringUtil.o) (__aeabi_idiv)
c:/program files (x86)/emblocks/2.30/share/em_armgcc/bin/../lib/gcc/arm-none-eabi/4.7.3/armv6-m\libgcc.a(_dvmd_tls.o)
                              c:/program files (x86)/emblocks/2.30/share/em_armgcc/bin/../lib/gcc/arm-none-eabi/4.7.3/armv6-m\libgcc.a(_udivsi3.o) (__aeabi_idiv0)
c:/program files (x86)/emblocks/2.30/share/em_armgcc/bin/../lib/gcc/arm-none-eabi/4.7.3/armv6-m\libgcc.a(_arm_cmpdf2.o)
                              ..\..\..\Downloads\arm-none-eabi\lib\stm32plus-040000\libstm32plus-debug-f030-8000000.a(StringUtil.o) (__aeabi_dcmpeq)
c:/program files (x86)/emblocks/2.30/share/em_armgcc/bin/../lib/gcc/arm-none-eabi/4.7.3/armv6-m\libgcc.a(_fixunsdfsi.o)
                              ..\..\..\Downloads\arm-none-eabi\lib\stm32plus-040000\libstm32plus-debug-f030-8000000.a(StringUtil.o) (__aeabi_d2uiz)
c:/program files (x86)/emblocks/2.30/share/em_armgcc/bin/../lib/gcc/arm-none-eabi/4.7.3/armv6-m\libgcc.a(eqdf2.o)
                              c:/program files (x86)/emblocks/2.30/share/em_armgcc/bin/../lib/gcc/arm-none-eabi/4.7.3/armv6-m\libgcc.a(_arm_cmpdf2.o) (__eqdf2)
c:/program files (x86)/emblocks/2.30/share/em_armgcc/bin/../lib/gcc/arm-none-eabi/4.7.3/armv6-m\libgcc.a(gedf2.o)
                              c:/program files (x86)/emblocks/2.30/share/em_armgcc/bin/../lib/gcc/arm-none-eabi/4.7.3/armv6-m\libgcc.a(_arm_cmpdf2.o) (__gedf2)
c:/program files (x86)/emblocks/2.30/share/em_armgcc/bin/../lib/gcc/arm-none-eabi/4.7.3/armv6-m\libgcc.a(ledf2.o)
                              c:/program files (x86)/emblocks/2.30/share/em_armgcc/bin/../lib/gcc/arm-none-eabi/4.7.3/armv6-m\libgcc.a(_arm_cmpdf2.o) (__ledf2)
c:/program files (x86)/emblocks/2.30/share/em_armgcc/bin/../lib/gcc/arm-none-eabi/4.7.3/armv6-m\libgcc.a(muldf3.o)
                              ..\..\..\Downloads\arm-none-eabi\lib\stm32plus-040000\libstm32plus-debug-f030-8000000.a(StringUtil.o) (__aeabi_dmul)
c:/program files (x86)/emblocks/2.30/share/em_armgcc/bin/../lib/gcc/arm-none-eabi/4.7.3/armv6-m\libgcc.a(subdf3.o)
                              ..\..\..\Downloads\arm-none-eabi\lib\stm32plus-040000\libstm32plus-debug-f030-8000000.a(StringUtil.o) (__aeabi_dsub)
c:/program files (x86)/emblocks/2.30/share/em_armgcc/bin/../lib/gcc/arm-none-eabi/4.7.3/armv6-m\libgcc.a(fixdfsi.o)
                              c:/program files (x86)/emblocks/2.30/share/em_armgcc/bin/../lib/gcc/arm-none-eabi/4.7.3/armv6-m\libgcc.a(_fixunsdfsi.o) (__aeabi_d2iz)
[...]
Memory Configuration

Name             Origin             Length             Attributes
FLASH            0x08000000         0x00010000         xr
RAM              0x20000000         0x00002000         xrw
MEMORY_B1        0x60000000         0x00000000         xr
*default*        0x00000000         0xffffffff

Linker script and memory map

LOAD c:/program files (x86)/emblocks/2.30/share/em_armgcc/bin/../lib/gcc/arm-none-eabi/4.7.3/../../../../arm-none-eabi/lib/armv6-m\librdimon.a
                0x00000000                __HEAP_SIZE = 0x0
                0x00001000                __STACK_SIZE = 0x1000
                0x20002000                _estack = 0x20002000
                0x00000000                _Min_Heap_Size = 0x0
                0x00000400                _Min_Stack_Size = 0x400

.isr_vector     0x08000000       0xb8
                0x08000000                . = ALIGN (0x4)
 *(.isr_vector)
 .isr_vector    0x08000000       0xb8 obj\debug\startup.o
                0x08000000                g_pfnVectors
                0x080000b8                . = ALIGN (0x4)

.text           0x080000b8     0x3f64
                0x080000b8                . = ALIGN (0x4)
 *(.text)
 .text          0x080000b8       0x9c c:/program files (x86)/emblocks/2.30/share/em_armgcc/bin/../lib/gcc/arm-none-eabi/4.7.3/armv6-m\libgcc.a(_udivsi3.o)
                0x080000b8                __aeabi_uidiv
                0x080000b8                __udivsi3
                0x08000140                __aeabi_uidivmod
 .text          0x08000154       0xc0 c:/program files (x86)/emblocks/2.30/share/em_armgcc/bin/../lib/gcc/arm-none-eabi/4.7.3/armv6-m\libgcc.a(_divsi3.o)
                0x08000154                __divsi3
                0x08000154                __aeabi_idiv
                0x08000200                __aeabi_idivmod
 .text          0x08000214        0x4 c:/program files (x86)/emblocks/2.30/share/em_armgcc/bin/../lib/gcc/arm-none-eabi/4.7.3/armv6-m\libgcc.a(_dvmd_tls.o)
                0x08000214                __aeabi_idiv0
                0x08000214                __aeabi_ldiv0
 *(.text*)
 .text.Reset_Handler
                0x08000218       0x4c obj\debug\startup.o
                0x08000218                Reset_Handler
 .text.Default_Handler
                0x08000264        0x2 obj\debug\startup.o
                0x08000264                TIM1_CC_IRQHandler
                0x08000264                HardFault_Handler
                0x08000264                PendSV_Handler
                0x08000264                NMI_Handler
                0x08000264                I2C1_IRQHandler
                0x08000264                SPI1_IRQHandler
                0x08000264                EXTI2_3_IRQHandler
                0x08000264                ADC1_IRQHandler
                0x08000264                I2C2_IRQHandler
                0x08000264                TIM17_IRQHandler
                0x08000264                RTC_IRQHandler
                0x08000264                TIM16_IRQHandler
                0x08000264                RCC_IRQHandler
                0x08000264                DMA1_Channel1_IRQHandler
                0x08000264                Default_Handler
                0x08000264                TIM14_IRQHandler
                0x08000264                DMA1_Channel4_5_IRQHandler
                0x08000264                TIM15_IRQHandler
                0x08000264                EXTI0_1_IRQHandler
                0x08000264                SPI2_IRQHandler
                0x08000264                SVC_Handler
                0x08000264                WWDG_IRQHandler
                0x08000264                DMA1_Channel2_3_IRQHandler
                0x08000264                USART2_IRQHandler
                0x08000264                FLASH_IRQHandler
                0x08000264                USART1_IRQHandler
                0x08000264                TIM1_BRK_UP_TRG_COM_IRQHandler
 *fill*         0x08000266        0x2 
 .text.SystemInit
                0x08000268       0x8c obj\debug\system.o
                0x08000268                SystemInit
 .text.SetSysClock
                0x080002f4       0x88 obj\debug\system.o
 .text._ZN9stm32plus12GpioPortBaseC2EP12GPIO_TypeDef
                0x0800037c       0x1c obj\debug\main.o
                0x0800037c                stm32plus::GpioPortBase::GpioPortBase(GPIO_TypeDef*)
                0x0800037c                stm32plus::GpioPortBase::GpioPortBase(GPIO_TypeDef*)
 .text._ZN9stm32plus12GpioPortBase13setPinHandlerEhPNS_4GpioE
                0x08000398       0x28 obj\debug\main.o
                0x08000398                stm32plus::GpioPortBase::setPinHandler(unsigned char, stm32plus::Gpio*)
 .text._ZNK9stm32plus12GpioPortBase20getPeripheralAddressEv
                0x080003c0       0x14 obj\debug\main.o
                0x080003c0                stm32plus::GpioPortBase::getPeripheralAddress() const
 .text._ZN9stm32plus4GpioC2ERNS_12GpioPortBaseE
                0x080003d4       0x28 obj\debug\main.o
                0x080003d4                stm32plus::Gpio::Gpio(stm32plus::GpioPortBase&)
                0x080003d4                stm32plus::Gpio::Gpio(stm32plus::GpioPortBase&)
 .text._ZN9stm32plus4Gpio14setSelectedPinEh
                0x080003fc       0x28 obj\debug\main.o
                0x080003fc                stm32plus::Gpio::setSelectedPin(unsigned char)
 .text._ZNK9stm32plus4Gpio4readEv
                0x08000424       0x28 obj\debug\main.o
                0x08000424                stm32plus::Gpio::read() const
 .text._ZNK9stm32plus4Gpio10enableExtiEv
                0x0800044c       0x40 obj\debug\main.o
                0x0800044c                stm32plus::Gpio::enableExti() const
 .text._ZNK9stm32plus4Gpio19getPortAndPinSourceERhS1_
                0x0800048c      0x18c obj\debug\main.o
                0x0800048c                stm32plus::Gpio::getPortAndPinSource(unsigned char&, unsigned char&) const
 .text._ZN9stm32plus10gpioHelper13getPeripheralILm1207959552EEEmv
                0x08000618       0x10 obj\debug\main.o
                0x08000618                unsigned long stm32plus::gpioHelper::getPeripheral<1207959552ul>()
 .text._ZN9stm32plus4Nvic10initialiseEm
                0x08000628       0x10 obj\debug\main.o
                0x08000628                stm32plus::Nvic::initialise(unsigned long)
 .text._ZN9stm32plus4Nvic12configureIrqEh15FunctionalStatehh
                0x08000638       0x4c obj\debug\main.o
                0x08000638                stm32plus::Nvic::configureIrq(unsigned char, FunctionalState, unsigned char, unsigned char)
 .text._ZN9stm32plus12ClockControlILNS_14PeripheralNameE33EE2OnEv
                0x08000684       0x10 obj\debug\main.o
                0x08000684                stm32plus::ClockControl<(stm32plus::PeripheralName)33>::On()
 .text._ZSt17__slist_make_linkPSt16_Slist_node_baseS0_
                0x08000694       0x24 obj\debug\main.o
                0x08000694                std::__slist_make_link(std::_Slist_node_base*, std::_Slist_node_base*)
 .text._ZSt12__slist_sizePSt16_Slist_node_base
                0x080006b8       0x30 obj\debug\main.o
                0x080006b8                std::__slist_size(std::_Slist_node_base*)
 .text._ZN12fastdelegate15DelegateMementoC2Ev
                0x080006e8       0x24 obj\debug\main.o
                0x080006e8                fastdelegate::DelegateMemento::DelegateMemento()
                0x080006e8                fastdelegate::DelegateMemento::DelegateMemento()
 .text._ZN12fastdelegate15DelegateMemento5clearEv
                0x0800070c       0x20 obj\debug\main.o
                0x0800070c                fastdelegate::DelegateMemento::clear()
 .text._ZN12fastdelegate15DelegateMemento14SetMementoFromERKS0_
                0x0800072c       0x24 obj\debug\main.o
                0x0800072c                fastdelegate::DelegateMemento::SetMementoFrom(fastdelegate::DelegateMemento const&)
 .text._ZN9stm32plus18ExtiPeripheralBase20initialisePeripheralEm16EXTIMode_TypeDef19EXTITrigger_TypeDef
                0x08000750       0x50 obj\debug\main.o
                0x08000750                stm32plus::ExtiPeripheralBase::initialisePeripheral(unsigned long, EXTIMode_TypeDef, EXTITrigger_TypeDef)
 .text._ZN9stm32plus20ExtiInterruptEnablerILh6EE6enableEv
                0x080007a0       0x24 obj\debug\main.o
                0x080007a0                stm32plus::ExtiInterruptEnabler<(unsigned char)6>::enable()
 .text._ZN9stm32plus5Exti6C2E16EXTIMode_TypeDef19EXTITrigger_TypeDefRKNS_4GpioE
                0x080007c4       0x50 obj\debug\main.o
                0x080007c4                stm32plus::Exti6::Exti6(EXTIMode_TypeDef, EXTITrigger_TypeDef, stm32plus::Gpio const&)
                0x080007c4                stm32plus::Exti6::Exti6(EXTIMode_TypeDef, EXTITrigger_TypeDef, stm32plus::Gpio const&)
 .text._ZN9stm32plus5TimerC2EP11TIM_TypeDef
                0x08000814       0x24 obj\debug\main.o
                0x08000814                stm32plus::Timer::Timer(TIM_TypeDef*)
                0x08000814                stm32plus::Timer::Timer(TIM_TypeDef*)
 .text._ZN9stm32plus5Timer18initialiseTimeBaseEmttt
                0x08000838       0x4c obj\debug\main.o
                0x08000838                stm32plus::Timer::initialiseTimeBase(unsigned long, unsigned short, unsigned short, unsigned short)
 .text._ZN9stm32plus5Timer22setTimeBaseByFrequencyEmmt
                0x08000884       0x44 obj\debug\main.o
                0x08000884                stm32plus::Timer::setTimeBaseByFrequency(unsigned long, unsigned long, unsigned short)
 .text._ZNK9stm32plus5Timer10getCounterEv
                0x080008c8       0x1c obj\debug\main.o
                0x080008c8                stm32plus::Timer::getCounter() const
 .text._ZN9stm32plus5Timer8setClockEm
                0x080008e4       0x18 obj\debug\main.o
                0x080008e4                stm32plus::Timer::setClock(unsigned long)
 .text._ZNK9stm32plus5Timer10setCounterEm
                0x080008fc       0x20 obj\debug\main.o
                0x080008fc                stm32plus::Timer::setCounter(unsigned long) const
 .text._ZN9stm32plus5TimercvP11TIM_TypeDefEv
                0x0800091c       0x14 obj\debug\main.o
                0x0800091c                stm32plus::Timer::operator TIM_TypeDef*()
 .text._ZNK9stm32plus5Timer16enablePeripheralEv
                0x08000930       0x1c obj\debug\main.o
                0x08000930                stm32plus::Timer::enablePeripheral() const
 .text._ZNK9stm32plus5Timer17disablePeripheralEv
                0x0800094c       0x1c obj\debug\main.o
                0x0800094c                stm32plus::Timer::disablePeripheral() const
 .text._ZN9stm32plus16TimerFeatureBaseC2ERNS_5TimerE
                0x08000968       0x1c obj\debug\main.o
                0x08000968                stm32plus::TimerFeatureBase::TimerFeatureBase(stm32plus::Timer&)
                0x08000968                stm32plus::TimerFeatureBase::TimerFeatureBase(stm32plus::Timer&)
 .text._ZN9stm32plus28TimerInterruptFeatureEnablerILh3EE6enableEthh
                0x08000984       0x40 obj\debug\main.o
                0x08000984                stm32plus::TimerInterruptFeatureEnabler<(unsigned char)3>::enable(unsigned short, unsigned char, unsigned char)
 .text._ZN9stm32plus25TimerInternalClockFeatureC2ERNS_5TimerE
                0x080009c4       0x9c obj\debug\main.o
                0x080009c4                stm32plus::TimerInternalClockFeature::TimerInternalClockFeature(stm32plus::Timer&)
                0x080009c4                stm32plus::TimerInternalClockFeature::TimerInternalClockFeature(stm32plus::Timer&)
 .text._ZN9stm32plus11SemiHosting11__semi_callEiPKc
                0x08000a60       0x1c obj\debug\main.o
                0x08000a60                stm32plus::SemiHosting::__semi_call(int, char const*)
 .text._ZN9stm32plus11SemiHostinglsEPKc
                0x08000a7c       0x20 obj\debug\main.o
                0x08000a7c                stm32plus::SemiHosting::operator<<(char const*)
 .text._ZN9stm32plus11SemiHostinglsEm
                0x08000a9c       0x30 obj\debug\main.o
                0x08000a9c                stm32plus::SemiHosting::operator<<(unsigned long)
 .text._ZN9stm32plus11SemiHostinglsEi
                0x08000acc       0x30 obj\debug\main.o
                0x08000acc                stm32plus::SemiHosting::operator<<(int)
 .text._ZN2IR10_ir_pulsesC2Ev
                0x08000afc       0x34 obj\debug\main.o
                0x08000afc                IR::_ir_pulses::_ir_pulses()
                0x08000afc                IR::_ir_pulses::_ir_pulses()
 .text._ZN2IRC2Ev
                0x08000b30      0x148 obj\debug\main.o
                0x08000b30                IR::IR()
                0x08000b30                IR::IR()
 .text._ZN2IR6decodeEv
                0x08000c78      0x2a0 obj\debug\main.o
                0x08000c78                IR::decode()
 .text._ZN2IR14IsReadCompleteEv
                0x08000f18       0x24 obj\debug\main.o
                0x08000f18                IR::IsReadComplete()
 .text._ZN2IR16Exti_onInterruptEh
                0x08000f3c       0xd4 obj\debug\main.o
                0x08000f3c                IR::Exti_onInterrupt(unsigned char)
 .text._ZN2IR17Timer_onInterruptEN9stm32plus14TimerEventTypeEh
                0x08001010       0x54 obj\debug\main.o
                0x08001010                IR::Timer_onInterrupt(stm32plus::TimerEventType, unsigned char)
 .text.main     0x08001064       0x50 obj\debug\main.o
                0x08001064                main
 .text._ZN4wink6signalINS_4slotIFvhEEEEC2Ev
                0x080010b4       0x40 obj\debug\main.o
                0x080010b4                wink::signal<wink::slot<void (unsigned char)> >::signal()
                0x080010b4                wink::signal<wink::slot<void (unsigned char)> >::signal()
 .text._ZN9stm32plus18ExtiPeripheralBaseC2Ev
                0x080010f4       0x1c obj\debug\main.o
                0x080010f4                stm32plus::ExtiPeripheralBase::ExtiPeripheralBase()
                0x080010f4                stm32plus::ExtiPeripheralBase::ExtiPeripheralBase()
 .text._ZN4wink4slotIFvhEED2Ev
                0x08001110       0x14 obj\debug\main.o
                0x08001110                wink::slot<void (unsigned char)>::~slot()
                0x08001110                wink::slot<void (unsigned char)>::~slot()
 .text._ZN9stm32plus14ExtiPeripheralILm64EEC2E16EXTIMode_TypeDef19EXTITrigger_TypeDef
                0x08001124       0x40 obj\debug\main.o
                0x08001124                stm32plus::ExtiPeripheral<64ul>::ExtiPeripheral(EXTIMode_TypeDef, EXTITrigger_TypeDef)
                0x08001124                stm32plus::ExtiPeripheral<64ul>::ExtiPeripheral(EXTIMode_TypeDef, EXTITrigger_TypeDef)
 .text._ZN9stm32plus6Timer3IINS_25TimerInternalClockFeatureENS_21TimerInterruptFeatureILh3EEEEEC2Ev
                0x08001164       0x44 obj\debug\main.o
                0x08001164                stm32plus::Timer3<stm32plus::TimerInternalClockFeature, stm32plus::TimerInterruptFeature<(unsigned char)3> >::Timer3()
                0x08001164                stm32plus::Timer3<stm32plus::TimerInternalClockFeature, stm32plus::TimerInterruptFeature<(unsigned char)3> >::Timer3()
                0x08001164                stm32plus::Timer3<stm32plus::TimerInternalClockFeature, stm32plus::TimerInterruptFeature<(unsigned char)3> >::Timer3()
                0x08001164                stm32plus::Timer3<stm32plus::TimerInternalClockFeature, stm32plus::TimerInterruptFeature<(unsigned char)3> >::Timer3()
 .text._ZN9stm32plus8GpioPortILm1207959552EINS_19DigitalInputFeatureIL17GPIOSpeed_TypeDef3ELNS_4Gpio18GpioPullUpDownTypeE0EILh6EEEEEEC2Ev
                0x080011a8       0x38 obj\debug\main.o
                0x080011a8                stm32plus::GpioPort<1207959552ul, stm32plus::DigitalInputFeature<(GPIOSpeed_TypeDef)3, (stm32plus::Gpio::GpioPullUpDownType)0, (unsigned char)6> >::GpioPort()
                0x080011a8                stm32plus::GpioPort<1207959552ul, stm32plus::DigitalInputFeature<(GPIOSpeed_TypeDef)3, (stm32plus::Gpio::GpioPullUpDownType)0, (unsigned char)6> >::GpioPort()
                0x080011a8                stm32plus::GpioPort<1207959552ul, stm32plus::DigitalInputFeature<(GPIOSpeed_TypeDef)3, (stm32plus::Gpio::GpioPullUpDownType)0, (unsigned char)6> >::GpioPort()
                0x080011a8                stm32plus::GpioPort<1207959552ul, stm32plus::DigitalInputFeature<(GPIOSpeed_TypeDef)3, (stm32plus::Gpio::GpioPullUpDownType)0, (unsigned char)6> >::GpioPort()
 .text._ZNSaIN2IR6_pulseEEC2Ev
                0x080011e0       0x14 obj\debug\main.o
                0x080011e0                std::allocator<IR::_pulse>::allocator()
                0x080011e0                std::allocator<IR::_pulse>::allocator()
 .text._ZNSaIN2IR6_pulseEED2Ev
                0x080011f4       0x14 obj\debug\main.o
                0x080011f4                std::allocator<IR::_pulse>::~allocator()
                0x080011f4                std::allocator<IR::_pulse>::~allocator()
 .text._ZNSt6vectorIN2IR6_pulseESaIS1_EEC2ERKS2_
                0x08001208       0x20 obj\debug\main.o
                0x08001208                std::vector<IR::_pulse, std::allocator<IR::_pulse> >::vector(std::allocator<IR::_pulse> const&)
                0x08001208                std::vector<IR::_pulse, std::allocator<IR::_pulse> >::vector(std::allocator<IR::_pulse> const&)
 .text._ZNSt6vectorIN2IR6_pulseESaIS1_EE7reserveEj
                0x08001228       0x98 obj\debug\main.o
                0x08001228                std::vector<IR::_pulse, std::allocator<IR::_pulse> >::reserve(unsigned int)
 .text._ZN9stm32plus8GpioPortILm1207959552EINS_19DigitalInputFeatureIL17GPIOSpeed_TypeDef3ELNS_4Gpio18GpioPullUpDownTypeE0EILh6EEEEEEixEh
                0x080012c0       0x38 obj\debug\main.o
                0x080012c0                stm32plus::GpioPort<1207959552ul, stm32plus::DigitalInputFeature<(GPIOSpeed_TypeDef)3, (stm32plus::Gpio::GpioPullUpDownType)0, (unsigned char)6> >::operator[](unsigned char)
                0x080012c0                stm32plus::GpioPort<1207959552ul, stm32plus::DigitalInputFeature<(GPIOSpeed_TypeDef)3, (stm32plus::Gpio::GpioPullUpDownType)0, (unsigned char)6> >::operator[](unsigned char)
 .text._ZN4wink4slotIFvhEE4bindI2IRMS4_FvhEEES2_PT_T0_
                0x080012f8       0x2c obj\debug\main.o
                0x080012f8                wink::slot<void (unsigned char)> wink::slot<void (unsigned char)>::bind<IR, void (IR::*)(unsigned char)>(IR*, void (IR::*)(unsigned char))
 .text._ZN4wink6signalINS_4slotIFvhEEEE16insertSubscriberERKS3_
                0x08001324       0x44 obj\debug\main.o
                0x08001324                wink::signal<wink::slot<void (unsigned char)> >::insertSubscriber(wink::slot<void (unsigned char)> const&)
 .text._ZN4wink4slotIFvN9stm32plus14TimerEventTypeEhEE4bindI2IRMS6_FvS2_hEEES4_PT_T0_
                0x08001368       0x2c obj\debug\main.o
                0x08001368                wink::slot<void (stm32plus::TimerEventType, unsigned char)> wink::slot<void (stm32plus::TimerEventType, unsigned char)>::bind<IR, void (IR::*)(stm32plus::TimerEventType, unsigned char)>(IR*, void (IR::*)(stm32plus::TimerEventType, unsigned char))
 .text._ZN4wink4slotIFvN9stm32plus14TimerEventTypeEhEED2Ev
                0x08001394       0x14 obj\debug\main.o
                0x08001394                wink::slot<void (stm32plus::TimerEventType, unsigned char)>::~slot()
                0x08001394                wink::slot<void (stm32plus::TimerEventType, unsigned char)>::~slot()
 .text._ZN4wink6signalINS_4slotIFvN9stm32plus14TimerEventTypeEhEEEE16insertSubscriberERKS5_
                0x080013a8       0x44 obj\debug\main.o
                0x080013a8                wink::signal<wink::slot<void (stm32plus::TimerEventType, unsigned char)> >::insertSubscriber(wink::slot<void (stm32plus::TimerEventType, unsigned char)> const&)
 .text._ZNK9stm32plus21TimerInterruptFeatureILh3EE26clearPendingInterruptsFlagEt
                0x080013ec       0x2c obj\debug\main.o
                0x080013ec                stm32plus::TimerInterruptFeature<(unsigned char)3>::clearPendingInterruptsFlag(unsigned short) const
 .text._ZN9stm32plus21TimerInterruptFeatureILh3EE16enableInterruptsEt
                0x08001418       0x50 obj\debug\main.o
                0x08001418                stm32plus::TimerInterruptFeature<(unsigned char)3>::enableInterrupts(unsigned short)
 .text._ZNSt6vectorIN2IR6_pulseESaIS1_EEixEj
                0x08001468       0x24 obj\debug\main.o
                0x08001468                std::vector<IR::_pulse, std::allocator<IR::_pulse> >::operator[](unsigned int)
 .text._ZNKSt6vectorIN2IR6_pulseESaIS1_EE4sizeEv
                0x0800148c       0x2c obj\debug\main.o
                0x0800148c                std::vector<IR::_pulse, std::allocator<IR::_pulse> >::size() const
 .text._ZNSt6vectorIN2IR6_pulseESaIS1_EE9push_backERKS1_
                0x080014b8       0x50 obj\debug\main.o
                0x080014b8                std::vector<IR::_pulse, std::allocator<IR::_pulse> >::push_back(IR::_pulse const&)
 .text._ZN4wink4slotIFvhEEC2Ev
                0x08001508       0x1c obj\debug\main.o
                0x08001508                wink::slot<void (unsigned char)>::slot()
                0x08001508                wink::slot<void (unsigned char)>::slot()
 .text._ZNSaIN4wink4slotIFvhEEEEC2Ev
                0x08001524       0x14 obj\debug\main.o
                0x08001524                std::allocator<wink::slot<void (unsigned char)> >::allocator()
                0x08001524                std::allocator<wink::slot<void (unsigned char)> >::allocator()
 .text._ZNSaIN4wink4slotIFvhEEEED2Ev
                0x08001538       0x14 obj\debug\main.o
                0x08001538                std::allocator<wink::slot<void (unsigned char)> >::~allocator()
                0x08001538                std::allocator<wink::slot<void (unsigned char)> >::~allocator()
 .text._ZNSt5slistIN4wink4slotIFvhEEESaIS3_EEC2ERKS4_
                0x0800154c       0x20 obj\debug\main.o
                0x0800154c                std::slist<wink::slot<void (unsigned char)>, std::allocator<wink::slot<void (unsigned char)> > >::slist(std::allocator<wink::slot<void (unsigned char)> > const&)
                0x0800154c                std::slist<wink::slot<void (unsigned char)>, std::allocator<wink::slot<void (unsigned char)> > >::slist(std::allocator<wink::slot<void (unsigned char)> > const&)
 .text._ZN9stm32plus19GeneralPurposeTimerINS_6Timer3IINS_25TimerInternalClockFeatureENS_21TimerInterruptFeatureILh3EEEEEELNS_14PeripheralNameE33EEC2EP11TIM_TypeDef
                0x0800156c       0x20 obj\debug\main.o
                0x0800156c                stm32plus::GeneralPurposeTimer<stm32plus::Timer3<stm32plus::TimerInternalClockFeature, stm32plus::TimerInterruptFeature<(unsigned char)3> >, (stm32plus::PeripheralName)33>::GeneralPurposeTimer(TIM_TypeDef*)
                0x0800156c                stm32plus::GeneralPurposeTimer<stm32plus::Timer3<stm32plus::TimerInternalClockFeature, stm32plus::TimerInterruptFeature<(unsigned char)3> >, (stm32plus::PeripheralName)33>::GeneralPurposeTimer(TIM_TypeDef*)
                0x0800156c                stm32plus::GeneralPurposeTimer<stm32plus::Timer3<stm32plus::TimerInternalClockFeature, stm32plus::TimerInterruptFeature<(unsigned char)3> >, (stm32plus::PeripheralName)33>::GeneralPurposeTimer(TIM_TypeDef*)
                0x0800156c                stm32plus::GeneralPurposeTimer<stm32plus::Timer3<stm32plus::TimerInternalClockFeature, stm32plus::TimerInterruptFeature<(unsigned char)3> >, (stm32plus::PeripheralName)33>::GeneralPurposeTimer(TIM_TypeDef*)
 .text._ZN4wink6signalINS_4slotIFvN9stm32plus14TimerEventTypeEhEEEEC2Ev
                0x0800158c       0x40 obj\debug\main.o
                0x0800158c                wink::signal<wink::slot<void (stm32plus::TimerEventType, unsigned char)> >::signal()
                0x0800158c                wink::signal<wink::slot<void (stm32plus::TimerEventType, unsigned char)> >::signal()
 .text._ZN9stm32plus16TimerEventSourceC2Ev
                0x080015cc       0x1c obj\debug\main.o
                0x080015cc                stm32plus::TimerEventSource::TimerEventSource()
                0x080015cc                stm32plus::TimerEventSource::TimerEventSource()
 .text._ZN9stm32plus21TimerInterruptFeatureILh3EEC2ERNS_5TimerE
                0x080015e8       0x44 obj\debug\main.o
                0x080015e8                stm32plus::TimerInterruptFeature<(unsigned char)3>::TimerInterruptFeature(stm32plus::Timer&)
                0x080015e8                stm32plus::TimerInterruptFeature<(unsigned char)3>::TimerInterruptFeature(stm32plus::Timer&)
 .text._ZN9stm32plus8GpioPortILm1207959552EINS_19DigitalInputFeatureIL17GPIOSpeed_TypeDef3ELNS_4Gpio18GpioPullUpDownTypeE0EILh6EEEEEE9initClockEv
                0x0800162c       0x24 obj\debug\main.o
                0x0800162c                stm32plus::GpioPort<1207959552ul, stm32plus::DigitalInputFeature<(GPIOSpeed_TypeDef)3, (stm32plus::Gpio::GpioPullUpDownType)0, (unsigned char)6> >::initClock()
                0x0800162c                stm32plus::GpioPort<1207959552ul, stm32plus::DigitalInputFeature<(GPIOSpeed_TypeDef)3, (stm32plus::Gpio::GpioPullUpDownType)0, (unsigned char)6> >::initClock()
 .text._ZN9stm32plus19DigitalInputFeatureIL17GPIOSpeed_TypeDef3ELNS_4Gpio18GpioPullUpDownTypeE0EILh6EEEC2ERNS_12GpioPortBaseE
                0x08001650       0x40 obj\debug\main.o
                0x08001650                stm32plus::DigitalInputFeature<(GPIOSpeed_TypeDef)3, (stm32plus::Gpio::GpioPullUpDownType)0, (unsigned char)6>::DigitalInputFeature(stm32plus::GpioPortBase&)
                0x08001650                stm32plus::DigitalInputFeature<(GPIOSpeed_TypeDef)3, (stm32plus::Gpio::GpioPullUpDownType)0, (unsigned char)6>::DigitalInputFeature(stm32plus::GpioPortBase&)
                0x08001650                stm32plus::DigitalInputFeature<(GPIOSpeed_TypeDef)3, (stm32plus::Gpio::GpioPullUpDownType)0, (unsigned char)6>::DigitalInputFeature(stm32plus::GpioPortBase&)
                0x08001650                stm32plus::DigitalInputFeature<(GPIOSpeed_TypeDef)3, (stm32plus::Gpio::GpioPullUpDownType)0, (unsigned char)6>::DigitalInputFeature(stm32plus::GpioPortBase&)
 .text._ZNSt12_Vector_baseIN2IR6_pulseESaIS1_EEC2ERKS2_
                0x08001690       0x20 obj\debug\main.o
                0x08001690                std::_Vector_base<IR::_pulse, std::allocator<IR::_pulse> >::_Vector_base(std::allocator<IR::_pulse> const&)
                0x08001690                std::_Vector_base<IR::_pulse, std::allocator<IR::_pulse> >::_Vector_base(std::allocator<IR::_pulse> const&)
 .text._ZSt7destroyIPN2IR6_pulseEEvT_S3_
                0x080016b0       0x1c obj\debug\main.o
                0x080016b0                void std::destroy<IR::_pulse*>(IR::_pulse*, IR::_pulse*)
 .text._ZNKSt6vectorIN2IR6_pulseESaIS1_EE8capacityEv
                0x080016cc       0x24 obj\debug\main.o
                0x080016cc                std::vector<IR::_pulse, std::allocator<IR::_pulse> >::capacity() const
 .text._ZNSt6vectorIN2IR6_pulseESaIS1_EE20_M_allocate_and_copyIPS1_EES5_jT_S6_
                0x080016f0       0x38 obj\debug\main.o
                0x080016f0                IR::_pulse* std::vector<IR::_pulse, std::allocator<IR::_pulse> >::_M_allocate_and_copy<IR::_pulse*>(unsigned int, IR::_pulse*, IR::_pulse*)
 .text._ZNSt18_Vector_alloc_baseIN2IR6_pulseESaIS1_ELb1EE13_M_deallocateEPS1_j
                0x08001728       0x20 obj\debug\main.o
                0x08001728                std::_Vector_alloc_base<IR::_pulse, std::allocator<IR::_pulse>, true>::_M_deallocate(IR::_pulse*, unsigned int)
 .text._ZN4wink4slotIFvhEEC2I2IRMS4_FvhEEEPT_T0_
                0x08001748       0x2c obj\debug\main.o
                0x08001748                wink::slot<void (unsigned char)>::slot<IR, void (IR::*)(unsigned char)>(IR*, void (IR::*)(unsigned char))
                0x08001748                wink::slot<void (unsigned char)>::slot<IR, void (IR::*)(unsigned char)>(IR*, void (IR::*)(unsigned char))
 .text._ZN12fastdelegate12FastDelegateIFvhEEC2ERKS2_
                0x08001774       0x20 obj\debug\main.o
                0x08001774                fastdelegate::FastDelegate<void (unsigned char)>::FastDelegate(fastdelegate::FastDelegate<void (unsigned char)> const&)
                0x08001774                fastdelegate::FastDelegate<void (unsigned char)>::FastDelegate(fastdelegate::FastDelegate<void (unsigned char)> const&)
 .text._ZN4wink4slotIFvhEEC2ERKS2_
                0x08001794       0x20 obj\debug\main.o
                0x08001794                wink::slot<void (unsigned char)>::slot(wink::slot<void (unsigned char)> const&)
                0x08001794                wink::slot<void (unsigned char)>::slot(wink::slot<void (unsigned char)> const&)
 .text._ZNKSt5slistIN4wink4slotIFvhEEESaIS3_EE4sizeEv
                0x080017b4       0x1c obj\debug\main.o
                0x080017b4                std::slist<wink::slot<void (unsigned char)>, std::allocator<wink::slot<void (unsigned char)> > >::size() const
 .text._ZN12fastdelegate12FastDelegateIFvhEEaSERKS2_
                0x080017d0       0x20 obj\debug\main.o
                0x080017d0                fastdelegate::FastDelegate<void (unsigned char)>::operator=(fastdelegate::FastDelegate<void (unsigned char)> const&)
 .text._ZN4wink4slotIFvhEEaSERKS2_
                0x080017f0       0x20 obj\debug\main.o
                0x080017f0                wink::slot<void (unsigned char)>::operator=(wink::slot<void (unsigned char)> const&)
 .text._ZNSt5slistIN4wink4slotIFvhEEESaIS3_EE10push_frontERKS3_
                0x08001810       0x28 obj\debug\main.o
                0x08001810                std::slist<wink::slot<void (unsigned char)>, std::allocator<wink::slot<void (unsigned char)> > >::push_front(wink::slot<void (unsigned char)> const&)
 .text._ZN4wink4slotIFvN9stm32plus14TimerEventTypeEhEEC2I2IRMS6_FvS2_hEEEPT_T0_
                0x08001838       0x2c obj\debug\main.o
                0x08001838                wink::slot<void (stm32plus::TimerEventType, unsigned char)>::slot<IR, void (IR::*)(stm32plus::TimerEventType, unsigned char)>(IR*, void (IR::*)(stm32plus::TimerEventType, unsigned char))
                0x08001838                wink::slot<void (stm32plus::TimerEventType, unsigned char)>::slot<IR, void (IR::*)(stm32plus::TimerEventType, unsigned char)>(IR*, void (IR::*)(stm32plus::TimerEventType, unsigned char))
 .text._ZN12fastdelegate12FastDelegateIFvN9stm32plus14TimerEventTypeEhEEC2ERKS4_
                0x08001864       0x20 obj\debug\main.o
                0x08001864                fastdelegate::FastDelegate<void (stm32plus::TimerEventType, unsigned char)>::FastDelegate(fastdelegate::FastDelegate<void (stm32plus::TimerEventType, unsigned char)> const&)
                0x08001864                fastdelegate::FastDelegate<void (stm32plus::TimerEventType, unsigned char)>::FastDelegate(fastdelegate::FastDelegate<void (stm32plus::TimerEventType, unsigned char)> const&)
 .text._ZN4wink4slotIFvN9stm32plus14TimerEventTypeEhEEC2ERKS4_
                0x08001884       0x20 obj\debug\main.o
                0x08001884                wink::slot<void (stm32plus::TimerEventType, unsigned char)>::slot(wink::slot<void (stm32plus::TimerEventType, unsigned char)> const&)
                0x08001884                wink::slot<void (stm32plus::TimerEventType, unsigned char)>::slot(wink::slot<void (stm32plus::TimerEventType, unsigned char)> const&)
 .text._ZNKSt5slistIN4wink4slotIFvN9stm32plus14TimerEventTypeEhEEESaIS5_EE4sizeEv
                0x080018a4       0x1c obj\debug\main.o
                0x080018a4                std::slist<wink::slot<void (stm32plus::TimerEventType, unsigned char)>, std::allocator<wink::slot<void (stm32plus::TimerEventType, unsigned char)> > >::size() const
 .text._ZN12fastdelegate12FastDelegateIFvN9stm32plus14TimerEventTypeEhEEaSERKS4_
                0x080018c0       0x20 obj\debug\main.o
                0x080018c0                fastdelegate::FastDelegate<void (stm32plus::TimerEventType, unsigned char)>::operator=(fastdelegate::FastDelegate<void (stm32plus::TimerEventType, unsigned char)> const&)
 .text._ZN4wink4slotIFvN9stm32plus14TimerEventTypeEhEEaSERKS4_
                0x080018e0       0x20 obj\debug\main.o
                0x080018e0                wink::slot<void (stm32plus::TimerEventType, unsigned char)>::operator=(wink::slot<void (stm32plus::TimerEventType, unsigned char)> const&)
 .text._ZNSt5slistIN4wink4slotIFvN9stm32plus14TimerEventTypeEhEEESaIS5_EE10push_frontERKS5_
                0x08001900       0x28 obj\debug\main.o
                0x08001900                std::slist<wink::slot<void (stm32plus::TimerEventType, unsigned char)>, std::allocator<wink::slot<void (stm32plus::TimerEventType, unsigned char)> > >::push_front(wink::slot<void (stm32plus::TimerEventType, unsigned char)> const&)
 .text._ZNSt6vectorIN2IR6_pulseESaIS1_EE5beginEv
                0x08001928       0x14 obj\debug\main.o
                0x08001928                std::vector<IR::_pulse, std::allocator<IR::_pulse> >::begin()
 .text._ZNKSt6vectorIN2IR6_pulseESaIS1_EE5beginEv
                0x0800193c       0x14 obj\debug\main.o
                0x0800193c                std::vector<IR::_pulse, std::allocator<IR::_pulse> >::begin() const
 .text._ZNKSt6vectorIN2IR6_pulseESaIS1_EE3endEv
                0x08001950       0x14 obj\debug\main.o
                0x08001950                std::vector<IR::_pulse, std::allocator<IR::_pulse> >::end() const
 .text._ZSt9constructIN2IR6_pulseES1_EvPT_RKT0_
                0x08001964       0x1c obj\debug\main.o
                0x08001964                void std::construct<IR::_pulse, IR::_pulse>(IR::_pulse*, IR::_pulse const&)
 .text._ZNSt6vectorIN2IR6_pulseESaIS1_EE3endEv
                0x08001980       0x14 obj\debug\main.o
                0x08001980                std::vector<IR::_pulse, std::allocator<IR::_pulse> >::end()
 .text._ZNSt6vectorIN2IR6_pulseESaIS1_EE13_M_insert_auxEPS1_RKS1_
                0x08001994      0x134 obj\debug\main.o
                0x08001994                std::vector<IR::_pulse, std::allocator<IR::_pulse> >::_M_insert_aux(IR::_pulse*, IR::_pulse const&)
 .text._ZN12fastdelegate12FastDelegateIFvhEEC2Ev
                0x08001ac8       0x1c obj\debug\main.o
                0x08001ac8                fastdelegate::FastDelegate<void (unsigned char)>::FastDelegate()
                0x08001ac8                fastdelegate::FastDelegate<void (unsigned char)>::FastDelegate()
 .text._ZNSt11_Slist_baseIN4wink4slotIFvhEEESaIS3_EEC2ERKS4_
                0x08001ae4       0x28 obj\debug\main.o
                0x08001ae4                std::_Slist_base<wink::slot<void (unsigned char)>, std::allocator<wink::slot<void (unsigned char)> > >::_Slist_base(std::allocator<wink::slot<void (unsigned char)> > const&)
                0x08001ae4                std::_Slist_base<wink::slot<void (unsigned char)>, std::allocator<wink::slot<void (unsigned char)> > >::_Slist_base(std::allocator<wink::slot<void (unsigned char)> > const&)
 .text._ZN9stm32plus15TimerPeripheralINS_6Timer3IINS_25TimerInternalClockFeatureENS_21TimerInterruptFeatureILh3EEEEEELNS_14PeripheralNameE33EEC2EP11TIM_TypeDef
                0x08001b0c       0x30 obj\debug\main.o
                0x08001b0c                stm32plus::TimerPeripheral<stm32plus::Timer3<stm32plus::TimerInternalClockFeature, stm32plus::TimerInterruptFeature<(unsigned char)3> >, (stm32plus::PeripheralName)33>::TimerPeripheral(TIM_TypeDef*)
                0x08001b0c                stm32plus::TimerPeripheral<stm32plus::Timer3<stm32plus::TimerInternalClockFeature, stm32plus::TimerInterruptFeature<(unsigned char)3> >, (stm32plus::PeripheralName)33>::TimerPeripheral(TIM_TypeDef*)
                0x08001b0c                stm32plus::TimerPeripheral<stm32plus::Timer3<stm32plus::TimerInternalClockFeature, stm32plus::TimerInterruptFeature<(unsigned char)3> >, (stm32plus::PeripheralName)33>::TimerPeripheral(TIM_TypeDef*)
                0x08001b0c                stm32plus::TimerPeripheral<stm32plus::Timer3<stm32plus::TimerInternalClockFeature, stm32plus::TimerInterruptFeature<(unsigned char)3> >, (stm32plus::PeripheralName)33>::TimerPeripheral(TIM_TypeDef*)
 .text._ZN4wink4slotIFvN9stm32plus14TimerEventTypeEhEEC2Ev
                0x08001b3c       0x1c obj\debug\main.o
                0x08001b3c                wink::slot<void (stm32plus::TimerEventType, unsigned char)>::slot()
                0x08001b3c                wink::slot<void (stm32plus::TimerEventType, unsigned char)>::slot()
 .text._ZNSaIN4wink4slotIFvN9stm32plus14TimerEventTypeEhEEEEC2Ev
                0x08001b58       0x14 obj\debug\main.o
                0x08001b58                std::allocator<wink::slot<void (stm32plus::TimerEventType, unsigned char)> >::allocator()
                0x08001b58                std::allocator<wink::slot<void (stm32plus::TimerEventType, unsigned char)> >::allocator()
 .text._ZNSaIN4wink4slotIFvN9stm32plus14TimerEventTypeEhEEEED2Ev
                0x08001b6c       0x14 obj\debug\main.o
                0x08001b6c                std::allocator<wink::slot<void (stm32plus::TimerEventType, unsigned char)> >::~allocator()
                0x08001b6c                std::allocator<wink::slot<void (stm32plus::TimerEventType, unsigned char)> >::~allocator()
 .text._ZNSt5slistIN4wink4slotIFvN9stm32plus14TimerEventTypeEhEEESaIS5_EEC2ERKS6_
                0x08001b80       0x20 obj\debug\main.o
                0x08001b80                std::slist<wink::slot<void (stm32plus::TimerEventType, unsigned char)>, std::allocator<wink::slot<void (stm32plus::TimerEventType, unsigned char)> > >::slist(std::allocator<wink::slot<void (stm32plus::TimerEventType, unsigned char)> > const&)
                0x08001b80                std::slist<wink::slot<void (stm32plus::TimerEventType, unsigned char)>, std::allocator<wink::slot<void (stm32plus::TimerEventType, unsigned char)> > >::slist(std::allocator<wink::slot<void (stm32plus::TimerEventType, unsigned char)> > const&)
 .text._ZN9stm32plus12_GLOBAL__N_112GpioPinMergeILh6EEEvRm
                0x08001ba0       0x1c obj\debug\main.o
 .text._ZN9stm32plus19DigitalInputFeatureIL17GPIOSpeed_TypeDef3ELNS_4Gpio18GpioPullUpDownTypeE0EILh6EEE10initialiseEtS1_S3_
                0x08001bbc       0xc8 obj\debug\main.o
                0x08001bbc                stm32plus::DigitalInputFeature<(GPIOSpeed_TypeDef)3, (stm32plus::Gpio::GpioPullUpDownType)0, (unsigned char)6>::initialise(unsigned short, GPIOSpeed_TypeDef, stm32plus::Gpio::GpioPullUpDownType)
                0x08001bbc                stm32plus::DigitalInputFeature<(GPIOSpeed_TypeDef)3, (stm32plus::Gpio::GpioPullUpDownType)0, (unsigned char)6>::initialise(unsigned short, GPIOSpeed_TypeDef, stm32plus::Gpio::GpioPullUpDownType)
 .text._ZNSt18_Vector_alloc_baseIN2IR6_pulseESaIS1_ELb1EEC2ERKS2_
                0x08001c84       0x28 obj\debug\main.o
                0x08001c84                std::_Vector_alloc_base<IR::_pulse, std::allocator<IR::_pulse>, true>::_Vector_alloc_base(std::allocator<IR::_pulse> const&)
                0x08001c84                std::_Vector_alloc_base<IR::_pulse, std::allocator<IR::_pulse>, true>::_Vector_alloc_base(std::allocator<IR::_pulse> const&)
 .text._ZSt8_DestroyIPN2IR6_pulseEEvT_S3_
                0x08001cac       0x28 obj\debug\main.o
                0x08001cac                void std::_Destroy<IR::_pulse*>(IR::_pulse*, IR::_pulse*)
 .text._ZNSt18_Vector_alloc_baseIN2IR6_pulseESaIS1_ELb1EE11_M_allocateEj
                0x08001cd4       0x1c obj\debug\main.o
                0x08001cd4                std::_Vector_alloc_base<IR::_pulse, std::allocator<IR::_pulse>, true>::_M_allocate(unsigned int)
 .text._ZSt18uninitialized_copyIPN2IR6_pulseES2_ET0_T_S4_S3_
                0x08001cf0       0x30 obj\debug\main.o
                0x08001cf0                IR::_pulse* std::uninitialized_copy<IR::_pulse*, IR::_pulse*>(IR::_pulse*, IR::_pulse*, IR::_pulse*)
 .text._ZNSt12simple_allocIN2IR6_pulseESt23__malloc_alloc_templateILi0EEE10deallocateEPS1_j
                0x08001d20       0x24 obj\debug\main.o
                0x08001d20                std::simple_alloc<IR::_pulse, std::__malloc_alloc_template<0> >::deallocate(IR::_pulse*, unsigned int)
 .text._ZN12fastdelegate12FastDelegateIFvhEEC2I2IRS4_EEPT0_MT_FvhE
                0x08001d44       0x2c obj\debug\main.o
                0x08001d44                fastdelegate::FastDelegate<void (unsigned char)>::FastDelegate<IR, IR>(IR*, void (IR::*)(unsigned char))
                0x08001d44                fastdelegate::FastDelegate<void (unsigned char)>::FastDelegate<IR, IR>(IR*, void (IR::*)(unsigned char))
 .text._ZN12fastdelegate6detail10ClosurePtrIMNS0_12GenericClassEFvhEPFvhES6_EC2Ev
                0x08001d70       0x1c obj\debug\main.o
                0x08001d70                fastdelegate::detail::ClosurePtr<void (fastdelegate::detail::GenericClass::*)(unsigned char), void (*)(unsigned char), void (*)(unsigned char)>::ClosurePtr()
                0x08001d70                fastdelegate::detail::ClosurePtr<void (fastdelegate::detail::GenericClass::*)(unsigned char), void (*)(unsigned char), void (*)(unsigned char)>::ClosurePtr()
 .text._ZN12fastdelegate13FastDelegate1IhvEC2ERKS1_
                0x08001d8c       0x2c obj\debug\main.o
                0x08001d8c                fastdelegate::FastDelegate1<unsigned char, void>::FastDelegate1(fastdelegate::FastDelegate1<unsigned char, void> const&)
                0x08001d8c                fastdelegate::FastDelegate1<unsigned char, void>::FastDelegate1(fastdelegate::FastDelegate1<unsigned char, void> const&)
 .text._ZN12fastdelegate13FastDelegate1IhvEaSERKS1_
                0x08001db8       0x20 obj\debug\main.o
                0x08001db8                fastdelegate::FastDelegate1<unsigned char, void>::operator=(fastdelegate::FastDelegate1<unsigned char, void> const&)
 .text._ZNSt5slistIN4wink4slotIFvhEEESaIS3_EE14_M_create_nodeERKS3_
                0x08001dd8       0x34 obj\debug\main.o
                0x08001dd8                std::slist<wink::slot<void (unsigned char)>, std::allocator<wink::slot<void (unsigned char)> > >::_M_create_node(wink::slot<void (unsigned char)> const&)
 .text._ZN12fastdelegate12FastDelegateIFvN9stm32plus14TimerEventTypeEhEEC2I2IRS6_EEPT0_MT_FvS2_hE
                0x08001e0c       0x2c obj\debug\main.o
                0x08001e0c                fastdelegate::FastDelegate<void (stm32plus::TimerEventType, unsigned char)>::FastDelegate<IR, IR>(IR*, void (IR::*)(stm32plus::TimerEventType, unsigned char))
                0x08001e0c                fastdelegate::FastDelegate<void (stm32plus::TimerEventType, unsigned char)>::FastDelegate<IR, IR>(IR*, void (IR::*)(stm32plus::TimerEventType, unsigned char))
 .text._ZN12fastdelegate6detail10ClosurePtrIMNS0_12GenericClassEFvN9stm32plus14TimerEventTypeEhEPFvS4_hES8_EC2Ev
                0x08001e38       0x1c obj\debug\main.o
                0x08001e38                fastdelegate::detail::ClosurePtr<void (fastdelegate::detail::GenericClass::*)(stm32plus::TimerEventType, unsigned char), void (*)(stm32plus::TimerEventType, unsigned char), void (*)(stm32plus::TimerEventType, unsigned char)>::ClosurePtr()
                0x08001e38                fastdelegate::detail::ClosurePtr<void (fastdelegate::detail::GenericClass::*)(stm32plus::TimerEventType, unsigned char), void (*)(stm32plus::TimerEventType, unsigned char), void (*)(stm32plus::TimerEventType, unsigned char)>::ClosurePtr()
 .text._ZN12fastdelegate13FastDelegate2IN9stm32plus14TimerEventTypeEhvEC2ERKS3_
                0x08001e54       0x2c obj\debug\main.o
                0x08001e54                fastdelegate::FastDelegate2<stm32plus::TimerEventType, unsigned char, void>::FastDelegate2(fastdelegate::FastDelegate2<stm32plus::TimerEventType, unsigned char, void> const&)
                0x08001e54                fastdelegate::FastDelegate2<stm32plus::TimerEventType, unsigned char, void>::FastDelegate2(fastdelegate::FastDelegate2<stm32plus::TimerEventType, unsigned char, void> const&)
 .text._ZN12fastdelegate13FastDelegate2IN9stm32plus14TimerEventTypeEhvEaSERKS3_
                0x08001e80       0x20 obj\debug\main.o
                0x08001e80                fastdelegate::FastDelegate2<stm32plus::TimerEventType, unsigned char, void>::operator=(fastdelegate::FastDelegate2<stm32plus::TimerEventType, unsigned char, void> const&)
 .text._ZNSt5slistIN4wink4slotIFvN9stm32plus14TimerEventTypeEhEEESaIS5_EE14_M_create_nodeERKS5_
                0x08001ea0       0x34 obj\debug\main.o
                0x08001ea0                std::slist<wink::slot<void (stm32plus::TimerEventType, unsigned char)>, std::allocator<wink::slot<void (stm32plus::TimerEventType, unsigned char)> > >::_M_create_node(wink::slot<void (stm32plus::TimerEventType, unsigned char)> const&)
 .text._ZSt10_ConstructIN2IR6_pulseES1_EvPT_RKT0_
                0x08001ed4       0x24 obj\debug\main.o
                0x08001ed4                void std::_Construct<IR::_pulse, IR::_pulse>(IR::_pulse*, IR::_pulse const&)
 .text._ZSt13copy_backwardIPN2IR6_pulseES2_ET0_T_S4_S3_
                0x08001ef8       0x28 obj\debug\main.o
                0x08001ef8                IR::_pulse* std::copy_backward<IR::_pulse*, IR::_pulse*>(IR::_pulse*, IR::_pulse*, IR::_pulse*)
 .text._ZN9stm32plus21Stm32VectorAllocAheadIN2IR6_pulseEEEjj
                0x08001f20       0x14 obj\debug\main.o
                0x08001f20                unsigned int stm32plus::Stm32VectorAllocAhead<IR::_pulse>(unsigned int)
 .text._ZN12fastdelegate13FastDelegate1IhvEC2Ev
                0x08001f34       0x24 obj\debug\main.o
                0x08001f34                fastdelegate::FastDelegate1<unsigned char, void>::FastDelegate1()
                0x08001f34                fastdelegate::FastDelegate1<unsigned char, void>::FastDelegate1()
 .text._ZNSt17_Slist_alloc_baseIN4wink4slotIFvhEEESaIS3_ELb1EEC2ERKS4_
                0x08001f58       0x14 obj\debug\main.o
                0x08001f58                std::_Slist_alloc_base<wink::slot<void (unsigned char)>, std::allocator<wink::slot<void (unsigned char)> >, true>::_Slist_alloc_base(std::allocator<wink::slot<void (unsigned char)> > const&)
                0x08001f58                std::_Slist_alloc_base<wink::slot<void (unsigned char)>, std::allocator<wink::slot<void (unsigned char)> >, true>::_Slist_alloc_base(std::allocator<wink::slot<void (unsigned char)> > const&)
 .text._ZN12fastdelegate12FastDelegateIFvN9stm32plus14TimerEventTypeEhEEC2Ev
                0x08001f6c       0x1c obj\debug\main.o
                0x08001f6c                fastdelegate::FastDelegate<void (stm32plus::TimerEventType, unsigned char)>::FastDelegate()
                0x08001f6c                fastdelegate::FastDelegate<void (stm32plus::TimerEventType, unsigned char)>::FastDelegate()
 .text._ZNSt11_Slist_baseIN4wink4slotIFvN9stm32plus14TimerEventTypeEhEEESaIS5_EEC2ERKS6_
                0x08001f88       0x28 obj\debug\main.o
                0x08001f88                std::_Slist_base<wink::slot<void (stm32plus::TimerEventType, unsigned char)>, std::allocator<wink::slot<void (stm32plus::TimerEventType, unsigned char)> > >::_Slist_base(std::allocator<wink::slot<void (stm32plus::TimerEventType, unsigned char)> > const&)
                0x08001f88                std::_Slist_base<wink::slot<void (stm32plus::TimerEventType, unsigned char)>, std::allocator<wink::slot<void (stm32plus::TimerEventType, unsigned char)> > >::_Slist_base(std::allocator<wink::slot<void (stm32plus::TimerEventType, unsigned char)> > const&)
 .text._ZSt12__value_typeIPN2IR6_pulseEEPNSt15iterator_traitsIT_E10value_typeERKS4_
                0x08001fb0       0x14 obj\debug\main.o
                0x08001fb0                std::iterator_traits<IR::_pulse*>::value_type* std::__value_type<IR::_pulse*>(IR::_pulse* const&)
 .text._ZSt9__destroyIPN2IR6_pulseES1_EvT_S3_PT0_
                0x08001fc4       0x20 obj\debug\main.o
                0x08001fc4                void std::__destroy<IR::_pulse*, IR::_pulse>(IR::_pulse*, IR::_pulse*, IR::_pulse*)
 .text._ZNSt12simple_allocIN2IR6_pulseESt23__malloc_alloc_templateILi0EEE8allocateEj
                0x08001fe4       0x28 obj\debug\main.o
                0x08001fe4                std::simple_alloc<IR::_pulse, std::__malloc_alloc_template<0> >::allocate(unsigned int)
 .text._ZSt20__uninitialized_copyIPN2IR6_pulseES2_S1_ET0_T_S4_S3_PT1_
                0x0800200c       0x2c obj\debug\main.o
                0x0800200c                IR::_pulse* std::__uninitialized_copy<IR::_pulse*, IR::_pulse*, IR::_pulse>(IR::_pulse*, IR::_pulse*, IR::_pulse*, IR::_pulse*)
 .text._ZNSt23__malloc_alloc_templateILi0EE10deallocateEPvj
                0x08002038       0x18 obj\debug\main.o
                0x08002038                std::__malloc_alloc_template<0>::deallocate(void*, unsigned int)
 .text._ZN12fastdelegate13FastDelegate1IhvEC2I2IRS3_EEPT0_MT_FvhE
                0x08002050       0x3c obj\debug\main.o
                0x08002050                fastdelegate::FastDelegate1<unsigned char, void>::FastDelegate1<IR, IR>(IR*, void (IR::*)(unsigned char))
                0x08002050                fastdelegate::FastDelegate1<unsigned char, void>::FastDelegate1<IR, IR>(IR*, void (IR::*)(unsigned char))
 .text._ZN12fastdelegate6detail10ClosurePtrIMNS0_12GenericClassEFvhEPFvhES6_E8CopyFromINS_13FastDelegate1IhvEEEEvPT_RKNS_15DelegateMementoE
                0x0800208c       0x20 obj\debug\main.o
                0x0800208c                void fastdelegate::detail::ClosurePtr<void (fastdelegate::detail::GenericClass::*)(unsigned char), void (*)(unsigned char), void (*)(unsigned char)>::CopyFrom<fastdelegate::FastDelegate1<unsigned char, void> >(fastdelegate::FastDelegate1<unsigned char, void>*, fastdelegate::DelegateMemento const&)
 .text._ZNSt17_Slist_alloc_baseIN4wink4slotIFvhEEESaIS3_ELb1EE11_M_get_nodeEv
                0x080020ac       0x18 obj\debug\main.o
                0x080020ac                std::_Slist_alloc_base<wink::slot<void (unsigned char)>, std::allocator<wink::slot<void (unsigned char)> >, true>::_M_get_node()
 .text._ZSt9constructIN4wink4slotIFvhEEES3_EvPT_RKT0_
                0x080020c4       0x1c obj\debug\main.o
                0x080020c4                void std::construct<wink::slot<void (unsigned char)>, wink::slot<void (unsigned char)> >(wink::slot<void (unsigned char)>*, wink::slot<void (unsigned char)> const&)
 .text._ZN12fastdelegate13FastDelegate2IN9stm32plus14TimerEventTypeEhvEC2I2IRS5_EEPT0_MT_FvS2_hE
                0x080020e0       0x3c obj\debug\main.o
                0x080020e0                fastdelegate::FastDelegate2<stm32plus::TimerEventType, unsigned char, void>::FastDelegate2<IR, IR>(IR*, void (IR::*)(stm32plus::TimerEventType, unsigned char))
                0x080020e0                fastdelegate::FastDelegate2<stm32plus::TimerEventType, unsigned char, void>::FastDelegate2<IR, IR>(IR*, void (IR::*)(stm32plus::TimerEventType, unsigned char))
 .text._ZN12fastdelegate6detail10ClosurePtrIMNS0_12GenericClassEFvN9stm32plus14TimerEventTypeEhEPFvS4_hES8_E8CopyFromINS_13FastDelegate2IS4_hvEEEEvPT_RKNS_15DelegateMementoE
                0x0800211c       0x20 obj\debug\main.o
                0x0800211c                void fastdelegate::detail::ClosurePtr<void (fastdelegate::detail::GenericClass::*)(stm32plus::TimerEventType, unsigned char), void (*)(stm32plus::TimerEventType, unsigned char), void (*)(stm32plus::TimerEventType, unsigned char)>::CopyFrom<fastdelegate::FastDelegate2<stm32plus::TimerEventType, unsigned char, void> >(fastdelegate::FastDelegate2<stm32plus::TimerEventType, unsigned char, void>*, fastdelegate::DelegateMemento const&)
 .text._ZNSt17_Slist_alloc_baseIN4wink4slotIFvN9stm32plus14TimerEventTypeEhEEESaIS5_ELb1EE11_M_get_nodeEv
                0x0800213c       0x18 obj\debug\main.o
                0x0800213c                std::_Slist_alloc_base<wink::slot<void (stm32plus::TimerEventType, unsigned char)>, std::allocator<wink::slot<void (stm32plus::TimerEventType, unsigned char)> >, true>::_M_get_node()
 .text._ZSt9constructIN4wink4slotIFvN9stm32plus14TimerEventTypeEhEEES5_EvPT_RKT0_
                0x08002154       0x1c obj\debug\main.o
                0x08002154                void std::construct<wink::slot<void (stm32plus::TimerEventType, unsigned char)>, wink::slot<void (stm32plus::TimerEventType, unsigned char)> >(wink::slot<void (stm32plus::TimerEventType, unsigned char)>*, wink::slot<void (stm32plus::TimerEventType, unsigned char)> const&)
 .text._ZNSt24__copy_backward_dispatchIPN2IR6_pulseES2_12__false_typeE4copyES2_S2_S2_
                0x08002170       0x2c obj\debug\main.o
                0x08002170                std::__copy_backward_dispatch<IR::_pulse*, IR::_pulse*, __false_type>::copy(IR::_pulse*, IR::_pulse*, IR::_pulse*)
 .text._ZN12fastdelegate13FastDelegate1IhvE5clearEv
                0x0800219c       0x18 obj\debug\main.o
                0x0800219c                fastdelegate::FastDelegate1<unsigned char, void>::clear()
 .text._ZN12fastdelegate13FastDelegate2IN9stm32plus14TimerEventTypeEhvEC2Ev
                0x080021b4       0x24 obj\debug\main.o
                0x080021b4                fastdelegate::FastDelegate2<stm32plus::TimerEventType, unsigned char, void>::FastDelegate2()
                0x080021b4                fastdelegate::FastDelegate2<stm32plus::TimerEventType, unsigned char, void>::FastDelegate2()
 .text._ZNSt17_Slist_alloc_baseIN4wink4slotIFvN9stm32plus14TimerEventTypeEhEEESaIS5_ELb1EEC2ERKS6_
                0x080021d8       0x14 obj\debug\main.o
                0x080021d8                std::_Slist_alloc_base<wink::slot<void (stm32plus::TimerEventType, unsigned char)>, std::allocator<wink::slot<void (stm32plus::TimerEventType, unsigned char)> >, true>::_Slist_alloc_base(std::allocator<wink::slot<void (stm32plus::TimerEventType, unsigned char)> > const&)
                0x080021d8                std::_Slist_alloc_base<wink::slot<void (stm32plus::TimerEventType, unsigned char)>, std::allocator<wink::slot<void (stm32plus::TimerEventType, unsigned char)> >, true>::_Slist_alloc_base(std::allocator<wink::slot<void (stm32plus::TimerEventType, unsigned char)> > const&)
 .text._ZSt13__destroy_auxIPN2IR6_pulseEEvT_S3_12__false_type
                0x080021ec       0x34 obj\debug\main.o
                0x080021ec                void std::__destroy_aux<IR::_pulse*>(IR::_pulse*, IR::_pulse*, __false_type)
 .text._ZNSt23__malloc_alloc_templateILi0EE8allocateEj
                0x08002220       0x30 obj\debug\main.o
                0x08002220                std::__malloc_alloc_template<0>::allocate(unsigned int)
 .text._ZSt24__uninitialized_copy_auxIPN2IR6_pulseES2_ET0_T_S4_S3_12__false_type
                0x08002250       0x48 obj\debug\main.o
                0x08002250                IR::_pulse* std::__uninitialized_copy_aux<IR::_pulse*, IR::_pulse*>(IR::_pulse*, IR::_pulse*, IR::_pulse*, __false_type)
 .text._ZN12fastdelegate6detail13implicit_castIP2IRS3_EET_T0_
                0x08002298       0x14 obj\debug\main.o
                0x08002298                IR* fastdelegate::detail::implicit_cast<IR*, IR*>(IR*)
 .text._ZN12fastdelegate6detail10ClosurePtrIMNS0_12GenericClassEFvhEPFvhES6_E11bindmemfuncI2IRMS9_FvhEEEvPT_T0_
                0x080022ac       0x30 obj\debug\main.o
                0x080022ac                void fastdelegate::detail::ClosurePtr<void (fastdelegate::detail::GenericClass::*)(unsigned char), void (*)(unsigned char), void (*)(unsigned char)>::bindmemfunc<IR, void (IR::*)(unsigned char)>(IR*, void (IR::*)(unsigned char))
 .text._ZNSt12simple_allocISt11_Slist_nodeIN4wink4slotIFvhEEEESt23__malloc_alloc_templateILi0EEE8allocateEj
                0x080022dc       0x28 obj\debug\main.o
                0x080022dc                std::simple_alloc<std::_Slist_node<wink::slot<void (unsigned char)> >, std::__malloc_alloc_template<0> >::allocate(unsigned int)
 .text._ZSt10_ConstructIN4wink4slotIFvhEEES3_EvPT_RKT0_
                0x08002304       0x28 obj\debug\main.o
                0x08002304                void std::_Construct<wink::slot<void (unsigned char)>, wink::slot<void (unsigned char)> >(wink::slot<void (unsigned char)>*, wink::slot<void (unsigned char)> const&)
 .text._ZN12fastdelegate6detail10ClosurePtrIMNS0_12GenericClassEFvN9stm32plus14TimerEventTypeEhEPFvS4_hES8_E11bindmemfuncI2IRMSB_FvS4_hEEEvPT_T0_
                0x0800232c       0x30 obj\debug\main.o
                0x0800232c                void fastdelegate::detail::ClosurePtr<void (fastdelegate::detail::GenericClass::*)(stm32plus::TimerEventType, unsigned char), void (*)(stm32plus::TimerEventType, unsigned char), void (*)(stm32plus::TimerEventType, unsigned char)>::bindmemfunc<IR, void (IR::*)(stm32plus::TimerEventType, unsigned char)>(IR*, void (IR::*)(stm32plus::TimerEventType, unsigned char))
 .text._ZNSt12simple_allocISt11_Slist_nodeIN4wink4slotIFvN9stm32plus14TimerEventTypeEhEEEESt23__malloc_alloc_templateILi0EEE8allocateEj
                0x0800235c       0x28 obj\debug\main.o
                0x0800235c                std::simple_alloc<std::_Slist_node<wink::slot<void (stm32plus::TimerEventType, unsigned char)> >, std::__malloc_alloc_template<0> >::allocate(unsigned int)
 .text._ZSt10_ConstructIN4wink4slotIFvN9stm32plus14TimerEventTypeEhEEES5_EvPT_RKT0_
                0x08002384       0x28 obj\debug\main.o
                0x08002384                void std::_Construct<wink::slot<void (stm32plus::TimerEventType, unsigned char)>, wink::slot<void (stm32plus::TimerEventType, unsigned char)> >(wink::slot<void (stm32plus::TimerEventType, unsigned char)>*, wink::slot<void (stm32plus::TimerEventType, unsigned char)> const&)
 .text._ZSt15__copy_backwardIPN2IR6_pulseES2_iET0_T_S4_S3_St26random_access_iterator_tagPT1_
                0x080023ac       0x50 obj\debug\main.o
                0x080023ac                IR::_pulse* std::__copy_backward<IR::_pulse*, IR::_pulse*, int>(IR::_pulse*, IR::_pulse*, IR::_pulse*, std::random_access_iterator_tag, int*)
 .text._ZN12fastdelegate13FastDelegate2IN9stm32plus14TimerEventTypeEhvE5clearEv
                0x080023fc       0x18 obj\debug\main.o
                0x080023fc                fastdelegate::FastDelegate2<stm32plus::TimerEventType, unsigned char, void>::clear()
 .text._ZSt7destroyIN2IR6_pulseEEvPT_
                0x08002414       0x18 obj\debug\main.o
                0x08002414                void std::destroy<IR::_pulse>(IR::_pulse*)
 .text._ZNSt23__malloc_alloc_templateILi0EE13_S_oom_mallocEj
                0x0800242c       0x40 obj\debug\main.o
                0x0800242c                std::__malloc_alloc_template<0>::_S_oom_malloc(unsigned int)
 .text._ZN12fastdelegate6detail15SimplifyMemFuncILi8EE7ConvertI2IRMS4_FvhEMNS0_12GenericClassEFvvEEEPS7_PT_T0_RT1_
                0x0800246c       0x24 obj\debug\main.o
                0x0800246c                fastdelegate::detail::GenericClass* fastdelegate::detail::SimplifyMemFunc<8>::Convert<IR, void (IR::*)(unsigned char), void (fastdelegate::detail::GenericClass::*)()>(IR*, void (IR::*)(unsigned char), void (fastdelegate::detail::GenericClass::*&)())
 .text._ZN12fastdelegate6detail15SimplifyMemFuncILi8EE7ConvertI2IRMS4_FvN9stm32plus14TimerEventTypeEhEMNS0_12GenericClassEFvvEEEPS9_PT_T0_RT1_
                0x08002490       0x24 obj\debug\main.o
                0x08002490                fastdelegate::detail::GenericClass* fastdelegate::detail::SimplifyMemFunc<8>::Convert<IR, void (IR::*)(stm32plus::TimerEventType, unsigned char), void (fastdelegate::detail::GenericClass::*)()>(IR*, void (IR::*)(stm32plus::TimerEventType, unsigned char), void (fastdelegate::detail::GenericClass::*&)())
 .text._ZSt8_DestroyIN2IR6_pulseEEvPT_
                0x080024b4       0x10 obj\debug\main.o
                0x080024b4                void std::_Destroy<IR::_pulse>(IR::_pulse*)
 .text._Znwj    0x080024c4       0x1c obj\debug\libraryhacks.o
                0x080024c4                operator new(unsigned int)
 .text._ZnwjPv  0x080024e0       0x14 obj\debug\libraryhacks.o
                0x080024e0                operator new(unsigned int, void*)
 .text._sbrk    0x080024f4       0x3c obj\debug\libraryhacks.o
                0x080024f4                _sbrk
 .text._ZNSt20_Slist_iterator_baseC2EPSt16_Slist_node_base
                0x08002530       0x1c ..\..\..\Downloads\arm-none-eabi\lib\stm32plus-040000\libstm32plus-debug-f030-8000000.a(Exti4_15InterruptHandler.o)
                0x08002530                std::_Slist_iterator_base::_Slist_iterator_base(std::_Slist_node_base*)
                0x08002530                std::_Slist_iterator_base::_Slist_iterator_base(std::_Slist_node_base*)
 .text._ZNSt20_Slist_iterator_base7_M_incrEv
                0x0800254c       0x18 ..\..\..\Downloads\arm-none-eabi\lib\stm32plus-040000\libstm32plus-debug-f030-8000000.a(Exti4_15InterruptHandler.o)
                0x0800254c                std::_Slist_iterator_base::_M_incr()
 .text._ZNKSt20_Slist_iterator_baseneERKS_
                0x08002564       0x24 ..\..\..\Downloads\arm-none-eabi\lib\stm32plus-040000\libstm32plus-debug-f030-8000000.a(Exti4_15InterruptHandler.o)
                0x08002564                std::_Slist_iterator_base::operator!=(std::_Slist_iterator_base const&) const
 .text.EXTI4_15_IRQHandler
                0x08002588      0x2a4 ..\..\..\Downloads\arm-none-eabi\lib\stm32plus-040000\libstm32plus-debug-f030-8000000.a(Exti4_15InterruptHandler.o)
                0x08002588                EXTI4_15_IRQHandler
 .text._ZNK4wink6signalINS_4slotIFvhEEEE10raiseEventIIiEEEvDpOT_
                0x0800282c       0x8c ..\..\..\Downloads\arm-none-eabi\lib\stm32plus-040000\libstm32plus-debug-f030-8000000.a(Exti4_15InterruptHandler.o)
                0x0800282c                void wink::signal<wink::slot<void (unsigned char)> >::raiseEvent<int>(int&&) const
                0x0800282c                void wink::signal<wink::slot<void (unsigned char)> >::raiseEvent<int>(int&&) const
 .text._ZNK4wink4slotIFvhEEclIIRiEEEvDpOT_
                0x080028b8       0x20 ..\..\..\Downloads\arm-none-eabi\lib\stm32plus-040000\libstm32plus-debug-f030-8000000.a(Exti4_15InterruptHandler.o)
                0x080028b8                void wink::slot<void (unsigned char)>::operator()<int&>(int&) const
                0x080028b8                void wink::slot<void (unsigned char)>::operator()<int&>(int&) const
 .text._ZNKSt5slistIN4wink4slotIFvhEEESaIS3_EE5beginEv
                0x080028d8       0x24 ..\..\..\Downloads\arm-none-eabi\lib\stm32plus-040000\libstm32plus-debug-f030-8000000.a(Exti4_15InterruptHandler.o)
                0x080028d8                std::slist<wink::slot<void (unsigned char)>, std::allocator<wink::slot<void (unsigned char)> > >::begin() const
 .text._ZNKSt5slistIN4wink4slotIFvhEEESaIS3_EE3endEv
                0x080028fc       0x20 ..\..\..\Downloads\arm-none-eabi\lib\stm32plus-040000\libstm32plus-debug-f030-8000000.a(Exti4_15InterruptHandler.o)
                0x080028fc                std::slist<wink::slot<void (unsigned char)>, std::allocator<wink::slot<void (unsigned char)> > >::end() const
 .text._ZNSt15_Slist_iteratorIN4wink4slotIFvhEEERKS3_PS4_EppEi
                0x0800291c       0x24 ..\..\..\Downloads\arm-none-eabi\lib\stm32plus-040000\libstm32plus-debug-f030-8000000.a(Exti4_15InterruptHandler.o)
                0x0800291c                std::_Slist_iterator<wink::slot<void (unsigned char)>, wink::slot<void (unsigned char)> const&, wink::slot<void (unsigned char)> const*>::operator++(int)
 .text._ZNKSt15_Slist_iteratorIN4wink4slotIFvhEEERKS3_PS4_EdeEv
                0x08002940       0x18 ..\..\..\Downloads\arm-none-eabi\lib\stm32plus-040000\libstm32plus-debug-f030-8000000.a(Exti4_15InterruptHandler.o)
                0x08002940                std::_Slist_iterator<wink::slot<void (unsigned char)>, wink::slot<void (unsigned char)> const&, wink::slot<void (unsigned char)> const*>::operator*() const
 .text._ZNK12fastdelegate13FastDelegate1IhvEclEh
                0x08002958       0x6c ..\..\..\Downloads\arm-none-eabi\lib\stm32plus-040000\libstm32plus-debug-f030-8000000.a(Exti4_15InterruptHandler.o)
                0x08002958                fastdelegate::FastDelegate1<unsigned char, void>::operator()(unsigned char) const
 .text._ZNSt15_Slist_iteratorIN4wink4slotIFvhEEERKS3_PS4_EC2EPSt11_Slist_nodeIS3_E
                0x080029c4       0x20 ..\..\..\Downloads\arm-none-eabi\lib\stm32plus-040000\libstm32plus-debug-f030-8000000.a(Exti4_15InterruptHandler.o)
                0x080029c4                std::_Slist_iterator<wink::slot<void (unsigned char)>, wink::slot<void (unsigned char)> const&, wink::slot<void (unsigned char)> const*>::_Slist_iterator(std::_Slist_node<wink::slot<void (unsigned char)> >*)
                0x080029c4                std::_Slist_iterator<wink::slot<void (unsigned char)>, wink::slot<void (unsigned char)> const&, wink::slot<void (unsigned char)> const*>::_Slist_iterator(std::_Slist_node<wink::slot<void (unsigned char)> >*)
 .text._ZNK12fastdelegate6detail10ClosurePtrIMNS0_12GenericClassEFvhEPFvhES6_E16GetClosureMemPtrEv
                0x080029e4       0x1c ..\..\..\Downloads\arm-none-eabi\lib\stm32plus-040000\libstm32plus-debug-f030-8000000.a(Exti4_15InterruptHandler.o)
                0x080029e4                fastdelegate::detail::ClosurePtr<void (fastdelegate::detail::GenericClass::*)(unsigned char), void (*)(unsigned char), void (*)(unsigned char)>::GetClosureMemPtr() const
 .text._ZNK12fastdelegate6detail10ClosurePtrIMNS0_12GenericClassEFvhEPFvhES6_E14GetClosureThisEv
                0x08002a00       0x14 ..\..\..\Downloads\arm-none-eabi\lib\stm32plus-040000\libstm32plus-debug-f030-8000000.a(Exti4_15InterruptHandler.o)
                0x08002a00                fastdelegate::detail::ClosurePtr<void (fastdelegate::detail::GenericClass::*)(unsigned char), void (*)(unsigned char), void (*)(unsigned char)>::GetClosureThis() const
 .text._ZN9stm32plus10StringUtil4itoaEiPci
                0x08002a14       0xb0 ..\..\..\Downloads\arm-none-eabi\lib\stm32plus-040000\libstm32plus-debug-f030-8000000.a(StringUtil.o)
                0x08002a14                stm32plus::StringUtil::itoa(int, char*, int)
 .text._ZN9stm32plus10StringUtil12modp_uitoa10EmPc
                0x08002ac4       0xb0 ..\..\..\Downloads\arm-none-eabi\lib\stm32plus-040000\libstm32plus-debug-f030-8000000.a(StringUtil.o)
                0x08002ac4                stm32plus::StringUtil::modp_uitoa10(unsigned long, char*)
 .text.TIM3_IRQHandler
                0x08002b74      0x1b4 ..\..\..\Downloads\arm-none-eabi\lib\stm32plus-040000\libstm32plus-debug-f030-8000000.a(Timer3InterruptHandler.o)
                0x08002b74                TIM3_IRQHandler
 .text._ZNK4wink6signalINS_4slotIFvN9stm32plus14TimerEventTypeEhEEEE10raiseEventIIS3_iEEEvDpOT_
                0x08002d28       0x98 ..\..\..\Downloads\arm-none-eabi\lib\stm32plus-040000\libstm32plus-debug-f030-8000000.a(Timer3InterruptHandler.o)
                0x08002d28                void wink::signal<wink::slot<void (stm32plus::TimerEventType, unsigned char)> >::raiseEvent<stm32plus::TimerEventType, int>(stm32plus::TimerEventType&&, int&&) const
                0x08002d28                void wink::signal<wink::slot<void (stm32plus::TimerEventType, unsigned char)> >::raiseEvent<stm32plus::TimerEventType, int>(stm32plus::TimerEventType&&, int&&) const
 .text._ZNK4wink4slotIFvN9stm32plus14TimerEventTypeEhEEclIIRS2_RiEEEvDpOT_
                0x08002dc0       0x28 ..\..\..\Downloads\arm-none-eabi\lib\stm32plus-040000\libstm32plus-debug-f030-8000000.a(Timer3InterruptHandler.o)
                0x08002dc0                void wink::slot<void (stm32plus::TimerEventType, unsigned char)>::operator()<stm32plus::TimerEventType&, int&>(stm32plus::TimerEventType&, int&) const
                0x08002dc0                void wink::slot<void (stm32plus::TimerEventType, unsigned char)>::operator()<stm32plus::TimerEventType&, int&>(stm32plus::TimerEventType&, int&) const
 .text._ZNKSt5slistIN4wink4slotIFvN9stm32plus14TimerEventTypeEhEEESaIS5_EE5beginEv
                0x08002de8       0x24 ..\..\..\Downloads\arm-none-eabi\lib\stm32plus-040000\libstm32plus-debug-f030-8000000.a(Timer3InterruptHandler.o)
                0x08002de8                std::slist<wink::slot<void (stm32plus::TimerEventType, unsigned char)>, std::allocator<wink::slot<void (stm32plus::TimerEventType, unsigned char)> > >::begin() const
 .text._ZNKSt5slistIN4wink4slotIFvN9stm32plus14TimerEventTypeEhEEESaIS5_EE3endEv
                0x08002e0c       0x20 ..\..\..\Downloads\arm-none-eabi\lib\stm32plus-040000\libstm32plus-debug-f030-8000000.a(Timer3InterruptHandler.o)
                0x08002e0c                std::slist<wink::slot<void (stm32plus::TimerEventType, unsigned char)>, std::allocator<wink::slot<void (stm32plus::TimerEventType, unsigned char)> > >::end() const
 .text._ZNSt15_Slist_iteratorIN4wink4slotIFvN9stm32plus14TimerEventTypeEhEEERKS5_PS6_EppEi
                0x08002e2c       0x24 ..\..\..\Downloads\arm-none-eabi\lib\stm32plus-040000\libstm32plus-debug-f030-8000000.a(Timer3InterruptHandler.o)
                0x08002e2c                std::_Slist_iterator<wink::slot<void (stm32plus::TimerEventType, unsigned char)>, wink::slot<void (stm32plus::TimerEventType, unsigned char)> const&, wink::slot<void (stm32plus::TimerEventType, unsigned char)> const*>::operator++(int)
 .text._ZNKSt15_Slist_iteratorIN4wink4slotIFvN9stm32plus14TimerEventTypeEhEEERKS5_PS6_EdeEv
                0x08002e50       0x18 ..\..\..\Downloads\arm-none-eabi\lib\stm32plus-040000\libstm32plus-debug-f030-8000000.a(Timer3InterruptHandler.o)
                0x08002e50                std::_Slist_iterator<wink::slot<void (stm32plus::TimerEventType, unsigned char)>, wink::slot<void (stm32plus::TimerEventType, unsigned char)> const&, wink::slot<void (stm32plus::TimerEventType, unsigned char)> const*>::operator*() const
 .text._ZNK12fastdelegate13FastDelegate2IN9stm32plus14TimerEventTypeEhvEclES2_h
                0x08002e68       0x6c ..\..\..\Downloads\arm-none-eabi\lib\stm32plus-040000\libstm32plus-debug-f030-8000000.a(Timer3InterruptHandler.o)
                0x08002e68                fastdelegate::FastDelegate2<stm32plus::TimerEventType, unsigned char, void>::operator()(stm32plus::TimerEventType, unsigned char) const
 .text._ZNSt15_Slist_iteratorIN4wink4slotIFvN9stm32plus14TimerEventTypeEhEEERKS5_PS6_EC2EPSt11_Slist_nodeIS5_E
                0x08002ed4       0x20 ..\..\..\Downloads\arm-none-eabi\lib\stm32plus-040000\libstm32plus-debug-f030-8000000.a(Timer3InterruptHandler.o)
                0x08002ed4                std::_Slist_iterator<wink::slot<void (stm32plus::TimerEventType, unsigned char)>, wink::slot<void (stm32plus::TimerEventType, unsigned char)> const&, wink::slot<void (stm32plus::TimerEventType, unsigned char)> const*>::_Slist_iterator(std::_Slist_node<wink::slot<void (stm32plus::TimerEventType, unsigned char)> >*)
                0x08002ed4                std::_Slist_iterator<wink::slot<void (stm32plus::TimerEventType, unsigned char)>, wink::slot<void (stm32plus::TimerEventType, unsigned char)> const&, wink::slot<void (stm32plus::TimerEventType, unsigned char)> const*>::_Slist_iterator(std::_Slist_node<wink::slot<void (stm32plus::TimerEventType, unsigned char)> >*)
 .text._ZNK12fastdelegate6detail10ClosurePtrIMNS0_12GenericClassEFvN9stm32plus14TimerEventTypeEhEPFvS4_hES8_E16GetClosureMemPtrEv
                0x08002ef4       0x1c ..\..\..\Downloads\arm-none-eabi\lib\stm32plus-040000\libstm32plus-debug-f030-8000000.a(Timer3InterruptHandler.o)
                0x08002ef4                fastdelegate::detail::ClosurePtr<void (fastdelegate::detail::GenericClass::*)(stm32plus::TimerEventType, unsigned char), void (*)(stm32plus::TimerEventType, unsigned char), void (*)(stm32plus::TimerEventType, unsigned char)>::GetClosureMemPtr() const
 .text._ZNK12fastdelegate6detail10ClosurePtrIMNS0_12GenericClassEFvN9stm32plus14TimerEventTypeEhEPFvS4_hES8_E14GetClosureThisEv
                0x08002f10       0x14 ..\..\..\Downloads\arm-none-eabi\lib\stm32plus-040000\libstm32plus-debug-f030-8000000.a(Timer3InterruptHandler.o)
                0x08002f10                fastdelegate::detail::ClosurePtr<void (fastdelegate::detail::GenericClass::*)(stm32plus::TimerEventType, unsigned char), void (*)(stm32plus::TimerEventType, unsigned char), void (*)(stm32plus::TimerEventType, unsigned char)>::GetClosureThis() const
 .text.NVIC_SetPriority
                0x08002f24       0xe0 ..\..\..\Downloads\arm-none-eabi\lib\stm32plus-040000\libstm32plus-debug-f030-8000000.a(MillisecondTimer.o)
 .text.SysTick_Config
                0x08003004       0x48 ..\..\..\Downloads\arm-none-eabi\lib\stm32plus-040000\libstm32plus-debug-f030-8000000.a(MillisecondTimer.o)
 .text._ZN9stm32plus16MillisecondTimer10initialiseEv
                0x0800304c       0x2c ..\..\..\Downloads\arm-none-eabi\lib\stm32plus-040000\libstm32plus-debug-f030-8000000.a(MillisecondTimer.o)
                0x0800304c                stm32plus::MillisecondTimer::initialise()
 .text.SysTick_Handler
                0x08003078       0x18 ..\..\..\Downloads\arm-none-eabi\lib\stm32plus-040000\libstm32plus-debug-f030-8000000.a(MillisecondTimer.o)
                0x08003078                SysTick_Handler
 .text.EXTI_Init
                0x08003090       0xd8 ..\..\..\Downloads\arm-none-eabi\lib\stm32plus-040000\libstm32plus-debug-f030-8000000.a(stm32f0xx_exti.o)
                0x08003090                EXTI_Init
 .text.EXTI_GetITStatus
                0x08003168       0x40 ..\..\..\Downloads\arm-none-eabi\lib\stm32plus-040000\libstm32plus-debug-f030-8000000.a(stm32f0xx_exti.o)
                0x08003168                EXTI_GetITStatus
 .text.EXTI_ClearITPendingBit
                0x080031a8       0x18 ..\..\..\Downloads\arm-none-eabi\lib\stm32plus-040000\libstm32plus-debug-f030-8000000.a(stm32f0xx_exti.o)
                0x080031a8                EXTI_ClearITPendingBit
 .text.GPIO_Init
                0x080031c0      0x138 ..\..\..\Downloads\arm-none-eabi\lib\stm32plus-040000\libstm32plus-debug-f030-8000000.a(stm32f0xx_gpio.o)
                0x080031c0                GPIO_Init
 .text.GPIO_ReadInputDataBit
                0x080032f8       0x48 ..\..\..\Downloads\arm-none-eabi\lib\stm32plus-040000\libstm32plus-debug-f030-8000000.a(stm32f0xx_gpio.o)
                0x080032f8                GPIO_ReadInputDataBit
 .text.NVIC_Init
                0x08003340       0xac ..\..\..\Downloads\arm-none-eabi\lib\stm32plus-040000\libstm32plus-debug-f030-8000000.a(stm32f0xx_misc.o)
                0x08003340                NVIC_Init
 .text.RCC_AHBPeriphClockCmd
                0x080033ec       0x3c ..\..\..\Downloads\arm-none-eabi\lib\stm32plus-040000\libstm32plus-debug-f030-8000000.a(stm32f0xx_rcc.o)
                0x080033ec                RCC_AHBPeriphClockCmd
 .text.RCC_APB2PeriphClockCmd
                0x08003428       0x3c ..\..\..\Downloads\arm-none-eabi\lib\stm32plus-040000\libstm32plus-debug-f030-8000000.a(stm32f0xx_rcc.o)
                0x08003428                RCC_APB2PeriphClockCmd
 .text.RCC_APB1PeriphClockCmd
                0x08003464       0x3c ..\..\..\Downloads\arm-none-eabi\lib\stm32plus-040000\libstm32plus-debug-f030-8000000.a(stm32f0xx_rcc.o)
                0x08003464                RCC_APB1PeriphClockCmd
 .text.SYSCFG_EXTILineConfig
                0x080034a0       0x90 ..\..\..\Downloads\arm-none-eabi\lib\stm32plus-040000\libstm32plus-debug-f030-8000000.a(stm32f0xx_syscfg.o)
                0x080034a0                SYSCFG_EXTILineConfig
 .text.TIM_TimeBaseInit
                0x08003530       0xf0 ..\..\..\Downloads\arm-none-eabi\lib\stm32plus-040000\libstm32plus-debug-f030-8000000.a(stm32f0xx_tim.o)
                0x08003530                TIM_TimeBaseInit
 .text.TIM_TimeBaseStructInit
                0x08003620       0x30 ..\..\..\Downloads\arm-none-eabi\lib\stm32plus-040000\libstm32plus-debug-f030-8000000.a(stm32f0xx_tim.o)
                0x08003620                TIM_TimeBaseStructInit
 .text.TIM_SetCounter
                0x08003650       0x18 ..\..\..\Downloads\arm-none-eabi\lib\stm32plus-040000\libstm32plus-debug-f030-8000000.a(stm32f0xx_tim.o)
                0x08003650                TIM_SetCounter
 .text.TIM_GetCounter
                0x08003668       0x14 ..\..\..\Downloads\arm-none-eabi\lib\stm32plus-040000\libstm32plus-debug-f030-8000000.a(stm32f0xx_tim.o)
                0x08003668                TIM_GetCounter
 .text.TIM_Cmd  0x0800367c       0x40 ..\..\..\Downloads\arm-none-eabi\lib\stm32plus-040000\libstm32plus-debug-f030-8000000.a(stm32f0xx_tim.o)
                0x0800367c                TIM_Cmd
 .text.TIM_ITConfig
                0x080036bc       0x48 ..\..\..\Downloads\arm-none-eabi\lib\stm32plus-040000\libstm32plus-debug-f030-8000000.a(stm32f0xx_tim.o)
                0x080036bc                TIM_ITConfig
 .text.TIM_GetITStatus
                0x08003704       0x80 ..\..\..\Downloads\arm-none-eabi\lib\stm32plus-040000\libstm32plus-debug-f030-8000000.a(stm32f0xx_tim.o)
                0x08003704                TIM_GetITStatus
 .text.TIM_ClearITPendingBit
                0x08003784       0x20 ..\..\..\Downloads\arm-none-eabi\lib\stm32plus-040000\libstm32plus-debug-f030-8000000.a(stm32f0xx_tim.o)
                0x08003784                TIM_ClearITPendingBit
 .text.TIM_InternalClockConfig
                0x080037a4       0x20 ..\..\..\Downloads\arm-none-eabi\lib\stm32plus-040000\libstm32plus-debug-f030-8000000.a(stm32f0xx_tim.o)
                0x080037a4                TIM_InternalClockConfig
 .text.malloc   0x080037c4       0x14 c:/program files (x86)/emblocks/2.30/share/em_armgcc/bin/../lib/gcc/arm-none-eabi/4.7.3/../../../../arm-none-eabi/lib/armv6-m\libc_f.a(lib_a-malloc.o)
                0x080037c4                malloc
 .text.free     0x080037d8       0x14 c:/program files (x86)/emblocks/2.30/share/em_armgcc/bin/../lib/gcc/arm-none-eabi/4.7.3/../../../../arm-none-eabi/lib/armv6-m\libc_f.a(lib_a-malloc.o)
                0x080037d8                free
 .text._malloc_r
                0x080037ec      0x538 c:/program files (x86)/emblocks/2.30/share/em_armgcc/bin/../lib/gcc/arm-none-eabi/4.7.3/../../../../arm-none-eabi/lib/armv6-m\libc_f.a(lib_a-mallocr.o)
                0x080037ec                _malloc_r
 .text.__malloc_lock
                0x08003d24        0x4 c:/program files (x86)/emblocks/2.30/share/em_armgcc/bin/../lib/gcc/arm-none-eabi/4.7.3/../../../../arm-none-eabi/lib/armv6-m\libc_f.a(lib_a-mlock.o)
                0x08003d24                __malloc_lock
 .text.__malloc_unlock
                0x08003d28        0x4 c:/program files (x86)/emblocks/2.30/share/em_armgcc/bin/../lib/gcc/arm-none-eabi/4.7.3/../../../../arm-none-eabi/lib/armv6-m\libc_f.a(lib_a-mlock.o)
                0x08003d28                __malloc_unlock
 .text._sbrk_r  0x08003d2c       0x24 c:/program files (x86)/emblocks/2.30/share/em_armgcc/bin/../lib/gcc/arm-none-eabi/4.7.3/../../../../arm-none-eabi/lib/armv6-m\libc_f.a(lib_a-sbrkr.o)
                0x08003d2c                _sbrk_r
 .text._malloc_trim_r
                0x08003d50       0xa0 c:/program files (x86)/emblocks/2.30/share/em_armgcc/bin/../lib/gcc/arm-none-eabi/4.7.3/../../../../arm-none-eabi/lib/armv6-m\libc_f.a(lib_a-freer.o)
                0x08003d50                _malloc_trim_r
 .text._free_r  0x08003df0      0x194 c:/program files (x86)/emblocks/2.30/share/em_armgcc/bin/../lib/gcc/arm-none-eabi/4.7.3/../../../../arm-none-eabi/lib/armv6-m\libc_f.a(lib_a-freer.o)
                0x08003df0                _free_r
 *(.rodata)
 .rodata        0x08003f84       0x30 obj\debug\main.o
 .rodata        0x08003fb4       0x64 ..\..\..\Downloads\arm-none-eabi\lib\stm32plus-040000\libstm32plus-debug-f030-8000000.a(StringUtil.o)
 *(.rodata*)
 .rodata.str1.4
                0x08004018        0x4 c:/program files (x86)/emblocks/2.30/share/em_armgcc/bin/../lib/gcc/arm-none-eabi/4.7.3/../../../../arm-none-eabi/lib/armv6-m\libc_f.a(lib_a-impure.o)
 *(.glue_7)
 .glue_7        0x00000000        0x0 linker stubs
 *(.glue_7t)
 .glue_7t       0x00000000        0x0 linker stubs
 *(.eh_frame)
 *(.init)
 *(.fini)
                0x0800401c                . = ALIGN (0x4)
                0x0800401c                _etext = .

.vfp11_veneer   0x0800401c        0x0
 .vfp11_veneer  0x00000000        0x0 linker stubs

.v4_bx          0x0800401c        0x0
 .v4_bx         0x00000000        0x0 linker stubs

.iplt           0x0800401c        0x0
 .iplt          0x00000000        0x0 obj\debug\startup.o

.rel.dyn        0x0800401c        0x0
 .rel.iplt      0x00000000        0x0 obj\debug\startup.o

.ARM.extab
 *(.ARM.extab* .gnu.linkonce.armextab.*)

.ARM            0x0800401c        0x0
                0x0800401c                __exidx_start = .
 *(.ARM.exidx*)
                0x0800401c                __exidx_end = .

.preinit_array  0x0800401c        0x0
                0x0800401c                PROVIDE (__preinit_array_start, .)
 *(.preinit_array*)
                0x0800401c                PROVIDE (__preinit_array_end, .)

.init_array     0x0800401c        0x0
                0x0800401c                PROVIDE (__init_array_start, .)
 *(SORT(.init_array.*))
 *(.init_array*)
                0x0800401c                PROVIDE (__init_array_end, .)

.fini_array     0x0800401c        0x0
                0x0800401c                PROVIDE (__fini_array_start, .)
 *(.fini_array*)
 *(SORT(.fini_array.*))
                0x0800401c                PROVIDE (__fini_array_end, .)
                0x0800401c                _sidata = .

.data           0x20000000      0x844 load address 0x0800401c
                0x20000000                . = ALIGN (0x4)
                0x20000000                _sdata = .
 *(.data)
 *(.data*)
 .data.SystemCoreClock
                0x20000000        0x4 obj\debug\system.o
                0x20000000                SystemCoreClock
 .data.__malloc_av_
                0x20000004      0x408 c:/program files (x86)/emblocks/2.30/share/em_armgcc/bin/../lib/gcc/arm-none-eabi/4.7.3/../../../../arm-none-eabi/lib/armv6-m\libc_f.a(lib_a-mallocr.o)
                0x20000004                __malloc_av_
 .data.__malloc_trim_threshold
                0x2000040c        0x4 c:/program files (x86)/emblocks/2.30/share/em_armgcc/bin/../lib/gcc/arm-none-eabi/4.7.3/../../../../arm-none-eabi/lib/armv6-m\libc_f.a(lib_a-mallocr.o)
                0x2000040c                __malloc_trim_threshold
 .data.__malloc_sbrk_base
                0x20000410        0x4 c:/program files (x86)/emblocks/2.30/share/em_armgcc/bin/../lib/gcc/arm-none-eabi/4.7.3/../../../../arm-none-eabi/lib/armv6-m\libc_f.a(lib_a-mallocr.o)
                0x20000410                __malloc_sbrk_base
 *fill*         0x20000414        0x4 
 .data.impure_data
                0x20000418      0x428 c:/program files (x86)/emblocks/2.30/share/em_armgcc/bin/../lib/gcc/arm-none-eabi/4.7.3/../../../../arm-none-eabi/lib/armv6-m\libc_f.a(lib_a-impure.o)
 .data._impure_ptr
                0x20000840        0x4 c:/program files (x86)/emblocks/2.30/share/em_armgcc/bin/../lib/gcc/arm-none-eabi/4.7.3/../../../../arm-none-eabi/lib/armv6-m\libc_f.a(lib_a-impure.o)
                0x20000840                _impure_ptr
                0x20000844                . = ALIGN (0x4)
                0x20000844                _edata = .

.igot.plt       0x20000844        0x0 load address 0x08004860
 .igot.plt      0x00000000        0x0 obj\debug\startup.o
                0x20000844                . = ALIGN (0x4)

.bss            0x20000844       0x8c load address 0x08004860
                0x20000844                _sbss = .
                0x20000844                __bss_start__ = _sbss
 *(.bss)
 *(.bss*)
 .bss._ZNSt23__malloc_alloc_templateILi0EE26__malloc_alloc_oom_handlerE
                0x20000844        0x4 obj\debug\main.o
                0x20000844                std::__malloc_alloc_template<0>::__malloc_alloc_oom_handler
 .bss._ZN9stm32plus20ExtiInterruptEnablerILh6EE13_forceLinkageE
                0x20000848        0x4 obj\debug\main.o
                0x20000848                stm32plus::ExtiInterruptEnabler<(unsigned char)6>::_forceLinkage
 .bss._ZN9stm32plus21TimerInterruptFeatureILh3EE14_timerInstanceE
                0x2000084c        0x4 obj\debug\main.o
                0x2000084c                stm32plus::TimerInterruptFeature<(unsigned char)3>::_timerInstance
 .bss._ZZN2IR16Exti_onInterruptEhE9ThisPulse
                0x20000850        0x8 obj\debug\main.o
                0x20000850                IR::Exti_onInterrupt(unsigned char)::ThisPulse
 .bss._ZZ5_sbrkE4heap
                0x20000858        0x4 obj\debug\libraryhacks.o
 .bss._ZN9stm32plus5shostE
                0x2000085c        0x4 ..\..\..\Downloads\arm-none-eabi\lib\stm32plus-040000\libstm32plus-debug-f030-8000000.a(SemiHosting.o)
                0x2000085c                stm32plus::shost
 .bss._ZN9stm32plus14ExtiPeripheralILm16EE13_extiInstanceE
                0x20000860        0x4 ..\..\..\Downloads\arm-none-eabi\lib\stm32plus-040000\libstm32plus-debug-f030-8000000.a(Exti4_15InterruptHandler.o)
                0x20000860                stm32plus::ExtiPeripheral<16ul>::_extiInstance
 .bss._ZN9stm32plus14ExtiPeripheralILm32EE13_extiInstanceE
                0x20000864        0x4 ..\..\..\Downloads\arm-none-eabi\lib\stm32plus-040000\libstm32plus-debug-f030-8000000.a(Exti4_15InterruptHandler.o)
                0x20000864                stm32plus::ExtiPeripheral<32ul>::_extiInstance
 .bss._ZN9stm32plus14ExtiPeripheralILm64EE13_extiInstanceE
                0x20000868        0x4 ..\..\..\Downloads\arm-none-eabi\lib\stm32plus-040000\libstm32plus-debug-f030-8000000.a(Exti4_15InterruptHandler.o)
                0x20000868                stm32plus::ExtiPeripheral<64ul>::_extiInstance
 .bss._ZN9stm32plus14ExtiPeripheralILm128EE13_extiInstanceE
                0x2000086c        0x4 ..\..\..\Downloads\arm-none-eabi\lib\stm32plus-040000\libstm32plus-debug-f030-8000000.a(Exti4_15InterruptHandler.o)
                0x2000086c                stm32plus::ExtiPeripheral<128ul>::_extiInstance
 .bss._ZN9stm32plus14ExtiPeripheralILm256EE13_extiInstanceE
                0x20000870        0x4 ..\..\..\Downloads\arm-none-eabi\lib\stm32plus-040000\libstm32plus-debug-f030-8000000.a(Exti4_15InterruptHandler.o)
                0x20000870                stm32plus::ExtiPeripheral<256ul>::_extiInstance
 .bss._ZN9stm32plus14ExtiPeripheralILm512EE13_extiInstanceE
                0x20000874        0x4 ..\..\..\Downloads\arm-none-eabi\lib\stm32plus-040000\libstm32plus-debug-f030-8000000.a(Exti4_15InterruptHandler.o)
                0x20000874                stm32plus::ExtiPeripheral<512ul>::_extiInstance
 .bss._ZN9stm32plus14ExtiPeripheralILm1024EE13_extiInstanceE
                0x20000878        0x4 ..\..\..\Downloads\arm-none-eabi\lib\stm32plus-040000\libstm32plus-debug-f030-8000000.a(Exti4_15InterruptHandler.o)
                0x20000878                stm32plus::ExtiPeripheral<1024ul>::_extiInstance
 .bss._ZN9stm32plus14ExtiPeripheralILm2048EE13_extiInstanceE
                0x2000087c        0x4 ..\..\..\Downloads\arm-none-eabi\lib\stm32plus-040000\libstm32plus-debug-f030-8000000.a(Exti4_15InterruptHandler.o)
                0x2000087c                stm32plus::ExtiPeripheral<2048ul>::_extiInstance
 .bss._ZN9stm32plus14ExtiPeripheralILm4096EE13_extiInstanceE
                0x20000880        0x4 ..\..\..\Downloads\arm-none-eabi\lib\stm32plus-040000\libstm32plus-debug-f030-8000000.a(Exti4_15InterruptHandler.o)
                0x20000880                stm32plus::ExtiPeripheral<4096ul>::_extiInstance
 .bss._ZN9stm32plus14ExtiPeripheralILm8192EE13_extiInstanceE
                0x20000884        0x4 ..\..\..\Downloads\arm-none-eabi\lib\stm32plus-040000\libstm32plus-debug-f030-8000000.a(Exti4_15InterruptHandler.o)
                0x20000884                stm32plus::ExtiPeripheral<8192ul>::_extiInstance
 .bss._ZN9stm32plus14ExtiPeripheralILm16384EE13_extiInstanceE
                0x20000888        0x4 ..\..\..\Downloads\arm-none-eabi\lib\stm32plus-040000\libstm32plus-debug-f030-8000000.a(Exti4_15InterruptHandler.o)
                0x20000888                stm32plus::ExtiPeripheral<16384ul>::_extiInstance
 .bss._ZN9stm32plus14ExtiPeripheralILm32768EE13_extiInstanceE
                0x2000088c        0x4 ..\..\..\Downloads\arm-none-eabi\lib\stm32plus-040000\libstm32plus-debug-f030-8000000.a(Exti4_15InterruptHandler.o)
                0x2000088c                stm32plus::ExtiPeripheral<32768ul>::_extiInstance
 .bss._ZN9stm32plus28TimerInterruptFeatureEnablerILh3EE13_forceLinkageE
                0x20000890        0x4 ..\..\..\Downloads\arm-none-eabi\lib\stm32plus-040000\libstm32plus-debug-f030-8000000.a(Timer3InterruptHandler.o)
                0x20000890                stm32plus::TimerInterruptFeatureEnabler<(unsigned char)3>::_forceLinkage
 .bss._ZN9stm32plus16MillisecondTimer8_counterE
                0x20000894        0x4 ..\..\..\Downloads\arm-none-eabi\lib\stm32plus-040000\libstm32plus-debug-f030-8000000.a(MillisecondTimer.o)
                0x20000894                stm32plus::MillisecondTimer::_counter
 .bss.__malloc_max_total_mem
                0x20000898        0x4 c:/program files (x86)/emblocks/2.30/share/em_armgcc/bin/../lib/gcc/arm-none-eabi/4.7.3/../../../../arm-none-eabi/lib/armv6-m\libc_f.a(lib_a-mallocr.o)
                0x20000898                __malloc_max_total_mem
 .bss.__malloc_max_sbrked_mem
                0x2000089c        0x4 c:/program files (x86)/emblocks/2.30/share/em_armgcc/bin/../lib/gcc/arm-none-eabi/4.7.3/../../../../arm-none-eabi/lib/armv6-m\libc_f.a(lib_a-mallocr.o)
                0x2000089c                __malloc_max_sbrked_mem
 .bss.__malloc_top_pad
                0x200008a0        0x4 c:/program files (x86)/emblocks/2.30/share/em_armgcc/bin/../lib/gcc/arm-none-eabi/4.7.3/../../../../arm-none-eabi/lib/armv6-m\libc_f.a(lib_a-mallocr.o)
                0x200008a0                __malloc_top_pad
 .bss.__malloc_current_mallinfo
                0x200008a4       0x28 c:/program files (x86)/emblocks/2.30/share/em_armgcc/bin/../lib/gcc/arm-none-eabi/4.7.3/../../../../arm-none-eabi/lib/armv6-m\libc_f.a(lib_a-mallocr.o)
                0x200008a4                __malloc_current_mallinfo
 *(COMMON)
 COMMON         0x200008cc        0x4 c:/program files (x86)/emblocks/2.30/share/em_armgcc/bin/../lib/gcc/arm-none-eabi/4.7.3/../../../../arm-none-eabi/lib/armv6-m\libc_f.a(lib_a-reent.o)
                0x200008cc                errno
                0x200008d0                . = ALIGN (0x4)
                0x200008d0                _ebss = .
                0x200008d0                __bss_end__ = _ebss

._user_heap_stack
                0x200008d0      0x400 load address 0x080048ec
                0x200008d0                . = ALIGN (0x4)
                0x200008d0                PROVIDE (end, .)
                0x200008d0                PROVIDE (_end, .)
                0x200008d0                . = (. + _Min_Heap_Size)
                0x20000cd0                . = (. + _Min_Stack_Size)
 *fill*         0x200008d0      0x400 
                0x20000cd0                . = ALIGN (0x4)

.memory_b1_text
 *(.mb1text)
 *(.mb1text*)
 *(.mb1rodata)
 *(.mb1rodata*)

/DISCARD/
 libc.a(*)
 libm.a(*)
 libgcc.a(*)

.ARM.attributes
                0x00000000       0x2d
 *(.ARM.attributes)
 .ARM.attributes
                0x00000000       0x21 obj\debug\startup.o
 .ARM.attributes
                0x00000021       0x31 obj\debug\system.o
 .ARM.attributes
                0x00000052       0x31 obj\debug\main.o
 .ARM.attributes
                0x00000083       0x31 obj\debug\libraryhacks.o
 .ARM.attributes
                0x000000b4       0x31 ..\..\..\Downloads\arm-none-eabi\lib\stm32plus-040000\libstm32plus-debug-f030-8000000.a(SemiHosting.o)
 .ARM.attributes
                0x000000e5       0x31 ..\..\..\Downloads\arm-none-eabi\lib\stm32plus-040000\libstm32plus-debug-f030-8000000.a(Exti4_15InterruptHandler.o)
 .ARM.attributes
                0x00000116       0x31 ..\..\..\Downloads\arm-none-eabi\lib\stm32plus-040000\libstm32plus-debug-f030-8000000.a(StringUtil.o)
 .ARM.attributes
                0x00000147       0x31 ..\..\..\Downloads\arm-none-eabi\lib\stm32plus-040000\libstm32plus-debug-f030-8000000.a(Timer3InterruptHandler.o)
 .ARM.attributes
                0x00000178       0x31 ..\..\..\Downloads\arm-none-eabi\lib\stm32plus-040000\libstm32plus-debug-f030-8000000.a(MillisecondTimer.o)
 .ARM.attributes
                0x000001a9       0x31 ..\..\..\Downloads\arm-none-eabi\lib\stm32plus-040000\libstm32plus-debug-f030-8000000.a(stm32f0xx_exti.o)
 .ARM.attributes
                0x000001da       0x31 ..\..\..\Downloads\arm-none-eabi\lib\stm32plus-040000\libstm32plus-debug-f030-8000000.a(stm32f0xx_gpio.o)
 .ARM.attributes
                0x0000020b       0x31 ..\..\..\Downloads\arm-none-eabi\lib\stm32plus-040000\libstm32plus-debug-f030-8000000.a(stm32f0xx_misc.o)
 .ARM.attributes
                0x0000023c       0x31 ..\..\..\Downloads\arm-none-eabi\lib\stm32plus-040000\libstm32plus-debug-f030-8000000.a(stm32f0xx_rcc.o)
 .ARM.attributes
                0x0000026d       0x31 ..\..\..\Downloads\arm-none-eabi\lib\stm32plus-040000\libstm32plus-debug-f030-8000000.a(stm32f0xx_syscfg.o)
 .ARM.attributes
                0x0000029e       0x31 ..\..\..\Downloads\arm-none-eabi\lib\stm32plus-040000\libstm32plus-debug-f030-8000000.a(stm32f0xx_tim.o)
 .ARM.attributes
                0x000002cf       0x1e c:/program files (x86)/emblocks/2.30/share/em_armgcc/bin/../lib/gcc/arm-none-eabi/4.7.3/armv6-m\libgcc.a(_udivsi3.o)
 .ARM.attributes
                0x000002ed       0x1e c:/program files (x86)/emblocks/2.30/share/em_armgcc/bin/../lib/gcc/arm-none-eabi/4.7.3/armv6-m\libgcc.a(_divsi3.o)
 .ARM.attributes
                0x0000030b       0x1e c:/program files (x86)/emblocks/2.30/share/em_armgcc/bin/../lib/gcc/arm-none-eabi/4.7.3/armv6-m\libgcc.a(_dvmd_tls.o)
 .ARM.attributes
                0x00000329       0x28 c:/program files (x86)/emblocks/2.30/share/em_armgcc/bin/../lib/gcc/arm-none-eabi/4.7.3/../../../../arm-none-eabi/lib/armv6-m\libc_f.a(lib_a-malloc.o)
 .ARM.attributes
                0x00000351       0x28 c:/program files (x86)/emblocks/2.30/share/em_armgcc/bin/../lib/gcc/arm-none-eabi/4.7.3/../../../../arm-none-eabi/lib/armv6-m\libc_f.a(lib_a-mallocr.o)
 .ARM.attributes